2025-10-31 15:49:05.657 23564-23564 System.out              com.suleman.eagleeye                 I  Distance: 23.973043256313755
2025-10-31 15:49:05.657 23564-23564 EAGEELYYEE              com.suleman.eagleeye                 D  Distance23.973043256313755
2025-10-31 15:49:05.657 23564-23564 Waypoint Angle          com.suleman.eagleeye                 D  -47.84462356567383
2025-10-31 15:49:05.660 23564-23564 SessionUtils            com.suleman.eagleeye                 D  Saved 51 waypoints to preferences
2025-10-31 15:49:05.665 23564-23564 EAGEELYYEE              com.suleman.eagleeye                 D  Height Difference - -26.48
2025-10-31 15:49:05.665 23564-23564 System.out              com.suleman.eagleeye                 I  Distance: 23.97304449567569
2025-10-31 15:49:05.665 23564-23564 EAGEELYYEE              com.suleman.eagleeye                 D  Distance23.97304449567569
2025-10-31 15:49:05.665 23564-23564 Waypoint Angle          com.suleman.eagleeye                 D  -47.84462356567383
2025-10-31 15:49:05.668 23564-23564 SessionUtils            com.suleman.eagleeye                 D  Saved 52 waypoints to preferences
2025-10-31 15:49:05.673 23564-23564 EAGEELYYEE              com.suleman.eagleeye                 D  Height Difference - -26.48
2025-10-31 15:49:05.673 23564-23564 System.out              com.suleman.eagleeye                 I  Distance: 23.97304548241939
2025-10-31 15:49:05.673 23564-23564 EAGEELYYEE              com.suleman.eagleeye                 D  Distance23.97304548241939
2025-10-31 15:49:05.673 23564-23564 Waypoint Angle          com.suleman.eagleeye                 D  -47.84462356567383
2025-10-31 15:49:05.676 23564-23564 SessionUtils            com.suleman.eagleeye                 D  Saved 53 waypoints to preferences
2025-10-31 15:49:05.682 23564-23564 EAGEELYYEE              com.suleman.eagleeye                 D  Height Difference - -26.48
2025-10-31 15:49:05.682 23564-23564 System.out              com.suleman.eagleeye                 I  Distance: 23.973046143377868
2025-10-31 15:49:05.682 23564-23564 EAGEELYYEE              com.suleman.eagleeye                 D  Distance23.973046143377868
2025-10-31 15:49:05.682 23564-23564 Waypoint Angle          com.suleman.eagleeye                 D  -47.84462356567383
2025-10-31 15:49:05.685 23564-23564 SessionUtils            com.suleman.eagleeye                 D  Saved 54 waypoints to preferences
2025-10-31 15:49:05.690 23564-23564 EAGEELYYEE              com.suleman.eagleeye                 D  Height Difference - -26.48
2025-10-31 15:49:05.690 23564-23564 System.out              com.suleman.eagleeye                 I  Distance: 23.97304641979267
2025-10-31 15:49:05.690 23564-23564 EAGEELYYEE              com.suleman.eagleeye                 D  Distance23.97304641979267
2025-10-31 15:49:05.690 23564-23564 Waypoint Angle          com.suleman.eagleeye                 D  -47.84461975097656
2025-10-31 15:49:05.693 23564-23564 SessionUtils            com.suleman.eagleeye                 D  Saved 55 waypoints to preferences
2025-10-31 15:49:05.698 23564-23564 EAGEELYYEE              com.suleman.eagleeye                 D  Height Difference - -26.48
2025-10-31 15:49:05.698 23564-23564 System.out              com.suleman.eagleeye                 I  Distance: 23.973046274241465
2025-10-31 15:49:05.698 23564-23564 EAGEELYYEE              com.suleman.eagleeye                 D  Distance23.973046274241465
2025-10-31 15:49:05.698 23564-23564 Waypoint Angle          com.suleman.eagleeye                 D  -47.84462356567383
2025-10-31 15:49:05.701 23564-23564 SessionUtils            com.suleman.eagleeye                 D  Saved 56 waypoints to preferences
2025-10-31 15:49:05.706 23564-23564 EAGEELYYEE              com.suleman.eagleeye                 D  Height Difference - -26.48
2025-10-31 15:49:05.706 23564-23564 System.out              com.suleman.eagleeye                 I  Distance: 23.973045689986066
2025-10-31 15:49:05.706 23564-23564 EAGEELYYEE              com.suleman.eagleeye                 D  Distance23.973045689986066
2025-10-31 15:49:05.706 23564-23564 Waypoint Angle          com.suleman.eagleeye                 D  -47.84462356567383
2025-10-31 15:49:05.709 23564-23564 SessionUtils            com.suleman.eagleeye                 D  Saved 57 waypoints to preferences
2025-10-31 15:49:05.714 23564-23564 EAGEELYYEE              com.suleman.eagleeye                 D  Height Difference - -26.48
2025-10-31 15:49:05.714 23564-23564 System.out              com.suleman.eagleeye                 I  Distance: 23.973044673801095
2025-10-31 15:49:05.714 23564-23564 EAGEELYYEE              com.suleman.eagleeye                 D  Distance23.973044673801095
2025-10-31 15:49:05.714 23564-23564 Waypoint Angle          com.suleman.eagleeye                 D  -47.84462356567383
2025-10-31 15:49:05.717 23564-23564 SessionUtils            com.suleman.eagleeye                 D  Saved 58 waypoints to preferences
2025-10-31 15:49:05.723 23564-23564 EAGEELYYEE              com.suleman.eagleeye                 D  Height Difference - -26.48
2025-10-31 15:49:05.723 23564-23564 System.out              com.suleman.eagleeye                 I  Distance: 23.973043255454062
2025-10-31 15:49:05.723 23564-23564 EAGEELYYEE              com.suleman.eagleeye                 D  Distance23.973043255454062
2025-10-31 15:49:05.723 23564-23564 Waypoint Angle          com.suleman.eagleeye                 D  -47.84462356567383
2025-10-31 15:49:05.726 23564-23564 SessionUtils            com.suleman.eagleeye                 D  Saved 59 waypoints to preferences
2025-10-31 15:49:05.732 23564-23564 EAGEELYYEE              com.suleman.eagleeye                 D  Height Difference - -26.48
2025-10-31 15:49:05.733 23564-23564 System.out              com.suleman.eagleeye                 I  Distance: 23.973041488296012
2025-10-31 15:49:05.733 23564-23564 EAGEELYYEE              com.suleman.eagleeye                 D  Distance23.973041488296012
2025-10-31 15:49:05.733 23564-23564 Waypoint Angle          com.suleman.eagleeye                 D  -47.844627380371094
2025-10-31 15:49:05.736 23564-23564 SessionUtils            com.suleman.eagleeye                 D  Saved 60 waypoints to preferences
2025-10-31 15:49:05.742 23564-23564 EAGEELYYEE              com.suleman.eagleeye                 D  Height Difference - -26.48
2025-10-31 15:49:05.742 23564-23564 System.out              com.suleman.eagleeye                 I  Distance: 23.973039439949023
2025-10-31 15:49:05.743 23564-23564 EAGEELYYEE              com.suleman.eagleeye                 D  Distance23.973039439949023
2025-10-31 15:49:05.743 23564-23564 Waypoint Angle          com.suleman.eagleeye                 D  -47.84463119506836
2025-10-31 15:49:05.746 23564-23564 SessionUtils            com.suleman.eagleeye                 D  Saved 61 waypoints to preferences
2025-10-31 15:49:05.753 23564-23564 EAGEELYYEE              com.suleman.eagleeye                 D  Height Difference - -26.48
2025-10-31 15:49:05.753 23564-23564 System.out              com.suleman.eagleeye                 I  Distance: 23.97303719444204
2025-10-31 15:49:05.753 23564-23564 EAGEELYYEE              com.suleman.eagleeye                 D  Distance23.97303719444204
2025-10-31 15:49:05.753 23564-23564 Waypoint Angle          com.suleman.eagleeye                 D  -47.84463119506836
2025-10-31 15:49:05.756 23564-23564 SessionUtils            com.suleman.eagleeye                 D  Saved 62 waypoints to preferences
2025-10-31 15:49:05.763 23564-23564 EAGEELYYEE              com.suleman.eagleeye                 D  Height Difference - -26.48
2025-10-31 15:49:05.763 23564-23564 System.out              com.suleman.eagleeye                 I  Distance: 23.97303485011129
2025-10-31 15:49:05.763 23564-23564 EAGEELYYEE              com.suleman.eagleeye                 D  Distance23.97303485011129
2025-10-31 15:49:05.763 23564-23564 Waypoint Angle          com.suleman.eagleeye                 D  -47.844635009765625
2025-10-31 15:49:05.766 23564-23564 SessionUtils            com.suleman.eagleeye                 D  Saved 63 waypoints to preferences
2025-10-31 15:49:05.773 23564-23564 EAGEELYYEE              com.suleman.eagleeye                 D  Height Difference - -26.48
2025-10-31 15:49:05.773 23564-23564 System.out              com.suleman.eagleeye                 I  Distance: 23.973032504122504
2025-10-31 15:49:05.773 23564-23564 EAGEELYYEE              com.suleman.eagleeye                 D  Distance23.973032504122504
2025-10-31 15:49:05.773 23564-23564 Waypoint Angle          com.suleman.eagleeye                 D  -47.84463882446289
2025-10-31 15:49:05.776 23564-23564 SessionUtils            com.suleman.eagleeye                 D  Saved 64 waypoints to preferences
2025-10-31 15:49:05.782 23564-23564 EAGEELYYEE              com.suleman.eagleeye                 D  Height Difference - -26.48
2025-10-31 15:49:05.782 23564-23564 System.out              com.suleman.eagleeye                 I  Distance: 23.97303026057359
2025-10-31 15:49:05.782 23564-23564 EAGEELYYEE              com.suleman.eagleeye                 D  Distance23.97303026057359
2025-10-31 15:49:05.782 23564-23564 Waypoint Angle          com.suleman.eagleeye                 D  -47.84463882446289
2025-10-31 15:49:05.785 23564-23564 SessionUtils            com.suleman.eagleeye                 D  Saved 65 waypoints to preferences
2025-10-31 15:49:05.791 23564-23564 EAGEELYYEE              com.suleman.eagleeye                 D  Height Difference - -26.48
2025-10-31 15:49:05.791 23564-23564 System.out              com.suleman.eagleeye                 I  Distance: 23.973028211627188
2025-10-31 15:49:05.791 23564-23564 EAGEELYYEE              com.suleman.eagleeye                 D  Distance23.973028211627188
2025-10-31 15:49:05.791 23564-23564 Waypoint Angle          com.suleman.eagleeye                 D  -47.844642639160156
2025-10-31 15:49:05.794 23564-23564 SessionUtils            com.suleman.eagleeye                 D  Saved 66 waypoints to preferences
2025-10-31 15:49:05.800 23564-23564 EAGEELYYEE              com.suleman.eagleeye                 D  Height Difference - -26.48
2025-10-31 15:49:05.800 23564-23564 System.out              com.suleman.eagleeye                 I  Distance: 23.973026442816444
2025-10-31 15:49:05.800 23564-23564 EAGEELYYEE              com.suleman.eagleeye                 D  Distance23.973026442816444
2025-10-31 15:49:05.800 23564-23564 Waypoint Angle          com.suleman.eagleeye                 D  -47.84464645385742
2025-10-31 15:49:05.803 23564-23564 SessionUtils            com.suleman.eagleeye                 D  Saved 67 waypoints to preferences
2025-10-31 15:49:05.809 23564-23564 EAGEELYYEE              com.suleman.eagleeye                 D  Height Difference - -26.48
2025-10-31 15:49:05.809 23564-23564 System.out              com.suleman.eagleeye                 I  Distance: 23.97302502612501
2025-10-31 15:49:05.809 23564-23564 EAGEELYYEE              com.suleman.eagleeye                 D  Distance23.97302502612501
2025-10-31 15:49:05.809 23564-23564 Waypoint Angle          com.suleman.eagleeye                 D  -47.84464645385742
2025-10-31 15:49:05.812 23564-23564 SessionUtils            com.suleman.eagleeye                 D  Saved 68 waypoints to preferences
2025-10-31 15:49:05.817 23564-23564 EAGEELYYEE              com.suleman.eagleeye                 D  Height Difference - -26.48
2025-10-31 15:49:05.817 23564-23564 System.out              com.suleman.eagleeye                 I  Distance: 23.97302401048065
2025-10-31 15:49:05.817 23564-23564 EAGEELYYEE              com.suleman.eagleeye                 D  Distance23.97302401048065
2025-10-31 15:49:05.817 23564-23564 Waypoint Angle          com.suleman.eagleeye                 D  -47.84464645385742
2025-10-31 15:49:05.820 23564-23564 SessionUtils            com.suleman.eagleeye                 D  Saved 69 waypoints to preferences
2025-10-31 15:49:05.825 23564-23564 EAGEELYYEE              com.suleman.eagleeye                 D  Height Difference - -26.48
2025-10-31 15:49:05.825 23564-23564 System.out              com.suleman.eagleeye                 I  Distance: 23.973023425751027
2025-10-31 15:49:05.825 23564-23564 EAGEELYYEE              com.suleman.eagleeye                 D  Distance23.973023425751027
2025-10-31 15:49:05.825 23564-23564 Waypoint Angle          com.suleman.eagleeye                 D  -47.84465026855469
2025-10-31 15:49:05.828 23564-23564 SessionUtils            com.suleman.eagleeye                 D  Saved 70 waypoints to preferences
2025-10-31 15:49:05.834 23564-23564 EAGEELYYEE              com.suleman.eagleeye                 D  Height Difference - -26.48
2025-10-31 15:49:05.834 23564-23564 System.out              com.suleman.eagleeye                 I  Distance: 23.97302327918221
2025-10-31 15:49:05.834 23564-23564 EAGEELYYEE              com.suleman.eagleeye                 D  Distance23.97302327918221
2025-10-31 15:49:05.834 23564-23564 Waypoint Angle          com.suleman.eagleeye                 D  -47.84465026855469
2025-10-31 15:49:05.837 23564-23564 SessionUtils            com.suleman.eagleeye                 D  Saved 71 waypoints to preferences
2025-10-31 15:49:05.842 23564-23564 EAGEELYYEE              com.suleman.eagleeye                 D  Height Difference - -26.48
2025-10-31 15:49:05.842 23564-23564 System.out              com.suleman.eagleeye                 I  Distance: 23.97302355545563
2025-10-31 15:49:05.842 23564-23564 EAGEELYYEE              com.suleman.eagleeye                 D  Distance23.97302355545563
2025-10-31 15:49:05.842 23564-23564 Waypoint Angle          com.suleman.eagleeye                 D  -47.84465026855469
2025-10-31 15:49:05.845 23564-23564 SessionUtils            com.suleman.eagleeye                 D  Saved 72 waypoints to preferences
2025-10-31 15:49:05.850 23564-23564 EAGEELYYEE              com.suleman.eagleeye                 D  Height Difference - -26.48
2025-10-31 15:49:05.850 23564-23564 System.out              com.suleman.eagleeye                 I  Distance: 23.97302421592805
2025-10-31 15:49:05.850 23564-23564 EAGEELYYEE              com.suleman.eagleeye                 D  Distance23.97302421592805
2025-10-31 15:49:05.850 23564-23564 Waypoint Angle          com.suleman.eagleeye                 D  -47.84464645385742
2025-10-31 15:49:05.853 23564-23564 SessionUtils            com.suleman.eagleeye                 D  Saved 73 waypoints to preferences
2025-10-31 15:49:05.859 23564-23564 EAGEELYYEE              com.suleman.eagleeye                 D  Height Difference - -26.48
2025-10-31 15:49:05.859 23564-23564 System.out              com.suleman.eagleeye                 I  Distance: 23.97302520376758
2025-10-31 15:49:05.859 23564-23564 EAGEELYYEE              com.suleman.eagleeye                 D  Distance23.97302520376758
2025-10-31 15:49:05.859 23564-23564 Waypoint Angle          com.suleman.eagleeye                 D  -47.84464645385742
2025-10-31 15:49:05.862 23564-23564 SessionUtils            com.suleman.eagleeye                 D  Saved 74 waypoints to preferences
2025-10-31 15:49:05.867 23564-23564 EAGEELYYEE              com.suleman.eagleeye                 D  Height Difference - -26.48
2025-10-31 15:49:05.867 23564-23564 System.out              com.suleman.eagleeye                 I  Distance: 23.973026443676133
2025-10-31 15:49:05.867 23564-23564 EAGEELYYEE              com.suleman.eagleeye                 D  Distance23.973026443676133
2025-10-31 15:49:05.867 23564-23564 Waypoint Angle          com.suleman.eagleeye                 D  -47.84464645385742
2025-10-31 15:49:05.870 23564-23564 SessionUtils            com.suleman.eagleeye                 D  Saved 75 waypoints to preferences
2025-10-31 15:49:05.876 23564-23564 EAGEELYYEE              com.suleman.eagleeye                 D  Height Difference - -26.48
2025-10-31 15:49:05.876 23564-23564 System.out              com.suleman.eagleeye                 I  Distance: 23.973027849345105
2025-10-31 15:49:05.876 23564-23564 EAGEELYYEE              com.suleman.eagleeye                 D  Distance23.973027849345105
2025-10-31 15:49:05.876 23564-23564 Waypoint Angle          com.suleman.eagleeye                 D  -47.844642639160156
2025-10-31 15:49:05.878 23564-23564 SessionUtils            com.suleman.eagleeye                 D  Saved 76 waypoints to preferences
2025-10-31 15:49:05.884 23564-23564 EAGEELYYEE              com.suleman.eagleeye                 D  Height Difference - -26.48
2025-10-31 15:49:05.884 23564-23564 System.out              com.suleman.eagleeye                 I  Distance: 23.973029326666314
2025-10-31 15:49:05.884 23564-23564 EAGEELYYEE              com.suleman.eagleeye                 D  Distance23.973029326666314
2025-10-31 15:49:05.884 23564-23564 Waypoint Angle          com.suleman.eagleeye                 D  -47.844642639160156
2025-10-31 15:49:05.887 23564-23564 SessionUtils            com.suleman.eagleeye                 D  Saved 77 waypoints to preferences
2025-10-31 15:49:05.892 23564-23564 EAGEELYYEE              com.suleman.eagleeye                 D  Height Difference - -26.48
2025-10-31 15:49:05.892 23564-23564 System.out              com.suleman.eagleeye                 I  Distance: 23.973030780298963
2025-10-31 15:49:05.892 23564-23564 EAGEELYYEE              com.suleman.eagleeye                 D  Distance23.973030780298963
2025-10-31 15:49:05.892 23564-23564 Waypoint Angle          com.suleman.eagleeye                 D  -47.84463882446289
2025-10-31 15:49:05.895 23564-23564 SessionUtils            com.suleman.eagleeye                 D  Saved 78 waypoints to preferences
2025-10-31 15:49:05.901 23564-23564 EAGEELYYEE              com.suleman.eagleeye                 D  Height Difference - -26.48
2025-10-31 15:49:05.901 23564-23564 System.out              com.suleman.eagleeye                 I  Distance: 23.973032118713025
2025-10-31 15:49:05.901 23564-23564 EAGEELYYEE              com.suleman.eagleeye                 D  Distance23.973032118713025
2025-10-31 15:49:05.901 23564-23564 Waypoint Angle          com.suleman.eagleeye                 D  -47.84463882446289
2025-10-31 15:49:05.904 23564-23564 SessionUtils            com.suleman.eagleeye                 D  Saved 79 waypoints to preferences
2025-10-31 15:49:05.909 23564-23564 EAGEELYYEE              com.suleman.eagleeye                 D  Height Difference - -26.48
2025-10-31 15:49:05.909 23564-23564 System.out              com.suleman.eagleeye                 I  Distance: 23.97303325638328
2025-10-31 15:49:05.909 23564-23564 EAGEELYYEE              com.suleman.eagleeye                 D  Distance23.97303325638328
2025-10-31 15:49:05.909 23564-23564 Waypoint Angle          com.suleman.eagleeye                 D  -47.84463882446289
2025-10-31 15:49:05.912 23564-23564 SessionUtils            com.suleman.eagleeye                 D  Saved 80 waypoints to preferences
2025-10-31 15:49:05.917 23564-23564 EAGEELYYEE              com.suleman.eagleeye                 D  Height Difference - -26.48
2025-10-31 15:49:05.917 23564-23564 System.out              com.suleman.eagleeye                 I  Distance: 23.973034122966855
2025-10-31 15:49:05.917 23564-23564 EAGEELYYEE              com.suleman.eagleeye                 D  Distance23.973034122966855
2025-10-31 15:49:05.917 23564-23564 Waypoint Angle          com.suleman.eagleeye                 D  -47.844635009765625
2025-10-31 15:49:05.920 23564-23564 SessionUtils            com.suleman.eagleeye                 D  Saved 81 waypoints to preferences
2025-10-31 15:49:05.926 23564-23564 EAGEELYYEE              com.suleman.eagleeye                 D  Height Difference - -26.48
2025-10-31 15:49:05.926 23564-23564 System.out              com.suleman.eagleeye                 I  Distance: 23.97303466503596
2025-10-31 15:49:05.926 23564-23564 EAGEELYYEE              com.suleman.eagleeye                 D  Distance23.97303466503596
2025-10-31 15:49:05.926 23564-23564 Waypoint Angle          com.suleman.eagleeye                 D  -47.844635009765625
2025-10-31 15:49:05.929 23564-23564 SessionUtils            com.suleman.eagleeye                 D  Saved 82 waypoints to preferences
2025-10-31 15:49:05.933 23564-23564 WaypointActivity        com.suleman.eagleeye                 D  Drone location and heading listeners setup complete
2025-10-31 15:49:05.934 23564-23564 Choreographer           com.suleman.eagleeye                 I  Skipped 44 frames!  The application may be doing too much work on its main thread.
2025-10-31 15:49:05.938 23564-23564 CommandService_V5SDK    com.suleman.eagleeye                 D  Status broadcast: HEADING_TO_WAYPOINT - Mission ready
2025-10-31 15:49:05.939 23564-23564 WaypointActivity        com.suleman.eagleeye                 D  CommandService connected
2025-10-31 15:49:05.940 23564-23564 MSDKInfoVm              com.suleman.eagleeye                 I  📡 Polling result: DJI_MINI_4_PRO
2025-10-31 15:49:05.940 23564-23564 CameraFeedFragment      com.suleman.eagleeye                 I  ▶️ Starting camera stream: 600x390
2025-10-31 15:49:05.941 23564-23564 libc                    com.suleman.eagleeye                 W  Access denied finding property "vendor.display.enable_optimal_refresh_rate"
2025-10-31 15:49:05.937 23564-23564 uleman.eagleeye         com.suleman.eagleeye                 W  type=1400 audit(0.0:215340): avc:  denied  { read } for  name="u:object_r:vendor_display_prop:s0" dev="tmpfs" ino=462 scontext=u:r:untrusted_app:s0:c240,c257,c512,c768 tcontext=u:object_r:vendor_display_prop:s0 tclass=file permissive=0 app=com.suleman.eagleeye
2025-10-31 15:49:05.944 23564-23564 CameraFeedFragment      com.suleman.eagleeye                 I  ✅✅✅ Camera stream STARTED successfully
2025-10-31 15:49:05.945 23564-23564 VRI[MainActivity]       com.suleman.eagleeye                 D  visibilityChanged oldVisibility=true newVisibility=false
2025-10-31 15:49:05.953 23564-23564 ImeFocusController      com.suleman.eagleeye                 V  onWindowFocus: com.android.internal.policy.DecorView{1fc814b V.E...... R......D 0,0-2800,1260}[WaypointActivity] softInputMode=STATE_UNSPECIFIED|ADJUST_PAN|IS_FORWARD_NAVIGATION
2025-10-31 15:49:05.955 23564-23564 WaypointActivity        com.suleman.eagleeye                 D  Received status update: HEADING_TO_WAYPOINT - Mission ready
2025-10-31 15:49:05.955 23564-23564 TelemetryDisplayManager com.suleman.eagleeye                 V  Flight mode updated: GPS_NORMAL (WaypointActivity)
2025-10-31 15:49:05.955 23564-23564 TelemetryDisplayManager com.suleman.eagleeye                 V  GPS signal updated: 0 (WaypointActivity)
2025-10-31 15:49:05.956 23564-23564 TelemetryDisplayManager com.suleman.eagleeye                 V  Satellite count updated: 0 (WaypointActivity)
2025-10-31 15:49:05.959 23564-23564 TelemetryDisplayManager com.suleman.eagleeye                 V  Remote signal updated: 100 (WaypointActivity)
2025-10-31 15:49:05.960 23564-23564 TelemetryDisplayManager com.suleman.eagleeye                 V  Remote signal updated: 100 (WaypointActivity)
2025-10-31 15:49:05.960 23564-25995 HWUI                    com.suleman.eagleeye                 I  Davey! duration=751ms; Flags=0, FrameTimelineVsyncId=19986760, IntendedVsync=78981092891512, Vsync=78981822035444, InputEventId=0, HandleInputStart=78981831941223, AnimationStart=78981831944296, PerformTraversalsStart=78981832248931, DrawStart=78981832836692, FrameDeadline=78981175847148, FrameInterval=78981831590233, FrameStartTime=16571453, SyncQueued=78981833349192, SyncStart=78981833432942, IssueDrawCommandsStart=78981833788046, SwapBuffers=78981842407577, FrameCompleted=78981844271744, DequeueBufferDuration=1487656, QueueBufferDuration=715312, GpuCompleted=78981843627733, SwapBuffersCompleted=78981844271744, DisplayPresentTime=78969805699925, CommandSubmissionCompleted=78981842407577, 
2025-10-31 15:49:05.960 23564-23564 TelemetryDisplayManager com.suleman.eagleeye                 V  Remote signal updated: 100 (WaypointActivity)
2025-10-31 15:49:05.961 23564-23564 TelemetryDisplayManager com.suleman.eagleeye                 V  Battery level updated: 96% (WaypointActivity)
2025-10-31 15:49:05.969 23564-26907 ProxyAndro...gerBackend com.suleman.eagleeye                 W  Too many Flogger logs received before configuration. Dropping old logs.
2025-10-31 15:49:05.974 23564-26412 CCodecConfig            com.suleman.eagleeye                 I  query failed after returning 18 values (BAD_INDEX)
2025-10-31 15:49:05.974 23564-26412 BufferPoolAccessor2.0   com.suleman.eagleeye                 D  bufferpool2 0xb400006dd00376b8 : 4(66355200 size) total buffers - 1(16588800 size) used buffers - 7/12 (recycle/alloc) - 3/4 (fetch/transfer)
2025-10-31 15:49:05.975 23564-26412 Codec2Client            com.suleman.eagleeye                 W  query -- param skipped: index = 1342179345.
2025-10-31 15:49:05.975 23564-26412 Codec2Client            com.suleman.eagleeye                 W  query -- param skipped: index = 2415921170.
2025-10-31 15:49:05.975 23564-26412 Codec2Client            com.suleman.eagleeye                 W  query -- param skipped: index = 1610614798.
2025-10-31 15:49:05.975 23564-26412 CCodecBufferChannel     com.suleman.eagleeye                 D  [c2.qti.hevc.decoder#819] start: updating output delay 10
2025-10-31 15:49:05.998 23564-23564 ViewRootImpl            com.suleman.eagleeye                 D  AppSizeAfterRelayout, size: Point(2800, 1260), rotation: ROTATION_90
2025-10-31 15:49:06.005 23564-23564 WaypointActivity        com.suleman.eagleeye                 D  Home location set: 33.6968503, 73.0509406
2025-10-31 15:49:06.020 23564-23564 SpeedDisplayManager     com.suleman.eagleeye                 D  Home location set: 33.696850, 73.050941
2025-10-31 15:49:06.020 23564-23564 WaypointActivity        com.suleman.eagleeye                 D  Home location marker added to map.
2025-10-31 15:49:06.122 23564-26390 CCodecBufferChannel     com.suleman.eagleeye                 D  [c2.qti.hevc.decoder#819] Ignoring stale input buffer done callback: last flush index = 3, frameIndex = 3
2025-10-31 15:49:06.338 23564-26923 RequestFinishedInfoImpl com.suleman.eagleeye                 I  RequestFinishedInfo.getMetrics() is unsupported when HttpEngineNativeProvider is used. The Metrics object will return null values.
2025-10-31 15:49:06.412 23564-26972 HttpEngineWrapper       com.suleman.eagleeye                 I  GlobalMetricsDelta is unsupported when HttpEngineNativeProvider is used. An empty protobuf is returned.
2025-10-31 15:49:06.414 23564-26930 ProxyAndro...gerBackend com.suleman.eagleeye                 W  Too many Flogger logs received before configuration. Dropping old logs.
2025-10-31 15:49:06.414 23564-26930 ProxyAndro...gerBackend com.suleman.eagleeye                 W  Too many Flogger logs received before configuration. Dropping old logs.
2025-10-31 15:49:06.415 23564-26930 ProxyAndro...gerBackend com.suleman.eagleeye                 W  Too many Flogger logs received before configuration. Dropping old logs.
2025-10-31 15:49:06.418 23564-26930 ProxyAndro...gerBackend com.suleman.eagleeye                 W  Too many Flogger logs received before configuration. Dropping old logs.
2025-10-31 15:49:06.418 23564-26930 ProxyAndro...gerBackend com.suleman.eagleeye                 W  Too many Flogger logs received before configuration. Dropping old logs.
2025-10-31 15:49:06.419 23564-26930 ProxyAndro...gerBackend com.suleman.eagleeye                 W  Too many Flogger logs received before configuration. Dropping old logs.
2025-10-31 15:49:06.420 23564-26930 ProxyAndro...gerBackend com.suleman.eagleeye                 W  Too many Flogger logs received before configuration. Dropping old logs.
2025-10-31 15:49:06.510 23564-26930 ProxyAndro...gerBackend com.suleman.eagleeye                 W  Too many Flogger logs received before configuration. Dropping old logs.
2025-10-31 15:49:06.510 23564-26963 ProxyAndro...gerBackend com.suleman.eagleeye                 W  Too many Flogger logs received before configuration. Dropping old logs.
2025-10-31 15:49:06.511 23564-26963 ProxyAndro...gerBackend com.suleman.eagleeye                 W  Too many Flogger logs received before configuration. Dropping old logs.
2025-10-31 15:49:06.511 23564-26963 ProxyAndro...gerBackend com.suleman.eagleeye                 W  Too many Flogger logs received before configuration. Dropping old logs.
2025-10-31 15:49:06.512 23564-26963 ProxyAndro...gerBackend com.suleman.eagleeye                 W  Too many Flogger logs received before configuration. Dropping old logs.
2025-10-31 15:49:06.513 23564-26963 ProxyAndro...gerBackend com.suleman.eagleeye                 W  Too many Flogger logs received before configuration. Dropping old logs.
2025-10-31 15:49:06.515 23564-26963 ProxyAndro...gerBackend com.suleman.eagleeye                 W  Too many Flogger logs received before configuration. Dropping old logs.
2025-10-31 15:49:06.530 23564-26981 ProxyAndro...gerBackend com.suleman.eagleeye                 W  Too many Flogger logs received before configuration. Dropping old logs.
2025-10-31 15:49:06.531 23564-26981 ProxyAndro...gerBackend com.suleman.eagleeye                 W  Too many Flogger logs received before configuration. Dropping old logs.
2025-10-31 15:49:06.532 23564-26981 ProxyAndro...gerBackend com.suleman.eagleeye                 W  Too many Flogger logs received before configuration. Dropping old logs.
2025-10-31 15:49:06.533 23564-26981 ProxyAndro...gerBackend com.suleman.eagleeye                 W  Too many Flogger logs received before configuration. Dropping old logs.
2025-10-31 15:49:06.533 23564-26979 ProxyAndro...gerBackend com.suleman.eagleeye                 W  Too many Flogger logs received before configuration. Dropping old logs.
2025-10-31 15:49:06.534 23564-26981 ProxyAndro...gerBackend com.suleman.eagleeye                 W  Too many Flogger logs received before configuration. Dropping old logs.
2025-10-31 15:49:06.535 23564-26981 ProxyAndro...gerBackend com.suleman.eagleeye                 W  Too many Flogger logs received before configuration. Dropping old logs.
2025-10-31 15:49:06.536 23564-26980 ProxyAndro...gerBackend com.suleman.eagleeye                 W  Too many Flogger logs received before configuration. Dropping old logs.
2025-10-31 15:49:06.536 23564-26979 ProxyAndro...gerBackend com.suleman.eagleeye                 W  Too many Flogger logs received before configuration. Dropping old logs.
2025-10-31 15:49:06.537 23564-26981 ProxyAndro...gerBackend com.suleman.eagleeye                 W  Too many Flogger logs received before configuration. Dropping old logs.
2025-10-31 15:49:06.980 23564-26980 ProxyAndro...gerBackend com.suleman.eagleeye                 W  Too many Flogger logs received before configuration. Dropping old logs.
2025-10-31 15:49:06.983 23564-26979 ProxyAndro...gerBackend com.suleman.eagleeye                 W  Too many Flogger logs received before configuration. Dropping old logs.
2025-10-31 15:49:06.983 23564-26981 ProxyAndro...gerBackend com.suleman.eagleeye                 W  Too many Flogger logs received before configuration. Dropping old logs.
2025-10-31 15:49:06.986 23564-26981 ProxyAndro...gerBackend com.suleman.eagleeye                 W  Too many Flogger logs received before configuration. Dropping old logs.
2025-10-31 15:49:06.987 23564-26980 ProxyAndro...gerBackend com.suleman.eagleeye                 W  Too many Flogger logs received before configuration. Dropping old logs.
2025-10-31 15:49:06.989 23564-26980 ProxyAndro...gerBackend com.suleman.eagleeye                 W  Too many Flogger logs received before configuration. Dropping old logs.
2025-10-31 15:49:06.992 23564-26980 ProxyAndro...gerBackend com.suleman.eagleeye                 W  Too many Flogger logs received before configuration. Dropping old logs.
2025-10-31 15:49:06.994 23564-26980 ProxyAndro...gerBackend com.suleman.eagleeye                 W  Too many Flogger logs received before configuration. Dropping old logs.
2025-10-31 15:49:06.996 23564-26980 ProxyAndro...gerBackend com.suleman.eagleeye                 W  Too many Flogger logs received before configuration. Dropping old logs.
2025-10-31 15:49:06.998 23564-26980 ProxyAndro...gerBackend com.suleman.eagleeye                 W  Too many Flogger logs received before configuration. Dropping old logs.
2025-10-31 15:49:07.002 23564-26981 ProxyAndro...gerBackend com.suleman.eagleeye                 W  Too many Flogger logs received before configuration. Dropping old logs.
2025-10-31 15:49:07.007 23564-26980 ProxyAndro...gerBackend com.suleman.eagleeye                 W  Too many Flogger logs received before configuration. Dropping old logs.
2025-10-31 15:49:07.010 23564-26979 ProxyAndro...gerBackend com.suleman.eagleeye                 W  Too many Flogger logs received before configuration. Dropping old logs.
2025-10-31 15:49:07.044 23564-26979 ProxyAndro...gerBackend com.suleman.eagleeye                 W  Too many Flogger logs received before configuration. Dropping old logs.
2025-10-31 15:49:07.051 23564-26981 ProxyAndro...gerBackend com.suleman.eagleeye                 W  Too many Flogger logs received before configuration. Dropping old logs.
2025-10-31 15:49:07.053 23564-26980 ProxyAndro...gerBackend com.suleman.eagleeye                 W  Too many Flogger logs received before configuration. Dropping old logs.
2025-10-31 15:49:07.055 23564-26981 ProxyAndro...gerBackend com.suleman.eagleeye                 W  Too many Flogger logs received before configuration. Dropping old logs.
2025-10-31 15:49:07.057 23564-26980 ProxyAndro...gerBackend com.suleman.eagleeye                 W  Too many Flogger logs received before configuration. Dropping old logs.
2025-10-31 15:49:07.058 23564-26981 ProxyAndro...gerBackend com.suleman.eagleeye                 W  Too many Flogger logs received before configuration. Dropping old logs.
2025-10-31 15:49:07.060 23564-26980 ProxyAndro...gerBackend com.suleman.eagleeye                 W  Too many Flogger logs received before configuration. Dropping old logs.
2025-10-31 15:49:07.061 23564-26981 ProxyAndro...gerBackend com.suleman.eagleeye                 W  Too many Flogger logs received before configuration. Dropping old logs.
2025-10-31 15:49:07.063 23564-26980 ProxyAndro...gerBackend com.suleman.eagleeye                 W  Too many Flogger logs received before configuration. Dropping old logs.
2025-10-31 15:49:07.132 23564-26946 DynamiteModule          com.suleman.eagleeye                 W  Local module descriptor class for com.google.android.gms.googlecertificates not found.
2025-10-31 15:49:07.136 23564-26946 DynamiteModule          com.suleman.eagleeye                 I  Considering local module com.google.android.gms.googlecertificates:0 and remote module com.google.android.gms.googlecertificates:7
2025-10-31 15:49:07.137 23564-26946 DynamiteModule          com.suleman.eagleeye                 I  Selected remote version of com.google.android.gms.googlecertificates, version >= 7
2025-10-31 15:49:07.139 23564-26946 uleman.eagleeye         com.suleman.eagleeye                 W  ClassLoaderContext classpath size mismatch. expected=1, found=2 (DLC[];PCL[base.apk*723402788]{PCL[/system/framework/org.apache.http.legacy.jar*1230680128]#PCL[/system/framework/com.android.media.remotedisplay.jar*2042759013]#PCL[/system/framework/com.android.location.provider.jar*3414091812]#PCL[/system_ext/framework/androidx.window.extensions.jar*2405889814]#PCL[/system_ext/framework/androidx.window.sidecar.jar*2794904135]} | DLC[];PCL[/data/app/~~sSXE_dO6h0ec85WaWG4_YQ==/com.suleman.eagleeye-brCjVAsaIe4Mg6YMJpBDrw==/base.apk*3447608198:AnoymousDex*3032810180])
2025-10-31 15:49:07.160 23564-26979 ProxyAndro...gerBackend com.suleman.eagleeye                 W  Too many Flogger logs received before configuration. Dropping old logs.
2025-10-31 15:49:07.188 23564-26907 ProxyAndro...gerBackend com.suleman.eagleeye                 W  Too many Flogger logs received before configuration. Dropping old logs.
2025-10-31 15:49:07.216 23564-25986 uleman.eagleeye         com.suleman.eagleeye                 I  Compiler allocated 5744KB to compile void m140.esl.o()
2025-10-31 15:49:07.317 23564-26941 ProxyAndro...gerBackend com.suleman.eagleeye                 W  Too many Flogger logs received before configuration. Dropping old logs.
2025-10-31 15:49:07.361 23564-26979 ProxyAndro...gerBackend com.suleman.eagleeye                 W  Too many Flogger logs received before configuration. Dropping old logs.
2025-10-31 15:49:07.363 23564-26981 ProxyAndro...gerBackend com.suleman.eagleeye                 W  Too many Flogger logs received before configuration. Dropping old logs.
2025-10-31 15:49:07.373 23564-26980 ProxyAndro...gerBackend com.suleman.eagleeye                 W  Too many Flogger logs received before configuration. Dropping old logs.
2025-10-31 15:49:07.377 23564-26979 ProxyAndro...gerBackend com.suleman.eagleeye                 W  Too many Flogger logs received before configuration. Dropping old logs.
2025-10-31 15:49:07.575 23564-26979 ProxyAndro...gerBackend com.suleman.eagleeye                 W  Too many Flogger logs received before configuration. Dropping old logs.
2025-10-31 15:49:07.597 23564-26981 ProxyAndro...gerBackend com.suleman.eagleeye                 W  Too many Flogger logs received before configuration. Dropping old logs.
2025-10-31 15:49:07.665 23564-26980 ProxyAndro...gerBackend com.suleman.eagleeye                 W  Too many Flogger logs received before configuration. Dropping old logs.
2025-10-31 15:49:07.701 23564-26979 ProxyAndro...gerBackend com.suleman.eagleeye                 W  Too many Flogger logs received before configuration. Dropping old logs.
2025-10-31 15:49:07.748 23564-26981 ProxyAndro...gerBackend com.suleman.eagleeye                 W  Too many Flogger logs received before configuration. Dropping old logs.
2025-10-31 15:49:07.786 23564-26980 ProxyAndro...gerBackend com.suleman.eagleeye                 W  Too many Flogger logs received before configuration. Dropping old logs.
2025-10-31 15:49:07.806 23564-26979 ProxyAndro...gerBackend com.suleman.eagleeye                 W  Too many Flogger logs received before configuration. Dropping old logs.
2025-10-31 15:49:07.819 23564-26979 ProxyAndro...gerBackend com.suleman.eagleeye                 W  Too many Flogger logs received before configuration. Dropping old logs.
2025-10-31 15:49:07.821 23564-26980 ProxyAndro...gerBackend com.suleman.eagleeye                 W  Too many Flogger logs received before configuration. Dropping old logs.
2025-10-31 15:49:07.823 23564-26980 ProxyAndro...gerBackend com.suleman.eagleeye                 W  Too many Flogger logs received before configuration. Dropping old logs.
2025-10-31 15:49:07.824 23564-26980 ProxyAndro...gerBackend com.suleman.eagleeye                 W  Too many Flogger logs received before configuration. Dropping old logs.
2025-10-31 15:49:07.826 23564-26980 ProxyAndro...gerBackend com.suleman.eagleeye                 W  Too many Flogger logs received before configuration. Dropping old logs.
2025-10-31 15:49:07.827 23564-26980 ProxyAndro...gerBackend com.suleman.eagleeye                 W  Too many Flogger logs received before configuration. Dropping old logs.
2025-10-31 15:49:07.829 23564-26980 ProxyAndro...gerBackend com.suleman.eagleeye                 W  Too many Flogger logs received before configuration. Dropping old logs.
2025-10-31 15:49:07.831 23564-26980 ProxyAndro...gerBackend com.suleman.eagleeye                 W  Too many Flogger logs received before configuration. Dropping old logs.
2025-10-31 15:49:07.833 23564-26980 ProxyAndro...gerBackend com.suleman.eagleeye                 W  Too many Flogger logs received before configuration. Dropping old logs.
2025-10-31 15:49:07.835 23564-26980 ProxyAndro...gerBackend com.suleman.eagleeye                 W  Too many Flogger logs received before configuration. Dropping old logs.
2025-10-31 15:49:07.837 23564-26980 ProxyAndro...gerBackend com.suleman.eagleeye                 W  Too many Flogger logs received before configuration. Dropping old logs.
2025-10-31 15:49:07.837 23564-26981 ProxyAndro...gerBackend com.suleman.eagleeye                 W  Too many Flogger logs received before configuration. Dropping old logs.
2025-10-31 15:49:07.839 23564-26981 ProxyAndro...gerBackend com.suleman.eagleeye                 W  Too many Flogger logs received before configuration. Dropping old logs.
2025-10-31 15:49:07.841 23564-26981 ProxyAndro...gerBackend com.suleman.eagleeye                 W  Too many Flogger logs received before configuration. Dropping old logs.
2025-10-31 15:49:07.855 23564-26979 ProxyAndro...gerBackend com.suleman.eagleeye                 W  Too many Flogger logs received before configuration. Dropping old logs.
2025-10-31 15:49:07.918 23564-23564 CameraFeedFragment      com.suleman.eagleeye                 D  ⏸️ onPause
2025-10-31 15:49:07.918 23564-23564 CameraFeedFragment      com.suleman.eagleeye                 I  ⏹️ Stopping camera stream
2025-10-31 15:49:07.921 23564-26362 V5_LIVE_VIEW            com.suleman.eagleeye                 E  removeSurface： Surface(name=android.graphics.SurfaceTexture@90cf73d mNativeObject=-5476376676046329664)/@0x7a7a87e  currentSize = 0 
2025-10-31 15:49:07.921 23564-23564 CameraFeedFragment      com.suleman.eagleeye                 I  ✅ Video stream stopped
2025-10-31 15:49:07.939 23564-25986 uleman.eagleeye         com.suleman.eagleeye                 I  Compiler allocated 6379KB to compile void m140.ekr.W(m140.epc, m140.fix, android.content.res.Resources, m140.emv, m140.exp, boolean, m140.dls, java.util.Map, boolean, boolean, boolean, boolean)
2025-10-31 15:49:07.960 23564-26412 CCodecConfig            com.suleman.eagleeye                 I  query failed after returning 18 values (BAD_INDEX)
2025-10-31 15:49:07.964 23564-26412 Codec2Client            com.suleman.eagleeye                 W  query -- param skipped: index = 1342179345.
2025-10-31 15:49:07.964 23564-26412 Codec2Client            com.suleman.eagleeye                 W  query -- param skipped: index = 2415921170.
2025-10-31 15:49:07.964 23564-26412 Codec2Client            com.suleman.eagleeye                 W  query -- param skipped: index = 1610614798.
2025-10-31 15:49:07.965 23564-26412 CCodecBufferChannel     com.suleman.eagleeye                 D  [c2.qti.hevc.decoder#819] start: updating output delay 10
2025-10-31 15:49:08.639 23564-23564 VRI[WaypointActivity]   com.suleman.eagleeye                 D  visibilityChanged oldVisibility=true newVisibility=false
2025-10-31 15:49:08.718 23564-23564 ViewRootImpl            com.suleman.eagleeye                 D  AppSizeAfterRelayout, size: Point(2800, 1260), rotation: ROTATION_90
2025-10-31 15:49:08.911 23564-26938 ProxyAndro...gerBackend com.suleman.eagleeye                 W  Too many Flogger logs received before configuration. Dropping old logs.
2025-10-31 15:49:09.907 23564-26938 libc                    com.suleman.eagleeye                 W  Access denied finding property "vendor.display.enable_optimal_refresh_rate"
2025-10-31 15:49:09.905 23564-23564 GL-Map                  com.suleman.eagleeye                 W  type=1400 audit(0.0:215346): avc:  denied  { read } for  name="u:object_r:vendor_display_prop:s0" dev="tmpfs" ino=462 scontext=u:r:untrusted_app:s0:c240,c257,c512,c768 tcontext=u:object_r:vendor_display_prop:s0 tclass=file permissive=0 app=com.suleman.eagleeye
2025-10-31 15:49:09.918 23564-23564 CameraFeedFragment      com.suleman.eagleeye                 D  ▶️ onResume
2025-10-31 15:49:09.918 23564-23564 CameraFeedFragment      com.suleman.eagleeye                 I  ▶️ Starting camera stream: 600x390
2025-10-31 15:49:09.918 23564-23564 libc                    com.suleman.eagleeye                 W  Access denied finding property "vendor.display.enable_optimal_refresh_rate"
2025-10-31 15:49:09.913 23564-23564 uleman.eagleeye         com.suleman.eagleeye                 W  type=1400 audit(0.0:215347): avc:  denied  { read } for  name="u:object_r:vendor_display_prop:s0" dev="tmpfs" ino=462 scontext=u:r:untrusted_app:s0:c240,c257,c512,c768 tcontext=u:object_r:vendor_display_prop:s0 tclass=file permissive=0 app=com.suleman.eagleeye
2025-10-31 15:49:09.927 23564-23564 CameraFeedFragment      com.suleman.eagleeye                 I  ✅✅✅ Camera stream STARTED successfully
2025-10-31 15:49:09.953 23564-23564 uleman.eagleeye         com.suleman.eagleeye                 W  type=1400 audit(0.0:215348): avc:  denied  { read } for  name="u:object_r:vendor_display_prop:s0" dev="tmpfs" ino=462 scontext=u:r:untrusted_app:s0:c240,c257,c512,c768 tcontext=u:object_r:vendor_display_prop:s0 tclass=file permissive=0 app=com.suleman.eagleeye
2025-10-31 15:49:09.955 23564-23564 ViewRootImpl            com.suleman.eagleeye                 D  AppSizeAfterRelayout, size: Point(2800, 1260), rotation: ROTATION_90
2025-10-31 15:49:09.956 23564-23564 libc                    com.suleman.eagleeye                 W  Access denied finding property "vendor.display.enable_optimal_refresh_rate"
2025-10-31 15:49:10.019 23564-23564 ImeFocusController      com.suleman.eagleeye                 V  onWindowFocus: com.android.internal.policy.DecorView{1fc814b V.E...... R....... 0,0-2800,1260 aid=9}[WaypointActivity] softInputMode=STATE_UNSPECIFIED|ADJUST_PAN
2025-10-31 15:49:10.027 23564-26412 CCodecConfig            com.suleman.eagleeye                 I  query failed after returning 18 values (BAD_INDEX)
2025-10-31 15:49:10.028 23564-26412 Codec2Client            com.suleman.eagleeye                 W  query -- param skipped: index = 1342179345.
2025-10-31 15:49:10.028 23564-26412 Codec2Client            com.suleman.eagleeye                 W  query -- param skipped: index = 2415921170.
2025-10-31 15:49:10.028 23564-26412 Codec2Client            com.suleman.eagleeye                 W  query -- param skipped: index = 1610614798.
2025-10-31 15:49:10.028 23564-26412 CCodecBufferChannel     com.suleman.eagleeye                 D  [c2.qti.hevc.decoder#819] start: updating output delay 10
2025-10-31 15:49:10.160 23564-26390 CCodecBufferChannel     com.suleman.eagleeye                 D  [c2.qti.hevc.decoder#819] Ignoring stale input buffer done callback: last flush index = 48, frameIndex = 48
2025-10-31 15:49:10.287 23564-23564 CoreExistReceiver       com.suleman.eagleeye                 D  MSDK Receive Broadcast
2025-10-31 15:49:10.356 23564-26537 MSDKInfoVm              com.suleman.eagleeye                 I  🔍 Polling for product type...
2025-10-31 15:49:10.357 23564-23564 MSDKInfoVm              com.suleman.eagleeye                 I  📡 Polling result: DJI_MINI_4_PRO
2025-10-31 15:49:10.484 23564-26362 qdgralloc               com.suleman.eagleeye                 W  getInterlacedFlag: getMetaData returned 3, defaulting to interlaced_flag = 0
2025-10-31 15:49:10.591 23564-26362 qdgralloc               com.suleman.eagleeye                 W  getInterlacedFlag: getMetaData returned 3, defaulting to interlaced_flag = 0
2025-10-31 15:49:11.033 23564-26390 BufferPoolAccessor2.0   com.suleman.eagleeye                 D  bufferpool2 0xb400006dd00376b8 : 5(82944000 size) total buffers - 5(82944000 size) used buffers - 83/89 (recycle/alloc) - 11/71 (fetch/transfer)
2025-10-31 15:49:13.444 23564-23564 TelemetryService        com.suleman.eagleeye                 V  Heading changed: -150.4°
2025-10-31 15:49:13.530 23564-23564 TelemetryService        com.suleman.eagleeye                 V  Heading changed: -156.0°
2025-10-31 15:49:13.530 23564-23564 TelemetryService        com.suleman.eagleeye                 V  Velocity changed - H: 0.1m/s, V: 0.0m/s
2025-10-31 15:49:13.621 23564-23564 TelemetryService        com.suleman.eagleeye                 V  Heading changed: -165.2°
2025-10-31 15:49:13.621 23564-23564 TelemetryService        com.suleman.eagleeye                 V  Velocity changed - H: 0.2m/s, V: 0.0m/s
2025-10-31 15:49:13.734 23564-23564 TelemetryService        com.suleman.eagleeye                 V  Heading changed: -171.8°
2025-10-31 15:49:13.735 23564-23564 TelemetryService        com.suleman.eagleeye                 V  Velocity changed - H: 0.3m/s, V: 0.0m/s
2025-10-31 15:49:13.822 23564-23564 TelemetryService        com.suleman.eagleeye                 V  Heading changed: -179.1°
2025-10-31 15:49:13.951 23564-23564 TelemetryService        com.suleman.eagleeye                 V  Heading changed: 177.4°
2025-10-31 15:49:13.952 23564-23564 TelemetryService        com.suleman.eagleeye                 V  Velocity changed - H: 0.2m/s, V: 0.0m/s
2025-10-31 15:49:14.031 23564-23564 TelemetryService        com.suleman.eagleeye                 V  Heading changed: 175.8°
2025-10-31 15:49:14.031 23564-23564 TelemetryService        com.suleman.eagleeye                 V  Velocity changed - H: 0.1m/s, V: 0.0m/s
2025-10-31 15:49:14.125 23564-23564 TelemetryService        com.suleman.eagleeye                 V  Heading changed: 172.5°
2025-10-31 15:49:14.246 23564-23564 TelemetryService        com.suleman.eagleeye                 V  Heading changed: 166.9°
2025-10-31 15:49:14.330 23564-23564 TelemetryService        com.suleman.eagleeye                 V  Heading changed: 164.0°
2025-10-31 15:49:14.450 23564-23564 TelemetryService        com.suleman.eagleeye                 V  Heading changed: 162.6°
2025-10-31 15:49:14.543 23564-23564 TelemetryService        com.suleman.eagleeye                 V  Heading changed: 162.7°
2025-10-31 15:49:14.625 23564-23564 TelemetryService        com.suleman.eagleeye                 V  Heading changed: 165.3°
2025-10-31 15:49:14.625 23564-23564 TelemetryService        com.suleman.eagleeye                 V  Velocity changed - H: 0.0m/s, V: 0.0m/s
2025-10-31 15:49:14.743 23564-23564 TelemetryService        com.suleman.eagleeye                 V  Heading changed: 169.8°
