2025-11-07 13:03:57.147 20655-20655 ImeFocusController      com.empowerbits.dronifyit            V  onWindowFocus: com.android.internal.policy.DecorView{7d113d8 V.E...... R....... 0,0-1260,2800 aid=2}[MainActivity] softInputMode=STATE_UNSPECIFIED|ADJUST_PAN
2025-11-07 13:03:57.414 20655-20655 VRI[WaypointActivity]   com.empowerbits.dronifyit            D  visibilityChanged oldVisibility=true newVisibility=false
2025-11-07 13:03:57.434 20655-20655 ViewRootImpl            com.empowerbits.dronifyit            D  AppSizeAfterRelayout, size: Point(1260, 2800), rotation: ROTATION_0
2025-11-07 13:03:57.439 20655-24786 ProxyAndro...gerBackend com.empowerbits.dronifyit            W  Too many Flogger logs received before configuration. Dropping old logs.
2025-11-07 13:03:57.455 20655-20655 Google Android Maps SDK com.empowerbits.dronifyit            D  For capability in capabilities, log:
                                                                                                    "AdvancedMarkers: false: Capabilities unavailable without a Map ID."Data-driven styling: false
2025-11-07 13:03:57.455 20655-24786 ProxyAndro...gerBackend com.empowerbits.dronifyit            W  Too many Flogger logs received before configuration. Dropping old logs.
2025-11-07 13:03:57.466 20655-20655 ProxyAndro...gerBackend com.empowerbits.dronifyit            W  Too many Flogger logs received before configuration. Dropping old logs.
2025-11-07 13:03:57.470 20655-20655 ProxyAndro...gerBackend com.empowerbits.dronifyit            W  Too many Flogger logs received before configuration. Dropping old logs.
2025-11-07 13:03:57.471 20655-20655 ProxyAndro...gerBackend com.empowerbits.dronifyit            W  Too many Flogger logs received before configuration. Dropping old logs.
2025-11-07 13:03:57.471 20655-20655 ProxyAndro...gerBackend com.empowerbits.dronifyit            W  Too many Flogger logs received before configuration. Dropping old logs.
2025-11-07 13:03:57.472 20655-20655 ProxyAndro...gerBackend com.empowerbits.dronifyit            W  Too many Flogger logs received before configuration. Dropping old logs.
2025-11-07 13:03:57.473 20655-20655 ProxyAndro...gerBackend com.empowerbits.dronifyit            W  Too many Flogger logs received before configuration. Dropping old logs.
2025-11-07 13:03:57.473 20655-20655 ProxyAndro...gerBackend com.empowerbits.dronifyit            W  Too many Flogger logs received before configuration. Dropping old logs.
2025-11-07 13:03:57.474 20655-20655 ProxyAndro...gerBackend com.empowerbits.dronifyit            W  Too many Flogger logs received before configuration. Dropping old logs.
2025-11-07 13:03:57.476 20655-20655 CameraFeedFragment      com.empowerbits.dronifyit            D  💥 Surface DESTROYED
2025-11-07 13:03:57.476 20655-20655 CameraFeedFragment      com.empowerbits.dronifyit            I  ⏹️ Stopping camera stream
2025-11-07 13:03:57.477 20655-24093 V5_LIVE_VIEW            com.empowerbits.dronifyit            E  removeSurface： Surface(name=android.graphics.SurfaceTexture@7e6e3e5 mNativeObject=-5476376663965760544)/@0xb2135d1  currentSize = 0 
2025-11-07 13:03:57.477 20655-20655 CameraFeedFragment      com.empowerbits.dronifyit            I  ✅ Video stream stopped
2025-11-07 13:03:57.478 20655-20655 CameraFeedFragment      com.empowerbits.dronifyit            D  💀 onDestroyView
2025-11-07 13:03:57.479 20655-20655 TelemetryDisplayManager com.empowerbits.dronifyit            D  TelemetryDisplayManager cleanup completed for WaypointActivity
2025-11-07 13:03:57.479 20655-20655 SpeedDisplayManager     com.empowerbits.dronifyit            D  SpeedDisplayManager cleanup completed
2025-11-07 13:03:57.479 20655-20655 WaypointActivity        com.empowerbits.dronifyit            D  WaypointActivity destroyed
2025-11-07 13:03:57.479 20655-20655 WindowOnBackDispatcher  com.empowerbits.dronifyit            W  sendCancelIfRunning: isInProgress=false callback=android.view.ViewRootImpl$$ExternalSyntheticLambda11@c61a3ff
2025-11-07 13:03:57.486 20655-20655 CommandService_V5SDK    com.empowerbits.dronifyit            D  CommandService_V5SDK destroyed
2025-11-07 13:03:58.077 20655-24857 MSDKInfoVm              com.empowerbits.dronifyit            I  🔍 Polling for product type...
2025-11-07 13:03:58.079 20655-20655 MSDKInfoVm              com.empowerbits.dronifyit            I  📡 Polling result: UNRECOGNIZED
2025-11-07 13:04:01.205 20655-24147 MSDKInfoVm              com.empowerbits.dronifyit            I  🔍 Polling for product type...
2025-11-07 13:04:01.206 20655-20655 MSDKInfoVm              com.empowerbits.dronifyit            I  📡 Polling result: UNRECOGNIZED
2025-11-07 13:04:03.466 20655-20655 V5_PERCEPTION           com.empowerbits.dronifyit            E  destroy 
2025-11-07 13:04:03.477 20655-20655 DJIV5/PerceptionManager com.empowerbits.dronifyit            E  updatePerceptionDelegate 
2025-11-07 13:04:03.537 20655-20655 MSDKInfoVm              com.empowerbits.dronifyit            I  🔄 PRODUCT TYPE CHANGE DETECTED!
2025-11-07 13:04:03.537 20655-20655 MSDKInfoVm              com.empowerbits.dronifyit            I     Old Value: UNRECOGNIZED
2025-11-07 13:04:03.537 20655-20655 MSDKInfoVm              com.empowerbits.dronifyit            I     New Value: DJI_MINI_4_PRO
2025-11-07 13:04:03.537 20655-20655 MSDKInfoVm              com.empowerbits.dronifyit            I  🚁 VALID PRODUCT TYPE DETECTED: DJI_MINI_4_PRO
2025-11-07 13:04:03.538 20655-20655 MSDKInfoVm              com.empowerbits.dronifyit            I  ✅ Product type updated successfully: DJI_MINI_4_PRO
2025-11-07 13:04:03.543 20655-20655 TelemetryService        com.empowerbits.dronifyit            V  Altitude changed: 0.0m
2025-11-07 13:04:03.547 20655-20655 TelemetryService        com.empowerbits.dronifyit            V  Heading changed: 66.3°
2025-11-07 13:04:03.549 20655-20655 TelemetryService        com.empowerbits.dronifyit            V  Flight mode changed: GPS_NORMAL
2025-11-07 13:04:03.549 20655-20655 TelemetryService        com.empowerbits.dronifyit            V  GPS signal level changed: 0
2025-11-07 13:04:03.549 20655-20655 TelemetryService        com.empowerbits.dronifyit            V  Satellite count changed: 0
2025-11-07 13:04:03.549 20655-20655 TelemetryService        com.empowerbits.dronifyit            V  Velocity changed - H: 0.0m/s, V: 0.0m/s
2025-11-07 13:04:03.553 20655-20655 Eagle Eye               com.empowerbits.dronifyit            D  🏷️ Getting drone name for ProductType: DJI_MINI_4_PRO
2025-11-07 13:04:03.553 20655-20655 MainActivity            com.empowerbits.dronifyit            D  📡 Connection Update - Drone: true, ProductType: DJI_MINI_4_PRO, DroneName: DJI Mini 4 Pro
2025-11-07 13:04:03.553 20655-20655 MainActivity            com.empowerbits.dronifyit            I  ✅ DRONE CONNECTED - Product: DJI Mini 4 Pro (DJI_MINI_4_PRO)
2025-11-07 13:04:03.554 20655-20655 ConnectionStateManager  com.empowerbits.dronifyit            D  📡 Connection state updated - Connected: true, Type: DJI_MINI_4_PRO, Name: DJI Mini 4 Pro
2025-11-07 13:04:03.559 20655-20655 V5_COMMON               com.empowerbits.dronifyit            E  ErrorImp{errorType='CORE', errorCode='CANNOT_UPGRADE_IN_CUR_STATE', innerCode='PRODUCT.StartFirmwareBuriedDataTransfer:-510', description='null', hint='error code = -510'} 
2025-11-07 13:04:03.562 20655-23828 V5_COMMON               com.empowerbits.dronifyit            E  AircraftAutoHoverMode set failed: ErrorImp{errorType='CORE', errorCode='REQUEST_HANDLER_NOT_FOUND', innerCode='FLIGHTCONTROLLER.AircraftAutoHoverMode:-1', description='null', hint='error code = -1'} 
2025-11-07 13:04:03.580 20655-20655 TelemetryService        com.empowerbits.dronifyit            V  Link signal quality changed: 100%
2025-11-07 13:04:03.580 20655-20655 TelemetryService        com.empowerbits.dronifyit            V  Link signal quality changed: 0%
2025-11-07 13:04:03.580 20655-20655 TelemetryDisplayManager com.empowerbits.dronifyit            V  Remote signal updated: 100 (WaypointActivity)
2025-11-07 13:04:03.580 20655-20655 TelemetryDisplayManager com.empowerbits.dronifyit            V  Remote signal updated: 0 (WaypointActivity)
2025-11-07 13:04:03.680 20655-20655 TelemetryService        com.empowerbits.dronifyit            V  Battery charge changed: 19%
2025-11-07 13:04:03.876 20655-24113 ImageReader_JNI         com.empowerbits.dronifyit            D  ImageReader_init: ctx[0xb400006fd0059940], 480x1620, HalFormat[1], maxImages[2], ndkUsage[515], consumerUsage[515]
2025-11-07 13:04:03.877 20655-24113 libc                    com.empowerbits.dronifyit            W  Access denied finding property "vendor.display.enable_optimal_refresh_rate"
2025-11-07 13:04:03.872 20655-20655 LIVE_VIEW_LEFT_         com.empowerbits.dronifyit            W  type=1400 audit(0.0:223912): avc:  denied  { read } for  name="u:object_r:vendor_display_prop:s0" dev="tmpfs" ino=462 scontext=u:r:untrusted_app:s0:c22,c258,c512,c768 tcontext=u:object_r:vendor_display_prop:s0 tclass=file permissive=0 app=com.empowerbits.dronifyit
2025-11-07 13:04:03.881 20655-24113 libc                    com.empowerbits.dronifyit            W  Access denied finding property "vendor.display.enable_optimal_refresh_rate"
2025-11-07 13:04:03.881 20655-24113 MediaCodec              com.empowerbits.dronifyit            D  [0xb400006f00113390] [c2.qti.hevc.decoder] configure
2025-11-07 13:04:03.881 20655-24113 VivoCodecProcessSdk     com.empowerbits.dronifyit            D  get client pid:20655
2025-11-07 13:04:03.876 20655-20655 LIVE_VIEW_LEFT_         com.empowerbits.dronifyit            W  type=1400 audit(0.0:223913): avc:  denied  { read } for  name="u:object_r:vendor_display_prop:s0" dev="tmpfs" ino=462 scontext=u:r:untrusted_app:s0:c22,c258,c512,c768 tcontext=u:object_r:vendor_display_prop:s0 tclass=file permissive=0 app=com.empowerbits.dronifyit
2025-11-07 13:04:03.889 20655-24116 SurfaceUtils            com.empowerbits.dronifyit            D  connecting to surface 0xb400007070041e00, reason connectToSurface
2025-11-07 13:04:03.889 20655-24116 MediaCodec              com.empowerbits.dronifyit            I  [c2.qti.hevc.decoder] setting surface generation to 21150721
2025-11-07 13:04:03.889 20655-24116 SurfaceUtils            com.empowerbits.dronifyit            D  disconnecting from surface 0xb400007070041e00, reason connectToSurface(reconnect)
2025-11-07 13:04:03.889 20655-24116 SurfaceUtils            com.empowerbits.dronifyit            D  connecting to surface 0xb400007070041df0, reason connectToSurface(reconnect-with-listener)
2025-11-07 13:04:03.890 20655-24116 libc                    com.empowerbits.dronifyit            W  Access denied finding property "vendor.vivo.debug.PqSetting.enable"
2025-11-07 13:04:03.890 20655-24117 CCodec                  com.empowerbits.dronifyit            D  [c2.qti.hevc.decoder] buffers are bound to CCodec for this session
2025-11-07 13:04:03.894 20655-24117 Codec2Client            com.empowerbits.dronifyit            W  query -- param skipped: index = 1107298332.
2025-11-07 13:04:03.894 20655-24117 CCodec                  com.empowerbits.dronifyit            D  encoding statistics level = 0
2025-11-07 13:04:03.894 20655-24117 CCodec                  com.empowerbits.dronifyit            D  setup formats input: AMessage(what = 0x00000000) = {
                                                                                                      int32_t feature-secure-playback = 0
                                                                                                      int32_t frame-rate = 30
                                                                                                      int32_t height = 1080
                                                                                                      int32_t max-input-size = 16588800
                                                                                                      string mime = "video/hevc"
                                                                                                      int32_t priority = 1
                                                                                                      int32_t profile = 1
                                                                                                      int32_t width = 1920
                                                                                                      Rect crop(0, 0, 1919, 1079)
                                                                                                    }
2025-11-07 13:04:03.894 20655-24117 CCodec                  com.empowerbits.dronifyit            D  setup formats output: AMessage(what = 0x00000000) = {
                                                                                                      int32_t android._color-format = 0
                                                                                                      int32_t android._video-scaling = 1
                                                                                                      int32_t android._dataspace = 260
                                                                                                      int32_t color-standard = 1
                                                                                                      int32_t color-range = 2
                                                                                                      int32_t color-transfer = 3
                                                                                                      int32_t sar-height = 1
                                                                                                      int32_t rotation-degrees = 0
                                                                                                      Buffer hdr-static-info = {
                                                                                                        00000000:  00 00 00 00 00 00 00 00  00 00 00 00 00 00 00 00  ................
                                                                                                        00000010:  00 00 00 00 00 00 00 00  00                       .........
                                                                                                      }
                                                                                                      int32_t sar-width = 1
                                                                                                      Rect crop(0, 0, 1919, 1079)
                                                                                                      int32_t width = 1920
                                                                                                      int32_t feature-secure-playback = 0
                                                                                                      int32_t frame-rate = 30
                                                                                                      Buffer hdr10-plus-info = {
                                                                                                      }
                                                                                                      int32_t height = 1080
                                                                                                      int32_t max-height = 2160
                                                                                                      int32_t max-width = 4096
                                                                                                      string mime = "video/raw"
                                                                                                      int32_t priority = 1
                                                                                                      int32_t color-format = 2130708361
                                                                                                    }
2025-11-07 13:04:03.894 20655-24117 CCodecConfig            com.empowerbits.dronifyit            I  query failed after returning 18 values (BAD_INDEX)
2025-11-07 13:04:03.895 20655-24117 CCodec                  com.empowerbits.dronifyit            D  comp->start() begin
2025-11-07 13:04:03.905 20655-24117 CCodec                  com.empowerbits.dronifyit            D  comp->start() end
2025-11-07 13:04:03.906 20655-24117 Codec2Client            com.empowerbits.dronifyit            W  query -- param skipped: index = 1342179345.
2025-11-07 13:04:03.906 20655-24117 Codec2Client            com.empowerbits.dronifyit            W  query -- param skipped: index = 2415921170.
2025-11-07 13:04:03.906 20655-24117 Codec2Client            com.empowerbits.dronifyit            W  query -- param skipped: index = 1610614798.
2025-11-07 13:04:03.906 20655-24117 CCodecBufferChannel     com.empowerbits.dronifyit            D  [c2.qti.hevc.decoder#731] Query input allocators returned 0 params => BAD_INDEX (6)
2025-11-07 13:04:03.906 20655-24117 C2Store                 com.empowerbits.dronifyit            D  debug.c2.use_dmabufheaps set, forcing DMABUF Heaps
2025-11-07 13:04:03.906 20655-24117 C2Store                 com.empowerbits.dronifyit            D  Using DMABUF Heaps
2025-11-07 13:04:03.907 20655-24117 CCodecBufferChannel     com.empowerbits.dronifyit            D  inputDelay:0 pipeDelay:0 inputSlot:4
2025-11-07 13:04:03.907 20655-24117 CCodecBufferChannel     com.empowerbits.dronifyit            D  [c2.qti.hevc.decoder#731] start: max output delay 15
2025-11-07 13:04:03.907 20655-24117 CCodecBufferChannel     com.empowerbits.dronifyit            D  [c2.qti.hevc.decoder#731] Query output allocators returned 0 params => BAD_INDEX (6)
2025-11-07 13:04:03.908 20655-24117 CCodecBufferChannel     com.empowerbits.dronifyit            D  [c2.qti.hevc.decoder#731] Query output surface allocator returned 0 params => BAD_INDEX (6)
2025-11-07 13:04:03.909 20655-24117 Codec2-Out...ufferQueue com.empowerbits.dronifyit            D  remote graphic buffer migration 0/0
2025-11-07 13:04:03.909 20655-24117 Codec2Client            com.empowerbits.dronifyit            D  setOutputSurface -- failed to set consumer usage (6/BAD_INDEX)
2025-11-07 13:04:03.909 20655-24117 Codec2Client            com.empowerbits.dronifyit            D  setOutputSurface -- generation=21150721 consumer usage=0x900
2025-11-07 13:04:03.912 20655-24117 Codec2Client            com.empowerbits.dronifyit            D  Surface configure completed
2025-11-07 13:04:03.912 20655-24117 CCodecBufferChannel     com.empowerbits.dronifyit            D  [c2.qti.hevc.decoder#731] start: updating output delay 4
2025-11-07 13:04:03.912 20655-24117 DMABUFHEAPS             com.empowerbits.dronifyit            I  Using DMA-BUF heap named: system
2025-11-07 13:04:03.916 20655-24116 VivoVideoDumpInfo       com.empowerbits.dronifyit            I  property persist.sys.log.ctrl-->no
2025-11-07 13:04:03.916 20655-24116 VivoVideoDumpInfo       com.empowerbits.dronifyit            I  logger is not running,videoDump is disable.
2025-11-07 13:04:03.924 20655-24117 CCodecBufferChannel     com.empowerbits.dronifyit            D  [c2.qti.hevc.decoder#731] onWorkDone: updating output delay 10
2025-11-07 13:04:03.924 20655-24117 CCodecBufferChannel     com.empowerbits.dronifyit            I  [c2.qti.hevc.decoder#731] onWorkDone: updating max output delay 17
2025-11-07 13:04:03.924 20655-24117 Codec2-Out...ufferQueue com.empowerbits.dronifyit            D  set max dequeue count 17 from update
2025-11-07 13:04:03.926 20655-24103 CCodecBufferChannel     com.empowerbits.dronifyit            D  [c2.qti.hevc.decoder#731] Ignoring stale input buffer done callback: last flush index = 0, frameIndex = 0
2025-11-07 13:04:04.024 20655-24116 CCodecBufferChannel     com.empowerbits.dronifyit            D  [c2.qti.hevc.decoder#731] first render dataSpace=260
2025-11-07 13:04:04.027 20655-24093 qdgralloc               com.empowerbits.dronifyit            W  getInterlacedFlag: getMetaData returned 3, defaulting to interlaced_flag = 0
2025-11-07 13:04:04.034 20655-24093 qdgralloc               com.empowerbits.dronifyit            W  getInterlacedFlag: getMetaData returned 3, defaulting to interlaced_flag = 0
2025-11-07 13:04:04.047 20655-24093 qdgralloc               com.empowerbits.dronifyit            W  getInterlacedFlag: getMetaData returned 3, defaulting to interlaced_flag = 0
2025-11-07 13:04:04.064 20655-24093 V5_LIVE_VIEW            com.empowerbits.dronifyit            E  removeSurface： Surface(name=null mNativeObject=-5476376663965865184)/@0xc49cfad  currentSize = 0 
2025-11-07 13:04:04.065 20655-24106 ImageReader_JNI         com.empowerbits.dronifyit            D  ImageReader_close: ctx[0xb400006fd0059940], 480x1620, HalFormat[1]
2025-11-07 13:04:04.088 20655-24093 qdgralloc               com.empowerbits.dronifyit            W  getInterlacedFlag: getMetaData returned 3, defaulting to interlaced_flag = 0
2025-11-07 13:04:04.095 20655-24116 CCodecConfig            com.empowerbits.dronifyit            I  query failed after returning 18 values (BAD_INDEX)
2025-11-07 13:04:04.096 20655-24117 CCodecBufferChannel     com.empowerbits.dronifyit            D  [c2.qti.hevc.decoder#731] Discard frames from previous generation.
2025-11-07 13:04:04.098 20655-24116 Codec2Client            com.empowerbits.dronifyit            W  query -- param skipped: index = 1342179345.
2025-11-07 13:04:04.098 20655-24116 Codec2Client            com.empowerbits.dronifyit            W  query -- param skipped: index = 2415921170.
2025-11-07 13:04:04.098 20655-24116 Codec2Client            com.empowerbits.dronifyit            W  query -- param skipped: index = 1610614798.
2025-11-07 13:04:04.099 20655-24116 CCodecBufferChannel     com.empowerbits.dronifyit            D  [c2.qti.hevc.decoder#731] start: updating output delay 10
2025-11-07 13:04:04.121 20655-20655 TelemetryService        com.empowerbits.dronifyit            V  Heading changed: 66.2°
2025-11-07 13:04:04.211 20655-20655 TelemetryService        com.empowerbits.dronifyit            V  Heading changed: 66.3°
2025-11-07 13:04:04.221 20655-20655 TelemetryService        com.empowerbits.dronifyit            V  Link signal quality changed: 0%
2025-11-07 13:04:04.222 20655-20655 TelemetryDisplayManager com.empowerbits.dronifyit            V  Remote signal updated: 0 (WaypointActivity)
2025-11-07 13:04:04.581 20655-20655 TelemetryService        com.empowerbits.dronifyit            V  Link signal quality changed: 80%
2025-11-07 13:04:04.582 20655-20655 TelemetryService        com.empowerbits.dronifyit            V  Link signal quality changed: 80%
2025-11-07 13:04:04.583 20655-20655 TelemetryDisplayManager com.empowerbits.dronifyit            V  Remote signal updated: 80 (WaypointActivity)
2025-11-07 13:04:04.583 20655-20655 TelemetryDisplayManager com.empowerbits.dronifyit            V  Remote signal updated: 80 (WaypointActivity)
2025-11-07 13:04:05.515 20655-20655 TelemetryService        com.empowerbits.dronifyit            V  Heading changed: 66.2°
2025-11-07 13:04:05.580 20655-20655 TelemetryService        com.empowerbits.dronifyit            V  Link signal quality changed: 80%
2025-11-07 13:04:05.581 20655-20655 TelemetryDisplayManager com.empowerbits.dronifyit            V  Remote signal updated: 80 (WaypointActivity)
2025-11-07 13:04:05.582 20655-20655 TelemetryService        com.empowerbits.dronifyit            V  Link signal quality changed: 100%
2025-11-07 13:04:05.583 20655-20655 TelemetryDisplayManager com.empowerbits.dronifyit            V  Remote signal updated: 100 (WaypointActivity)
2025-11-07 13:04:05.632 20655-20655 TelemetryService        com.empowerbits.dronifyit            V  Heading changed: 66.3°
2025-11-07 13:04:05.883 20655-23887 V5_FLY_SAFE             com.empowerbits.dronifyit            E  ceupCEDbUpgradeStateWrapper{appState=DB_NOT_COVER, fcState=UP_TO_DATE, appMD5='', fcMD5='', serverMD5=''} 
2025-11-07 13:04:06.112 20655-20655 TelemetryService        com.empowerbits.dronifyit            V  Heading changed: 66.2°
2025-11-07 13:04:06.205 20655-24147 MSDKInfoVm              com.empowerbits.dronifyit            I  🔍 Polling for product type...
2025-11-07 13:04:06.207 20655-20655 MSDKInfoVm              com.empowerbits.dronifyit            I  📡 Polling result: DJI_MINI_4_PRO
2025-11-07 13:04:06.420 20655-20655 TelemetryService        com.empowerbits.dronifyit            V  Heading changed: 66.3°
2025-11-07 13:04:06.718 20655-20655 TelemetryService        com.empowerbits.dronifyit            V  Heading changed: 66.2°
2025-11-07 13:04:06.813 20655-20655 TelemetryService        com.empowerbits.dronifyit            V  Heading changed: 66.3°
2025-11-07 13:04:06.866 20655-20655 WindowOnBackDispatcher  com.empowerbits.dronifyit            W  OnBackInvokedCallback is not enabled for the application.
                                                                                                    Set 'android:enableOnBackInvokedCallback="true"' in the application manifest.
2025-11-07 13:04:06.897 20655-20655 ProjectDialogFragment   com.empowerbits.dronifyit            D  ProjectDialogFragment created. Upload Photos Mode: false
2025-11-07 13:04:06.935 20655-20655 ViewRootImpl            com.empowerbits.dronifyit            D  AppSizeAfterRelayout, size: Point(1452, 2884), rotation: ROTATION_0
2025-11-07 13:04:06.936 20655-20655 libc                    com.empowerbits.dronifyit            W  Access denied finding property "vendor.display.enable_optimal_refresh_rate"
2025-11-07 13:04:06.932 20655-20655 rbits.dronifyit         com.empowerbits.dronifyit            W  type=1400 audit(0.0:223914): avc:  denied  { read } for  name="u:object_r:vendor_display_prop:s0" dev="tmpfs" ino=462 scontext=u:r:untrusted_app:s0:c22,c258,c512,c768 tcontext=u:object_r:vendor_display_prop:s0 tclass=file permissive=0 app=com.empowerbits.dronifyit
2025-11-07 13:04:06.949 20655-20655 TelemetryService        com.empowerbits.dronifyit            V  Heading changed: 66.2°
2025-11-07 13:04:06.965 20655-20655 ViewRootImpl            com.empowerbits.dronifyit            D  AppSizeAfterRelayout, size: Point(1452, 2812), rotation: ROTATION_0
2025-11-07 13:04:07.006 20655-20655 ImeFocusController      com.empowerbits.dronifyit            V  onWindowFocus: android.widget.LinearLayout{7bdc213 VFE...... .F...... 0,0-1260,2620} softInputMode=STATE_UNSPECIFIED|ADJUST_PAN
2025-11-07 13:04:07.011 20655-20655 TelemetryService        com.empowerbits.dronifyit            V  Heading changed: 66.3°
2025-11-07 13:04:07.019 20655-23887 V5_FLY_SAFE             com.empowerbits.dronifyit            E  ceupCEDbUpgradeStateWrapper{appState=DB_NOT_COVER, fcState=UP_TO_DATE, appMD5='', fcMD5='', serverMD5=''} 
2025-11-07 13:04:07.959 20655-20655 ProjectDialogFragment   com.empowerbits.dronifyit            E  Context is not MissionPlanner, starting new activity
2025-11-07 13:04:07.994 20655-20655 WindowOnBackDispatcher  com.empowerbits.dronifyit            W  sendCancelIfRunning: isInProgress=false callback=android.view.ViewRootImpl$$ExternalSyntheticLambda11@3b747b4
2025-11-07 13:04:08.012 20655-20655 WindowOnBackDispatcher  com.empowerbits.dronifyit            W  OnBackInvokedCallback is not enabled for the application.
                                                                                                    Set 'android:enableOnBackInvokedCallback="true"' in the application manifest.
2025-11-07 13:04:08.040 20655-20655 Google Android Maps SDK com.empowerbits.dronifyit            I  Google Play services package version: 254031035
2025-11-07 13:04:08.040 20655-20655 Google Android Maps SDK com.empowerbits.dronifyit            I  Google Play services maps renderer version(maps_core): 253425402
2025-11-07 13:04:08.048 20655-20655 ProxyAndro...gerBackend com.empowerbits.dronifyit            W  Too many Flogger logs received before configuration. Dropping old logs.
2025-11-07 13:04:08.058 20655-20655 ProxyAndro...gerBackend com.empowerbits.dronifyit            W  Too many Flogger logs received before configuration. Dropping old logs.
2025-11-07 13:04:08.061 20655-20655 ProxyAndro...gerBackend com.empowerbits.dronifyit            W  Too many Flogger logs received before configuration. Dropping old logs.
2025-11-07 13:04:08.061 20655-20655 ProxyAndro...gerBackend com.empowerbits.dronifyit            W  Too many Flogger logs received before configuration. Dropping old logs.
2025-11-07 13:04:08.063 20655-20655 ProxyAndro...gerBackend com.empowerbits.dronifyit            W  Too many Flogger logs received before configuration. Dropping old logs.
2025-11-07 13:04:08.065 20655-24909 ProxyAndro...gerBackend com.empowerbits.dronifyit            W  Too many Flogger logs received before configuration. Dropping old logs.
2025-11-07 13:04:08.065 20655-24909 ProxyAndro...gerBackend com.empowerbits.dronifyit            W  Too many Flogger logs received before configuration. Dropping old logs.
2025-11-07 13:04:08.066 20655-20655 ProxyAndro...gerBackend com.empowerbits.dronifyit            W  Too many Flogger logs received before configuration. Dropping old logs.
2025-11-07 13:04:08.066 20655-20655 ProxyAndro...gerBackend com.empowerbits.dronifyit            W  Too many Flogger logs received before configuration. Dropping old logs.
2025-11-07 13:04:08.099 20655-20655 WaypointActivity        com.empowerbits.dronifyit            D  NFZ Panel initialized
2025-11-07 13:04:08.102 20655-20655 TelemetryService        com.empowerbits.dronifyit            D  TelemetryService already initialized
2025-11-07 13:04:08.102 20655-20655 WaypointActivity        com.empowerbits.dronifyit            D  Initializing display managers...
2025-11-07 13:04:08.102 20655-20655 TelemetryDisplayManager com.empowerbits.dronifyit            D  TelemetryDisplayManager created for WaypointActivity
2025-11-07 13:04:08.102 20655-20655 TelemetryDisplayManager com.empowerbits.dronifyit            V  Flight mode updated: N/A (WaypointActivity)
2025-11-07 13:04:08.103 20655-20655 TelemetryDisplayManager com.empowerbits.dronifyit            V  Satellite count updated: 0 (WaypointActivity)
2025-11-07 13:04:08.103 20655-20655 TelemetryDisplayManager com.empowerbits.dronifyit            V  GPS signal updated: 0 (WaypointActivity)
2025-11-07 13:04:08.104 20655-20655 TelemetryDisplayManager com.empowerbits.dronifyit            V  Battery level updated: 0% (WaypointActivity)
2025-11-07 13:04:08.104 20655-20655 TelemetryDisplayManager com.empowerbits.dronifyit            V  Remote signal updated: 0 (WaypointActivity)
2025-11-07 13:04:08.104 20655-20655 TelemetryDisplayManager com.empowerbits.dronifyit            D  Telemetry display reset to default values (WaypointActivity)
2025-11-07 13:04:08.104 20655-20655 TelemetryDisplayManager com.empowerbits.dronifyit            D  Components initialized for WaypointActivity
2025-11-07 13:04:08.104 20655-20655 SpeedDisplayManager     com.empowerbits.dronifyit            D  SpeedDisplayManager components initialized
2025-11-07 13:04:08.104 20655-20655 TelemetryDisplayManager com.empowerbits.dronifyit            D  Telemetry listeners setup successfully for WaypointActivity
2025-11-07 13:04:08.104 20655-20655 SpeedDisplayManager     com.empowerbits.dronifyit            D  Telemetry listeners registered successfully
2025-11-07 13:04:08.104 20655-20655 WaypointActivity        com.empowerbits.dronifyit            D  Display managers initialized successfully
2025-11-07 13:04:08.105 20655-20655 WaypointActivity        com.empowerbits.dronifyit            D  Storage permission not granted, will request when needed
2025-11-07 13:04:08.109 20655-20655 CameraFeedFragment      com.empowerbits.dronifyit            D  📄 onCreateView called
2025-11-07 13:04:08.109 20655-20655 CameraFeedFragment      com.empowerbits.dronifyit            D  👁️ onViewCreated called
2025-11-07 13:04:08.109 20655-20655 CameraFeedFragment      com.empowerbits.dronifyit            D  ✅ CameraStreamManager initialized
2025-11-07 13:04:08.109 20655-20655 CameraFeedFragment      com.empowerbits.dronifyit            D  ✅ Fragment view created - Connected: true, Product: DJI_MINI_4_PRO
2025-11-07 13:04:08.110 20655-20655 CameraFeedFragment      com.empowerbits.dronifyit            D  🔗 Connection state changed: true
2025-11-07 13:04:08.110 20655-20655 CameraFeedFragment      com.empowerbits.dronifyit            D  🔄 updateConnectionLogic - Connected: true, Product: DJI_MINI_4_PRO, TextureAvailable: false, StreamStarted: false
2025-11-07 13:04:08.110 20655-20655 CameraFeedFragment      com.empowerbits.dronifyit            D  🚁 Product type changed: DJI_MINI_4_PRO
2025-11-07 13:04:08.110 20655-20655 CameraFeedFragment      com.empowerbits.dronifyit            D  🔄 updateConnectionLogic - Connected: true, Product: DJI_MINI_4_PRO, TextureAvailable: false, StreamStarted: false
2025-11-07 13:04:08.111 20655-20655 WaypointActivity        com.empowerbits.dronifyit            D  🔗 Connection state changed: true
2025-11-07 13:04:08.112 20655-20655 CameraFeedFragment      com.empowerbits.dronifyit            D  ▶️ onResume
2025-11-07 13:04:08.116 20655-24909 ProxyAndro...gerBackend com.empowerbits.dronifyit            W  Too many Flogger logs received before configuration. Dropping old logs.
2025-11-07 13:04:08.116 20655-24909 ProxyAndro...gerBackend com.empowerbits.dronifyit            W  Too many Flogger logs received before configuration. Dropping old logs.
2025-11-07 13:04:08.126 20655-24907 ProxyAndro...gerBackend com.empowerbits.dronifyit            W  Too many Flogger logs received before configuration. Dropping old logs.
2025-11-07 13:04:08.126 20655-24907 ProxyAndro...gerBackend com.empowerbits.dronifyit            W  Too many Flogger logs received before configuration. Dropping old logs.
2025-11-07 13:04:08.135 20655-24909 ProxyAndro...gerBackend com.empowerbits.dronifyit            W  Too many Flogger logs received before configuration. Dropping old logs.
2025-11-07 13:04:08.135 20655-24909 ProxyAndro...gerBackend com.empowerbits.dronifyit            W  Too many Flogger logs received before configuration. Dropping old logs.
2025-11-07 13:04:08.137 20655-20655 ViewRootImpl            com.empowerbits.dronifyit            D  AppSizeAfterRelayout, size: Point(1260, 2800), rotation: ROTATION_0
2025-11-07 13:04:08.137 20655-20655 libc                    com.empowerbits.dronifyit            W  Access denied finding property "vendor.display.enable_optimal_refresh_rate"
2025-11-07 13:04:08.136 20655-20655 rbits.dronifyit         com.empowerbits.dronifyit            W  type=1400 audit(0.0:223917): avc:  denied  { read } for  name="u:object_r:vendor_display_prop:s0" dev="tmpfs" ino=462 scontext=u:r:untrusted_app:s0:c22,c258,c512,c768 tcontext=u:object_r:vendor_display_prop:s0 tclass=file permissive=0 app=com.empowerbits.dronifyit
2025-11-07 13:04:08.144 20655-20655 libc                    com.empowerbits.dronifyit            W  Access denied finding property "vendor.display.enable_optimal_refresh_rate"
2025-11-07 13:04:08.140 20655-20655 rbits.dronifyit         com.empowerbits.dronifyit            W  type=1400 audit(0.0:223918): avc:  denied  { read } for  name="u:object_r:vendor_display_prop:s0" dev="tmpfs" ino=462 scontext=u:r:untrusted_app:s0:c22,c258,c512,c768 tcontext=u:object_r:vendor_display_prop:s0 tclass=file permissive=0 app=com.empowerbits.dronifyit
2025-11-07 13:04:08.146 20655-20655 libc                    com.empowerbits.dronifyit            W  Access denied finding property "vendor.display.enable_optimal_refresh_rate"
2025-11-07 13:04:08.146 20655-24911 libc                    com.empowerbits.dronifyit            W  Access denied finding property "vendor.display.enable_optimal_refresh_rate"
2025-11-07 13:04:08.146 20655-20655 CameraFeedFragment      com.empowerbits.dronifyit            D  🎨 Surface AVAILABLE: 690x420
2025-11-07 13:04:08.144 20655-20655 rbits.dronifyit         com.empowerbits.dronifyit            W  type=1400 audit(0.0:223919): avc:  denied  { read } for  name="u:object_r:vendor_display_prop:s0" dev="tmpfs" ino=462 scontext=u:r:untrusted_app:s0:c22,c258,c512,c768 tcontext=u:object_r:vendor_display_prop:s0 tclass=file permissive=0 app=com.empowerbits.dronifyit
2025-11-07 13:04:08.151 20655-24906 ProxyAndro...gerBackend com.empowerbits.dronifyit            W  Too many Flogger logs received before configuration. Dropping old logs.
2025-11-07 13:04:08.151 20655-24906 ProxyAndro...gerBackend com.empowerbits.dronifyit            W  Too many Flogger logs received before configuration. Dropping old logs.
2025-11-07 13:04:08.155 20655-20655 MediaCodec              com.empowerbits.dronifyit            D  [0xb400006f00113390] [c2.qti.hevc.decoder] releaseAsync
2025-11-07 13:04:08.155 20655-24116 MediaCodec              com.empowerbits.dronifyit            I  ++kWhatRelease   mState :6/STARTED, rel =1
2025-11-07 13:04:08.155 20655-24116 libc                    com.empowerbits.dronifyit            W  Access denied finding property "vendor.display.enable_optimal_refresh_rate"
2025-11-07 13:04:08.156 20655-24116 SurfaceUtils            com.empowerbits.dronifyit            D  connecting to surface 0xb400007070109fe0, reason connectToSurface
2025-11-07 13:04:08.156 20655-24116 MediaCodec              com.empowerbits.dronifyit            I  [c2.qti.hevc.decoder] setting surface generation to 21150722
2025-11-07 13:04:08.156 20655-24116 SurfaceUtils            com.empowerbits.dronifyit            D  disconnecting from surface 0xb400007070109fe0, reason connectToSurface(reconnect)
2025-11-07 13:04:08.156 20655-24116 SurfaceUtils            com.empowerbits.dronifyit            D  connecting to surface 0xb400007070109fd0, reason connectToSurface(reconnect-with-listener)
2025-11-07 13:04:08.156 20655-24116 Codec2-Out...ufferQueue com.empowerbits.dronifyit            D  remote graphic buffer migration 0/0
2025-11-07 13:04:08.156 20655-24906 ProxyAndro...gerBackend com.empowerbits.dronifyit            W  Too many Flogger logs received before configuration. Dropping old logs.
2025-11-07 13:04:08.156 20655-24906 ProxyAndro...gerBackend com.empowerbits.dronifyit            W  Too many Flogger logs received before configuration. Dropping old logs.
2025-11-07 13:04:08.158 20655-24116 Codec2Client            com.empowerbits.dronifyit            D  setOutputSurface -- failed to set consumer usage (6/BAD_INDEX)
2025-11-07 13:04:08.158 20655-24116 Codec2Client            com.empowerbits.dronifyit            D  setOutputSurface -- generation=21150722 consumer usage=0x900
2025-11-07 13:04:08.161 20655-24906 ProxyAndro...gerBackend com.empowerbits.dronifyit            W  Too many Flogger logs received before configuration. Dropping old logs.
2025-11-07 13:04:08.162 20655-24906 ProxyAndro...gerBackend com.empowerbits.dronifyit            W  Too many Flogger logs received before configuration. Dropping old logs.
2025-11-07 13:04:08.165 20655-24116 Codec2Client            com.empowerbits.dronifyit            D  Surface configure completed
2025-11-07 13:04:08.165 20655-24116 SurfaceUtils            com.empowerbits.dronifyit            D  disconnecting from surface 0xb400007070041e00, reason disconnectFromSurface
2025-11-07 13:04:08.166 20655-24907 ProxyAndro...gerBackend com.empowerbits.dronifyit            W  Too many Flogger logs received before configuration. Dropping old logs.
2025-11-07 13:04:08.166 20655-24907 ProxyAndro...gerBackend com.empowerbits.dronifyit            W  Too many Flogger logs received before configuration. Dropping old logs.
2025-11-07 13:04:08.167 20655-24116 MediaCodec              com.empowerbits.dronifyit            I  --kWhatRelease   mState :10/RELEASING
2025-11-07 13:04:08.167 20655-24922 CCodec                  com.empowerbits.dronifyit            I  comp->release() begin
2025-11-07 13:04:08.168 20655-20655 AString                 com.empowerbits.dronifyit            W  ctor got NULL, using empty string instead
2025-11-07 13:04:08.168 20655-20655 MediaCodec              com.empowerbits.dronifyit            D  get client pid:-1
2025-11-07 13:04:08.168 20655-20655 MediaCodec              com.empowerbits.dronifyit            D  can't get client name
2025-11-07 13:04:08.168 20655-20655 MediaCodecList          com.empowerbits.dronifyit            D  codecHandlesFormat: no format, so no extra checks
2025-11-07 13:04:08.169 20655-20655 MediaCodecList          com.empowerbits.dronifyit            D  codecHandlesFormat: no format, so no extra checks
2025-11-07 13:04:08.169 20655-20655 MediaCodecList          com.empowerbits.dronifyit            D  codecHandlesFormat: no format, so no extra checks
2025-11-07 13:04:08.169 20655-20655 AString                 com.empowerbits.dronifyit            W  ctor got NULL, using empty string instead
2025-11-07 13:04:08.169 20655-20655 VideoRende...ityTracker com.empowerbits.dronifyit            I  mConfiguration.enabled:0
2025-11-07 13:04:08.171 20655-20655 MediaCodec              com.empowerbits.dronifyit            D  start codec->reclaim
2025-11-07 13:04:08.171 20655-20655 MediaCodec              com.empowerbits.dronifyit            D  MediaCodec::reclaim(0xb400006f00113390) c2.qti.hevc.decoder
2025-11-07 13:04:08.171 20655-24116 MediaCodec              com.empowerbits.dronifyit            I  ++kWhatRelease   mState :10/RELEASING, rel =1
2025-11-07 13:04:08.171 20655-24116 MediaCodec              com.empowerbits.dronifyit            I  msg->what() = 1919249509  mState :10
2025-11-07 13:04:08.175 20655-24907 ProxyAndro...gerBackend com.empowerbits.dronifyit            W  Too many Flogger logs received before configuration. Dropping old logs.
2025-11-07 13:04:08.175 20655-24907 ProxyAndro...gerBackend com.empowerbits.dronifyit            W  Too many Flogger logs received before configuration. Dropping old logs.
2025-11-07 13:04:08.178 20655-24906 ProxyAndro...gerBackend com.empowerbits.dronifyit            W  Too many Flogger logs received before configuration. Dropping old logs.
2025-11-07 13:04:08.179 20655-24906 ProxyAndro...gerBackend com.empowerbits.dronifyit            W  Too many Flogger logs received before configuration. Dropping old logs.
2025-11-07 13:04:08.185 20655-24922 CCodec                  com.empowerbits.dronifyit            I  comp->release() end
2025-11-07 13:04:08.185 20655-24117 hw-BpHwBinder           com.empowerbits.dronifyit            I  onLastStrongRef automatically unlinking death recipients
2025-11-07 13:04:08.185 20655-24116 MediaCodec              com.empowerbits.dronifyit            D  [0xb400006f00113390] [c2.qti.hevc.decoder] kWhatReleaseCompleted
2025-11-07 13:04:08.185 20655-24116 SurfaceUtils            com.empowerbits.dronifyit            D  disconnecting from surface 0xb400007070109fe0, reason disconnectFromSurface
2025-11-07 13:04:08.187 20655-24909 ProxyAndro...gerBackend com.empowerbits.dronifyit            W  Too many Flogger logs received before configuration. Dropping old logs.
2025-11-07 13:04:08.187 20655-24909 ProxyAndro...gerBackend com.empowerbits.dronifyit            W  Too many Flogger logs received before configuration. Dropping old logs.
2025-11-07 13:04:08.188 20655-20655 MediaCodec              com.empowerbits.dronifyit            D  MediaCodec looper is gone, skip reclaim
2025-11-07 13:04:08.188 20655-20655 MediaCodec              com.empowerbits.dronifyit            D  MediaCodec::reclaim(0xb400006f00113390) c2.qti.hevc.decoder  end
2025-11-07 13:04:08.188 20655-20655 MediaCodec              com.empowerbits.dronifyit            D  reclaimResource end
2025-11-07 13:04:08.188 20655-20655 MediaCodec              com.empowerbits.dronifyit            W  no metrics handle found
2025-11-07 13:04:08.190 20655-20655 CCodecBufferChannel     com.empowerbits.dronifyit            I  mIsVivoLogEnable = 0 renderMetricsEnabled = 0
2025-11-07 13:04:08.195 20655-24907 ProxyAndro...gerBackend com.empowerbits.dronifyit            W  Too many Flogger logs received before configuration. Dropping old logs.
2025-11-07 13:04:08.195 20655-24907 ProxyAndro...gerBackend com.empowerbits.dronifyit            W  Too many Flogger logs received before configuration. Dropping old logs.
2025-11-07 13:04:08.200 20655-24906 ProxyAndro...gerBackend com.empowerbits.dronifyit            W  Too many Flogger logs received before configuration. Dropping old logs.
2025-11-07 13:04:08.200 20655-24906 ProxyAndro...gerBackend com.empowerbits.dronifyit            W  Too many Flogger logs received before configuration. Dropping old logs.
2025-11-07 13:04:08.200 20655-24924 CCodec                  com.empowerbits.dronifyit            D  allocate(c2.qti.hevc.decoder)
2025-11-07 13:04:08.203 20655-24924 CCodec                  com.empowerbits.dronifyit            I  setting up 'default' as default (vendor) store
2025-11-07 13:04:08.209 20655-24909 ProxyAndro...gerBackend com.empowerbits.dronifyit            W  Too many Flogger logs received before configuration. Dropping old logs.
2025-11-07 13:04:08.210 20655-24909 ProxyAndro...gerBackend com.empowerbits.dronifyit            W  Too many Flogger logs received before configuration. Dropping old logs.
2025-11-07 13:04:08.216 20655-24906 ProxyAndro...gerBackend com.empowerbits.dronifyit            W  Too many Flogger logs received before configuration. Dropping old logs.
2025-11-07 13:04:08.216 20655-24906 ProxyAndro...gerBackend com.empowerbits.dronifyit            W  Too many Flogger logs received before configuration. Dropping old logs.
2025-11-07 13:04:08.217 20655-24924 CCodec                  com.empowerbits.dronifyit            I  Created component [c2.qti.hevc.decoder]
2025-11-07 13:04:08.217 20655-24924 CCodecConfig            com.empowerbits.dronifyit            D  read media type: video/hevc
2025-11-07 13:04:08.221 20655-24924 ReflectedParamUpdater   com.empowerbits.dronifyit            D  ignored struct field vendor.output.configs.portConfigs
2025-11-07 13:04:08.226 20655-24907 ProxyAndro...gerBackend com.empowerbits.dronifyit            W  Too many Flogger logs received before configuration. Dropping old logs.
2025-11-07 13:04:08.226 20655-24924 ReflectedParamUpdater   com.empowerbits.dronifyit            D  extent() != 1 for single value type: output.subscribed-indices.values
2025-11-07 13:04:08.226 20655-24907 ProxyAndro...gerBackend com.empowerbits.dronifyit            W  Too many Flogger logs received before configuration. Dropping old logs.
2025-11-07 13:04:08.228 20655-24924 ReflectedParamUpdater   com.empowerbits.dronifyit            D  ignored struct field vendor.input.configs.portConfigs
2025-11-07 13:04:08.228 20655-24906 ProxyAndro...gerBackend com.empowerbits.dronifyit            W  Too many Flogger logs received before configuration. Dropping old logs.
2025-11-07 13:04:08.228 20655-24906 ProxyAndro...gerBackend com.empowerbits.dronifyit            W  Too many Flogger logs received before configuration. Dropping old logs.
2025-11-07 13:04:08.228 20655-24924 ReflectedParamUpdater   com.empowerbits.dronifyit            D  extent() != 1 for single value type: vendor.qti-ext-transcode-info-stats.stats_info
2025-11-07 13:04:08.228 20655-24924 ReflectedParamUpdater   com.empowerbits.dronifyit            D  extent() != 1 for single value type: output.buffers.pool-ids.values
2025-11-07 13:04:08.231 20655-24924 CCodecConfig            com.empowerbits.dronifyit            D  ignoring local param raw.size (0xd2001800) as it is already supported
2025-11-07 13:04:08.231 20655-24924 CCodecConfig            com.empowerbits.dronifyit            D  ignoring local param default.color (0x5200180b) as it is already supported
2025-11-07 13:04:08.231 20655-24924 CCodecConfig            com.empowerbits.dronifyit            D  ignoring local param raw.hdr-static-info (0xd200180a) as it is already supported
2025-11-07 13:04:08.231 20655-24924 CCodecConfig            com.empowerbits.dronifyit            I  query failed after returning 18 values (BAD_INDEX)
2025-11-07 13:04:08.232 20655-24924 ColorUtils              com.empowerbits.dronifyit            W  expected specified color aspects (0:0:0:0)
2025-11-07 13:04:08.237 20655-20655 CommandService_V5SDK    com.empowerbits.dronifyit            D  CommandService_V5SDK created
2025-11-07 13:04:08.237 20655-20655 CommandService_V5SDK    com.empowerbits.dronifyit            D  Mission listeners registered
2025-11-07 13:04:08.237 20655-20655 CommandService_V5SDK    com.empowerbits.dronifyit            D  CommandService_V5SDK initialization complete with DJI SDK utilities
2025-11-07 13:04:08.241 20655-20655 SpeedDisplayManager     com.empowerbits.dronifyit            D  Speed display reset to default values
2025-11-07 13:04:08.241 20655-20655 WaypointActivity        com.empowerbits.dronifyit            D  Google Map ready
2025-11-07 13:04:08.242 20655-20655 ProxyAndro...gerBackend com.empowerbits.dronifyit            W  Too many Flogger logs received before configuration. Dropping old logs.
2025-11-07 13:04:08.242 20655-20655 ProxyAndro...gerBackend com.empowerbits.dronifyit            W  Too many Flogger logs received before configuration. Dropping old logs.
2025-11-07 13:04:08.243 20655-20655 ProxyAndro...gerBackend com.empowerbits.dronifyit            W  Too many Flogger logs received before configuration. Dropping old logs.
2025-11-07 13:04:08.246 20655-20655 Google Android Maps SDK com.empowerbits.dronifyit            W  Deprecation warning: Indoor is no longer supported on satellite, hybrid and terrain map types. isIndoorEnabled() continues to return the value that has been set via setIndoorEnabled(). By default, setIndoorEnabled is 'true'.
2025-11-07 13:04:08.251 20655-24906 ProxyAndro...gerBackend com.empowerbits.dronifyit            W  Too many Flogger logs received before configuration. Dropping old logs.
