2025-11-07 13:02:37.943 20655-20655 EAGEELYYEE              com.empowerbits.dronifyit            D  Distance24.97192323032681
2025-11-07 13:02:37.943 20655-20655 Waypoint Angle          com.empowerbits.dronifyit            D  -46.67888259887695
2025-11-07 13:02:37.945 20655-20655 SessionUtils            com.empowerbits.dronifyit            D  Saved 50 waypoints to preferences
2025-11-07 13:02:37.949 20655-20655 WaypointActivity        com.empowerbits.dronifyit            D  NFZ check debounced - too soon since last check
2025-11-07 13:02:37.951 20655-20655 EAGEELYYEE              com.empowerbits.dronifyit            D  Height Difference - -26.48
2025-11-07 13:02:37.951 20655-20655 System.out              com.empowerbits.dronifyit            I  Distance: 24.971922089729464
2025-11-07 13:02:37.951 20655-20655 EAGEELYYEE              com.empowerbits.dronifyit            D  Distance24.971922089729464
2025-11-07 13:02:37.951 20655-20655 Waypoint Angle          com.empowerbits.dronifyit            D  -46.67888259887695
2025-11-07 13:02:37.954 20655-20655 SessionUtils            com.empowerbits.dronifyit            D  Saved 51 waypoints to preferences
2025-11-07 13:02:37.958 20655-20655 WaypointActivity        com.empowerbits.dronifyit            D  NFZ check debounced - too soon since last check
2025-11-07 13:02:37.960 20655-20655 EAGEELYYEE              com.empowerbits.dronifyit            D  Height Difference - -26.48
2025-11-07 13:02:37.960 20655-20655 System.out              com.empowerbits.dronifyit            I  Distance: 24.97192037583499
2025-11-07 13:02:37.960 20655-20655 EAGEELYYEE              com.empowerbits.dronifyit            D  Distance24.97192037583499
2025-11-07 13:02:37.960 20655-20655 Waypoint Angle          com.empowerbits.dronifyit            D  -46.67888641357422
2025-11-07 13:02:37.964 20655-20655 SessionUtils            com.empowerbits.dronifyit            D  Saved 52 waypoints to preferences
2025-11-07 13:02:37.968 20655-20655 WaypointActivity        com.empowerbits.dronifyit            D  NFZ check debounced - too soon since last check
2025-11-07 13:02:37.970 20655-20655 EAGEELYYEE              com.empowerbits.dronifyit            D  Height Difference - -26.48
2025-11-07 13:02:37.970 20655-20655 System.out              com.empowerbits.dronifyit            I  Distance: 24.97191816748449
2025-11-07 13:02:37.970 20655-20655 EAGEELYYEE              com.empowerbits.dronifyit            D  Distance24.97191816748449
2025-11-07 13:02:37.970 20655-20655 Waypoint Angle          com.empowerbits.dronifyit            D  -46.67888641357422
2025-11-07 13:02:37.973 20655-20655 SessionUtils            com.empowerbits.dronifyit            D  Saved 53 waypoints to preferences
2025-11-07 13:02:37.978 20655-20655 WaypointActivity        com.empowerbits.dronifyit            D  NFZ check debounced - too soon since last check
2025-11-07 13:02:37.980 20655-20655 EAGEELYYEE              com.empowerbits.dronifyit            D  Height Difference - -26.48
2025-11-07 13:02:37.980 20655-20655 System.out              com.empowerbits.dronifyit            I  Distance: 24.971915581133125
2025-11-07 13:02:37.980 20655-20655 EAGEELYYEE              com.empowerbits.dronifyit            D  Distance24.971915581133125
2025-11-07 13:02:37.980 20655-20655 Waypoint Angle          com.empowerbits.dronifyit            D  -46.678890228271484
2025-11-07 13:02:37.983 20655-20655 SessionUtils            com.empowerbits.dronifyit            D  Saved 54 waypoints to preferences
2025-11-07 13:02:37.988 20655-20655 WaypointActivity        com.empowerbits.dronifyit            D  NFZ check debounced - too soon since last check
2025-11-07 13:02:37.990 20655-20655 EAGEELYYEE              com.empowerbits.dronifyit            D  Height Difference - -26.48
2025-11-07 13:02:37.990 20655-20655 System.out              com.empowerbits.dronifyit            I  Distance: 24.971912755146757
2025-11-07 13:02:37.990 20655-20655 EAGEELYYEE              com.empowerbits.dronifyit            D  Distance24.971912755146757
2025-11-07 13:02:37.990 20655-20655 Waypoint Angle          com.empowerbits.dronifyit            D  -46.67889404296875
2025-11-07 13:02:37.993 20655-20655 SessionUtils            com.empowerbits.dronifyit            D  Saved 55 waypoints to preferences
2025-11-07 13:02:37.998 20655-20655 WaypointActivity        com.empowerbits.dronifyit            D  NFZ check debounced - too soon since last check
2025-11-07 13:02:37.999 20655-20655 EAGEELYYEE              com.empowerbits.dronifyit            D  Height Difference - -26.48
2025-11-07 13:02:37.999 20655-20655 System.out              com.empowerbits.dronifyit            I  Distance: 24.971909848090846
2025-11-07 13:02:37.999 20655-20655 EAGEELYYEE              com.empowerbits.dronifyit            D  Distance24.971909848090846
2025-11-07 13:02:37.999 20655-20655 Waypoint Angle          com.empowerbits.dronifyit            D  -46.678897857666016
2025-11-07 13:02:38.003 20655-20655 SessionUtils            com.empowerbits.dronifyit            D  Saved 56 waypoints to preferences
2025-11-07 13:02:38.008 20655-20655 WaypointActivity        com.empowerbits.dronifyit            D  NFZ check debounced - too soon since last check
2025-11-07 13:02:38.009 20655-20655 EAGEELYYEE              com.empowerbits.dronifyit            D  Height Difference - -26.48
2025-11-07 13:02:38.009 20655-20655 System.out              com.empowerbits.dronifyit            I  Distance: 24.971907022866006
2025-11-07 13:02:38.009 20655-20655 EAGEELYYEE              com.empowerbits.dronifyit            D  Distance24.971907022866006
2025-11-07 13:02:38.009 20655-20655 Waypoint Angle          com.empowerbits.dronifyit            D  -46.67890167236328
2025-11-07 13:02:38.012 20655-20655 SessionUtils            com.empowerbits.dronifyit            D  Saved 57 waypoints to preferences
2025-11-07 13:02:38.017 20655-20655 WaypointActivity        com.empowerbits.dronifyit            D  NFZ check debounced - too soon since last check
2025-11-07 13:02:38.019 20655-20655 EAGEELYYEE              com.empowerbits.dronifyit            D  Height Difference - -26.48
2025-11-07 13:02:38.019 20655-20655 System.out              com.empowerbits.dronifyit            I  Distance: 24.971904435342385
2025-11-07 13:02:38.019 20655-20655 EAGEELYYEE              com.empowerbits.dronifyit            D  Distance24.971904435342385
2025-11-07 13:02:38.019 20655-20655 Waypoint Angle          com.empowerbits.dronifyit            D  -46.67890167236328
2025-11-07 13:02:38.022 20655-20655 SessionUtils            com.empowerbits.dronifyit            D  Saved 58 waypoints to preferences
2025-11-07 13:02:38.027 20655-20655 WaypointActivity        com.empowerbits.dronifyit            D  NFZ check debounced - too soon since last check
2025-11-07 13:02:38.029 20655-20655 EAGEELYYEE              com.empowerbits.dronifyit            D  Height Difference - -26.48
2025-11-07 13:02:38.029 20655-20655 System.out              com.empowerbits.dronifyit            I  Distance: 24.971902228309254
2025-11-07 13:02:38.029 20655-20655 EAGEELYYEE              com.empowerbits.dronifyit            D  Distance24.971902228309254
2025-11-07 13:02:38.029 20655-20655 Waypoint Angle          com.empowerbits.dronifyit            D  -46.67890548706055
2025-11-07 13:02:38.032 20655-20655 SessionUtils            com.empowerbits.dronifyit            D  Saved 59 waypoints to preferences
2025-11-07 13:02:38.036 20655-20655 WaypointActivity        com.empowerbits.dronifyit            D  NFZ check debounced - too soon since last check
2025-11-07 13:02:38.038 20655-20655 EAGEELYYEE              com.empowerbits.dronifyit            D  Height Difference - -26.48
2025-11-07 13:02:38.038 20655-20655 System.out              com.empowerbits.dronifyit            I  Distance: 24.971900513660636
2025-11-07 13:02:38.038 20655-20655 EAGEELYYEE              com.empowerbits.dronifyit            D  Distance24.971900513660636
2025-11-07 13:02:38.038 20655-20655 Waypoint Angle          com.empowerbits.dronifyit            D  -46.67890930175781
2025-11-07 13:02:38.041 20655-20655 SessionUtils            com.empowerbits.dronifyit            D  Saved 60 waypoints to preferences
2025-11-07 13:02:38.045 20655-20655 WaypointActivity        com.empowerbits.dronifyit            D  NFZ check debounced - too soon since last check
2025-11-07 13:02:38.047 20655-20655 EAGEELYYEE              com.empowerbits.dronifyit            D  Height Difference - -26.48
2025-11-07 13:02:38.047 20655-20655 System.out              com.empowerbits.dronifyit            I  Distance: 24.97189937236439
2025-11-07 13:02:38.047 20655-20655 EAGEELYYEE              com.empowerbits.dronifyit            D  Distance24.97189937236439
2025-11-07 13:02:38.047 20655-20655 Waypoint Angle          com.empowerbits.dronifyit            D  -46.67890930175781
2025-11-07 13:02:38.050 20655-20655 SessionUtils            com.empowerbits.dronifyit            D  Saved 61 waypoints to preferences
2025-11-07 13:02:38.054 20655-20655 WaypointActivity        com.empowerbits.dronifyit            D  NFZ check debounced - too soon since last check
2025-11-07 13:02:38.056 20655-20655 EAGEELYYEE              com.empowerbits.dronifyit            D  Height Difference - -26.48
2025-11-07 13:02:38.056 20655-20655 System.out              com.empowerbits.dronifyit            I  Distance: 24.971898845062416
2025-11-07 13:02:38.056 20655-20655 EAGEELYYEE              com.empowerbits.dronifyit            D  Distance24.971898845062416
2025-11-07 13:02:38.056 20655-20655 Waypoint Angle          com.empowerbits.dronifyit            D  -46.67890930175781
2025-11-07 13:02:38.059 20655-20655 SessionUtils            com.empowerbits.dronifyit            D  Saved 62 waypoints to preferences
2025-11-07 13:02:38.063 20655-20655 WaypointActivity        com.empowerbits.dronifyit            D  NFZ check debounced - too soon since last check
2025-11-07 13:02:38.065 20655-20655 EAGEELYYEE              com.empowerbits.dronifyit            D  Height Difference - -26.48
2025-11-07 13:02:38.065 20655-20655 System.out              com.empowerbits.dronifyit            I  Distance: 24.97189892954017
2025-11-07 13:02:38.065 20655-20655 EAGEELYYEE              com.empowerbits.dronifyit            D  Distance24.97189892954017
2025-11-07 13:02:38.065 20655-20655 Waypoint Angle          com.empowerbits.dronifyit            D  -46.67890930175781
2025-11-07 13:02:38.068 20655-20655 SessionUtils            com.empowerbits.dronifyit            D  Saved 63 waypoints to preferences
2025-11-07 13:02:38.072 20655-20655 WaypointActivity        com.empowerbits.dronifyit            D  NFZ check debounced - too soon since last check
2025-11-07 13:02:38.074 20655-20655 EAGEELYYEE              com.empowerbits.dronifyit            D  Height Difference - -26.48
2025-11-07 13:02:38.074 20655-20655 System.out              com.empowerbits.dronifyit            I  Distance: 24.971899581683875
2025-11-07 13:02:38.074 20655-20655 EAGEELYYEE              com.empowerbits.dronifyit            D  Distance24.971899581683875
2025-11-07 13:02:38.074 20655-20655 Waypoint Angle          com.empowerbits.dronifyit            D  -46.67890930175781
2025-11-07 13:02:38.077 20655-20655 SessionUtils            com.empowerbits.dronifyit            D  Saved 64 waypoints to preferences
2025-11-07 13:02:38.081 20655-20655 WaypointActivity        com.empowerbits.dronifyit            D  NFZ check debounced - too soon since last check
2025-11-07 13:02:38.083 20655-20655 EAGEELYYEE              com.empowerbits.dronifyit            D  Height Difference - -26.48
2025-11-07 13:02:38.083 20655-20655 System.out              com.empowerbits.dronifyit            I  Distance: 24.971900719433304
2025-11-07 13:02:38.083 20655-20655 EAGEELYYEE              com.empowerbits.dronifyit            D  Distance24.971900719433304
2025-11-07 13:02:38.083 20655-20655 Waypoint Angle          com.empowerbits.dronifyit            D  -46.67890930175781
2025-11-07 13:02:38.086 20655-20655 SessionUtils            com.empowerbits.dronifyit            D  Saved 65 waypoints to preferences
2025-11-07 13:02:38.090 20655-20655 WaypointActivity        com.empowerbits.dronifyit            D  NFZ check debounced - too soon since last check
2025-11-07 13:02:38.092 20655-20655 EAGEELYYEE              com.empowerbits.dronifyit            D  Height Difference - -26.48
2025-11-07 13:02:38.092 20655-20655 System.out              com.empowerbits.dronifyit            I  Distance: 24.971902227927696
2025-11-07 13:02:38.092 20655-20655 EAGEELYYEE              com.empowerbits.dronifyit            D  Distance24.971902227927696
2025-11-07 13:02:38.092 20655-20655 Waypoint Angle          com.empowerbits.dronifyit            D  -46.67890548706055
2025-11-07 13:02:38.095 20655-20655 SessionUtils            com.empowerbits.dronifyit            D  Saved 66 waypoints to preferences
2025-11-07 13:02:38.099 20655-20655 WaypointActivity        com.empowerbits.dronifyit            D  NFZ check debounced - too soon since last check
2025-11-07 13:02:38.100 20655-20655 EAGEELYYEE              com.empowerbits.dronifyit            D  Height Difference - -26.48
2025-11-07 13:02:38.101 20655-20655 System.out              com.empowerbits.dronifyit            I  Distance: 24.971903970803936
2025-11-07 13:02:38.101 20655-20655 EAGEELYYEE              com.empowerbits.dronifyit            D  Distance24.971903970803936
2025-11-07 13:02:38.101 20655-20655 Waypoint Angle          com.empowerbits.dronifyit            D  -46.67890548706055
2025-11-07 13:02:38.104 20655-20655 SessionUtils            com.empowerbits.dronifyit            D  Saved 67 waypoints to preferences
2025-11-07 13:02:38.108 20655-20655 WaypointActivity        com.empowerbits.dronifyit            D  NFZ check debounced - too soon since last check
2025-11-07 13:02:38.109 20655-20655 EAGEELYYEE              com.empowerbits.dronifyit            D  Height Difference - -26.48
2025-11-07 13:02:38.109 20655-20655 System.out              com.empowerbits.dronifyit            I  Distance: 24.971905795646077
2025-11-07 13:02:38.110 20655-20655 EAGEELYYEE              com.empowerbits.dronifyit            D  Distance24.971905795646077
2025-11-07 13:02:38.110 20655-20655 Waypoint Angle          com.empowerbits.dronifyit            D  -46.67890167236328
2025-11-07 13:02:38.113 20655-20655 SessionUtils            com.empowerbits.dronifyit            D  Saved 68 waypoints to preferences
2025-11-07 13:02:38.117 20655-20655 WaypointActivity        com.empowerbits.dronifyit            D  NFZ check debounced - too soon since last check
2025-11-07 13:02:38.118 20655-20655 EAGEELYYEE              com.empowerbits.dronifyit            D  Height Difference - -26.48
2025-11-07 13:02:38.118 20655-20655 System.out              com.empowerbits.dronifyit            I  Distance: 24.97190754905181
2025-11-07 13:02:38.118 20655-20655 EAGEELYYEE              com.empowerbits.dronifyit            D  Distance24.97190754905181
2025-11-07 13:02:38.118 20655-20655 Waypoint Angle          com.empowerbits.dronifyit            D  -46.67890167236328
2025-11-07 13:02:38.122 20655-20655 SessionUtils            com.empowerbits.dronifyit            D  Saved 69 waypoints to preferences
2025-11-07 13:02:38.126 20655-20655 WaypointActivity        com.empowerbits.dronifyit            D  NFZ check debounced - too soon since last check
2025-11-07 13:02:38.127 20655-20655 EAGEELYYEE              com.empowerbits.dronifyit            D  Height Difference - -26.48
2025-11-07 13:02:38.127 20655-20655 System.out              com.empowerbits.dronifyit            I  Distance: 24.971909087124338
2025-11-07 13:02:38.127 20655-20655 EAGEELYYEE              com.empowerbits.dronifyit            D  Distance24.971909087124338
2025-11-07 13:02:38.127 20655-20655 Waypoint Angle          com.empowerbits.dronifyit            D  -46.678897857666016
2025-11-07 13:02:38.131 20655-20655 SessionUtils            com.empowerbits.dronifyit            D  Saved 70 waypoints to preferences
2025-11-07 13:02:38.135 20655-20655 WaypointActivity        com.empowerbits.dronifyit            D  NFZ check debounced - too soon since last check
2025-11-07 13:02:38.136 20655-20655 EAGEELYYEE              com.empowerbits.dronifyit            D  Height Difference - -26.48
2025-11-07 13:02:38.136 20655-20655 System.out              com.empowerbits.dronifyit            I  Distance: 24.971910283176367
2025-11-07 13:02:38.136 20655-20655 EAGEELYYEE              com.empowerbits.dronifyit            D  Distance24.971910283176367
2025-11-07 13:02:38.136 20655-20655 Waypoint Angle          com.empowerbits.dronifyit            D  -46.678897857666016
2025-11-07 13:02:38.139 20655-20655 SessionUtils            com.empowerbits.dronifyit            D  Saved 71 waypoints to preferences
2025-11-07 13:02:38.144 20655-20655 WaypointActivity        com.empowerbits.dronifyit            D  NFZ check debounced - too soon since last check
2025-11-07 13:02:38.145 20655-20655 EAGEELYYEE              com.empowerbits.dronifyit            D  Height Difference - -26.48
2025-11-07 13:02:38.145 20655-20655 System.out              com.empowerbits.dronifyit            I  Distance: 24.971911042210852
2025-11-07 13:02:38.145 20655-20655 EAGEELYYEE              com.empowerbits.dronifyit            D  Distance24.971911042210852
2025-11-07 13:02:38.145 20655-20655 Waypoint Angle          com.empowerbits.dronifyit            D  -46.67889404296875
2025-11-07 13:02:38.149 20655-20655 SessionUtils            com.empowerbits.dronifyit            D  Saved 72 waypoints to preferences
2025-11-07 13:02:38.153 20655-20655 WaypointActivity        com.empowerbits.dronifyit            D  NFZ check debounced - too soon since last check
2025-11-07 13:02:38.153 20655-20655 WaypointActivity        com.empowerbits.dronifyit            D  Drone location and heading listeners setup complete
2025-11-07 13:02:38.154 20655-20655 Choreographer           com.empowerbits.dronifyit            I  Skipped 43 frames!  The application may be doing too much work on its main thread.
2025-11-07 13:02:38.160 20655-20655 CommandService_V5SDK    com.empowerbits.dronifyit            D  Status broadcast: ERROR - Mission not supported
2025-11-07 13:02:38.160 20655-20655 WaypointActivity        com.empowerbits.dronifyit            D  CommandService connected
2025-11-07 13:02:38.161 20655-20655 NFZManager              com.empowerbits.dronifyit            E  Failed to get drone location: Unknown error
2025-11-07 13:02:38.161 20655-20655 NFZManager              com.empowerbits.dronifyit            D  Checking waypoints against location: 33.55731616288445, 72.83525940030813
2025-11-07 13:02:38.162 20655-20655 NFZManager              com.empowerbits.dronifyit            D  Using DJI FlySafe Manager to get fly zones
2025-11-07 13:02:38.164 20655-20655 CameraFeedFragment      com.empowerbits.dronifyit            I  ▶️ Starting camera stream: 690x420
2025-11-07 13:02:38.164 20655-20655 libc                    com.empowerbits.dronifyit            W  Access denied finding property "vendor.display.enable_optimal_refresh_rate"
2025-11-07 13:02:38.160 20655-20655 rbits.dronifyit         com.empowerbits.dronifyit            W  type=1400 audit(0.0:223870): avc:  denied  { read } for  name="u:object_r:vendor_display_prop:s0" dev="tmpfs" ino=462 scontext=u:r:untrusted_app:s0:c22,c258,c512,c768 tcontext=u:object_r:vendor_display_prop:s0 tclass=file permissive=0 app=com.empowerbits.dronifyit
2025-11-07 13:02:38.169 20655-23745 HWUI                    com.empowerbits.dronifyit            I  Davey! duration=726ms; Flags=0, FrameTimelineVsyncId=14891741, IntendedVsync=100706147626994, Vsync=100706860114591, InputEventId=0, HandleInputStart=100706865782258, AnimationStart=100706865783977, PerformTraversalsStart=100706866012466, DrawStart=100706866575070, FrameDeadline=100706233674646, FrameInterval=100706865448248, FrameStartTime=16569479, SyncQueued=100706867573195, SyncStart=100706867627727, IssueDrawCommandsStart=100706867762883, SwapBuffers=100706869688768, FrameCompleted=100706874102206, DequeueBufferDuration=9688, QueueBufferDuration=248177, GpuCompleted=100706874102206, SwapBuffersCompleted=100706870219862, DisplayPresentTime=-2, CommandSubmissionCompleted=100706869688768, 
2025-11-07 13:02:38.171 20655-20655 CameraFeedFragment      com.empowerbits.dronifyit            I  ✅✅✅ Camera stream STARTED successfully
2025-11-07 13:02:38.172 20655-20655 VRI[MainActivity]       com.empowerbits.dronifyit            D  visibilityChanged oldVisibility=true newVisibility=false
2025-11-07 13:02:38.178 20655-24449 ProxyAndro...gerBackend com.empowerbits.dronifyit            W  Too many Flogger logs received before configuration. Dropping old logs.
2025-11-07 13:02:38.180 20655-20655 ImeFocusController      com.empowerbits.dronifyit            V  onWindowFocus: com.android.internal.policy.DecorView{24c3b8b V.E...... R......D 0,0-1260,2800}[WaypointActivity] softInputMode=STATE_UNSPECIFIED|ADJUST_PAN|IS_FORWARD_NAVIGATION
2025-11-07 13:02:38.181 20655-20655 WaypointActivity        com.empowerbits.dronifyit            D  Home location set: 33.6968986, 73.050925
2025-11-07 13:02:38.196 20655-20655 SpeedDisplayManager     com.empowerbits.dronifyit            D  Home location set: 33.696899, 73.050925
2025-11-07 13:02:38.196 20655-20655 WaypointActivity        com.empowerbits.dronifyit            D  Home location marker added to map.
2025-11-07 13:02:38.196 20655-20655 WaypointActivity        com.empowerbits.dronifyit            E  Cannot save flight ended log: currentFlightLog is null
2025-11-07 13:02:38.196 20655-20655 WaypointActivity        com.empowerbits.dronifyit            D  Received status update: ERROR - Mission not supported
2025-11-07 13:02:38.222 20655-20655 ViewRootImpl            com.empowerbits.dronifyit            D  AppSizeAfterRelayout, size: Point(1260, 2800), rotation: ROTATION_0
2025-11-07 13:02:38.244 20655-20655 NFZManager              com.empowerbits.dronifyit            D  DJI FlySafe returned 6 fly zones
2025-11-07 13:02:38.244 20655-20655 NFZManager              com.empowerbits.dronifyit            D  Zone shape: MULTI_POLYGON
2025-11-07 13:02:38.244 20655-20655 NFZManager              com.empowerbits.dronifyit            D  Zone class: dji.v5.manager.aircraft.flysafe.info.FlyZoneInformation
2025-11-07 13:02:38.245 20655-20655 NFZManager              com.empowerbits.dronifyit            D  Available method: getMultiPolygonFlyZoneInformation returns java.util.List
2025-11-07 13:02:38.245 20655-20655 NFZManager              com.empowerbits.dronifyit            D  Zone is MULTI_POLYGON type, attempting to extract vertices
2025-11-07 13:02:38.245 20655-20655 NFZManager              com.empowerbits.dronifyit            D  getPolygons() method not found, trying alternative methods
2025-11-07 13:02:38.245 20655-20655 NFZManager              com.empowerbits.dronifyit            D  Converting zone: ISLAMABAD INTL, Shape: MULTI_POLYGON, Category: AUTHORIZATION, ID: 30295839, Polygons extracted: 0
2025-11-07 13:02:38.245 20655-20655 FlyZone Detail          com.empowerbits.dronifyit            D  Zone: ISLAMABAD INTL, Center: 33.557325, 72.835251, ID: 30295839, Category: AUTHORIZATION, Has Polygons: false
2025-11-07 13:02:38.245 20655-20655 NFZManager              com.empowerbits.dronifyit            D  Zone shape: MULTI_POLYGON
2025-11-07 13:02:38.245 20655-20655 NFZManager              com.empowerbits.dronifyit            D  Zone class: dji.v5.manager.aircraft.flysafe.info.FlyZoneInformation
2025-11-07 13:02:38.245 20655-20655 NFZManager              com.empowerbits.dronifyit            D  Available method: getMultiPolygonFlyZoneInformation returns java.util.List
2025-11-07 13:02:38.245 20655-20655 NFZManager              com.empowerbits.dronifyit            D  Zone is MULTI_POLYGON type, attempting to extract vertices
2025-11-07 13:02:38.245 20655-20655 NFZManager              com.empowerbits.dronifyit            D  getPolygons() method not found, trying alternative methods
2025-11-07 13:02:38.245 20655-20655 NFZManager              com.empowerbits.dronifyit            D  Converting zone: ISLAMABAD INTL, Shape: MULTI_POLYGON, Category: WARNING, ID: 30295840, Polygons extracted: 0
2025-11-07 13:02:38.245 20655-20655 FlyZone Detail          com.empowerbits.dronifyit            D  Zone: ISLAMABAD INTL, Center: 33.557325, 72.835251, ID: 30295840, Category: WARNING, Has Polygons: false
2025-11-07 13:02:38.245 20655-20655 NFZManager              com.empowerbits.dronifyit            D  Zone shape: MULTI_POLYGON
2025-11-07 13:02:38.245 20655-20655 NFZManager              com.empowerbits.dronifyit            D  Zone class: dji.v5.manager.aircraft.flysafe.info.FlyZoneInformation
2025-11-07 13:02:38.246 20655-20655 NFZManager              com.empowerbits.dronifyit            D  Available method: getMultiPolygonFlyZoneInformation returns java.util.List
2025-11-07 13:02:38.246 20655-20655 NFZManager              com.empowerbits.dronifyit            D  Zone is MULTI_POLYGON type, attempting to extract vertices
2025-11-07 13:02:38.246 20655-20655 NFZManager              com.empowerbits.dronifyit            D  getPolygons() method not found, trying alternative methods
2025-11-07 13:02:38.246 20655-20655 NFZManager              com.empowerbits.dronifyit            D  Converting zone: ISLAMABAD INTL, Shape: MULTI_POLYGON, Category: ENHANCED_WARNING, ID: 30295841, Polygons extracted: 0
2025-11-07 13:02:38.246 20655-20655 FlyZone Detail          com.empowerbits.dronifyit            D  Zone: ISLAMABAD INTL, Center: 33.557325, 72.835251, ID: 30295841, Category: ENHANCED_WARNING, Has Polygons: false
2025-11-07 13:02:38.246 20655-20655 NFZManager              com.empowerbits.dronifyit            D  Zone shape: MULTI_POLYGON
2025-11-07 13:02:38.246 20655-20655 NFZManager              com.empowerbits.dronifyit            D  Zone class: dji.v5.manager.aircraft.flysafe.info.FlyZoneInformation
2025-11-07 13:02:38.246 20655-20655 NFZManager              com.empowerbits.dronifyit            D  Available method: getMultiPolygonFlyZoneInformation returns java.util.List
2025-11-07 13:02:38.246 20655-20655 NFZManager              com.empowerbits.dronifyit            D  Zone is MULTI_POLYGON type, attempting to extract vertices
2025-11-07 13:02:38.246 20655-20655 NFZManager              com.empowerbits.dronifyit            D  getPolygons() method not found, trying alternative methods
2025-11-07 13:02:38.246 20655-20655 NFZManager              com.empowerbits.dronifyit            D  Converting zone: Tarbela Dam Airport, Shape: MULTI_POLYGON, Category: AUTHORIZATION, ID: 30287052, Polygons extracted: 0
2025-11-07 13:02:38.246 20655-20655 FlyZone Detail          com.empowerbits.dronifyit            D  Zone: Tarbela Dam Airport, Center: 33.984487, 72.609644, ID: 30287052, Category: AUTHORIZATION, Has Polygons: false
2025-11-07 13:02:38.246 20655-20655 NFZManager              com.empowerbits.dronifyit            D  Zone shape: MULTI_POLYGON
2025-11-07 13:02:38.246 20655-20655 NFZManager              com.empowerbits.dronifyit            D  Zone class: dji.v5.manager.aircraft.flysafe.info.FlyZoneInformation
2025-11-07 13:02:38.246 20655-20655 NFZManager              com.empowerbits.dronifyit            D  Available method: getMultiPolygonFlyZoneInformation returns java.util.List
2025-11-07 13:02:38.246 20655-20655 NFZManager              com.empowerbits.dronifyit            D  Zone is MULTI_POLYGON type, attempting to extract vertices
2025-11-07 13:02:38.246 20655-20655 NFZManager              com.empowerbits.dronifyit            D  getPolygons() method not found, trying alternative methods
2025-11-07 13:02:38.246 20655-20655 NFZManager              com.empowerbits.dronifyit            D  Converting zone: Tarbela Dam Airport, Shape: MULTI_POLYGON, Category: WARNING, ID: 30287053, Polygons extracted: 0
2025-11-07 13:02:38.246 20655-20655 FlyZone Detail          com.empowerbits.dronifyit            D  Zone: Tarbela Dam Airport, Center: 33.984487, 72.609644, ID: 30287053, Category: WARNING, Has Polygons: false
2025-11-07 13:02:38.246 20655-20655 NFZManager              com.empowerbits.dronifyit            D  Zone shape: MULTI_POLYGON
2025-11-07 13:02:38.246 20655-20655 NFZManager              com.empowerbits.dronifyit            D  Zone class: dji.v5.manager.aircraft.flysafe.info.FlyZoneInformation
2025-11-07 13:02:38.246 20655-20655 NFZManager              com.empowerbits.dronifyit            D  Available method: getMultiPolygonFlyZoneInformation returns java.util.List
2025-11-07 13:02:38.246 20655-20655 NFZManager              com.empowerbits.dronifyit            D  Zone is MULTI_POLYGON type, attempting to extract vertices
2025-11-07 13:02:38.246 20655-20655 NFZManager              com.empowerbits.dronifyit            D  getPolygons() method not found, trying alternative methods
2025-11-07 13:02:38.246 20655-20655 NFZManager              com.empowerbits.dronifyit            D  Converting zone: Tarbela Dam Airport, Shape: MULTI_POLYGON, Category: ENHANCED_WARNING, ID: 30287054, Polygons extracted: 0
2025-11-07 13:02:38.246 20655-20655 FlyZone Detail          com.empowerbits.dronifyit            D  Zone: Tarbela Dam Airport, Center: 33.984487, 72.609644, ID: 30287054, Category: ENHANCED_WARNING, Has Polygons: false
2025-11-07 13:02:38.247 20655-20655 NFZManager              com.empowerbits.dronifyit            D  After removing duplicates: 6 unique fly zones
2025-11-07 13:02:38.400 20655-20655 WaypointActivity        com.empowerbits.dronifyit            D  No NFZ detected
2025-11-07 13:02:38.510 20655-24467 RequestFinishedInfoImpl com.empowerbits.dronifyit            I  RequestFinishedInfo.getMetrics() is unsupported when HttpEngineNativeProvider is used. The Metrics object will return null values.
2025-11-07 13:02:38.582 20655-24541 HttpEngineWrapper       com.empowerbits.dronifyit            I  GlobalMetricsDelta is unsupported when HttpEngineNativeProvider is used. An empty protobuf is returned.
2025-11-07 13:02:38.586 20655-24471 ProxyAndro...gerBackend com.empowerbits.dronifyit            W  Too many Flogger logs received before configuration. Dropping old logs.
2025-11-07 13:02:38.587 20655-24471 ProxyAndro...gerBackend com.empowerbits.dronifyit            W  Too many Flogger logs received before configuration. Dropping old logs.
2025-11-07 13:02:38.588 20655-24471 ProxyAndro...gerBackend com.empowerbits.dronifyit            W  Too many Flogger logs received before configuration. Dropping old logs.
2025-11-07 13:02:38.599 20655-24471 ProxyAndro...gerBackend com.empowerbits.dronifyit            W  Too many Flogger logs received before configuration. Dropping old logs.
2025-11-07 13:02:38.600 20655-24471 ProxyAndro...gerBackend com.empowerbits.dronifyit            W  Too many Flogger logs received before configuration. Dropping old logs.
2025-11-07 13:02:38.601 20655-24471 ProxyAndro...gerBackend com.empowerbits.dronifyit            W  Too many Flogger logs received before configuration. Dropping old logs.
2025-11-07 13:02:38.602 20655-24465 ProxyAndro...gerBackend com.empowerbits.dronifyit            W  Too many Flogger logs received before configuration. Dropping old logs.
2025-11-07 13:02:38.672 20655-24511 ProxyAndro...gerBackend com.empowerbits.dronifyit            W  Too many Flogger logs received before configuration. Dropping old logs.
2025-11-07 13:02:38.673 20655-24511 ProxyAndro...gerBackend com.empowerbits.dronifyit            W  Too many Flogger logs received before configuration. Dropping old logs.
2025-11-07 13:02:38.673 20655-24511 ProxyAndro...gerBackend com.empowerbits.dronifyit            W  Too many Flogger logs received before configuration. Dropping old logs.
2025-11-07 13:02:38.674 20655-24511 ProxyAndro...gerBackend com.empowerbits.dronifyit            W  Too many Flogger logs received before configuration. Dropping old logs.
2025-11-07 13:02:38.675 20655-24511 ProxyAndro...gerBackend com.empowerbits.dronifyit            W  Too many Flogger logs received before configuration. Dropping old logs.
2025-11-07 13:02:38.678 20655-24511 ProxyAndro...gerBackend com.empowerbits.dronifyit            W  Too many Flogger logs received before configuration. Dropping old logs.
2025-11-07 13:02:38.683 20655-24465 ProxyAndro...gerBackend com.empowerbits.dronifyit            W  Too many Flogger logs received before configuration. Dropping old logs.
2025-11-07 13:02:38.688 20655-24550 ProxyAndro...gerBackend com.empowerbits.dronifyit            W  Too many Flogger logs received before configuration. Dropping old logs.
2025-11-07 13:02:38.690 20655-24545 ProxyAndro...gerBackend com.empowerbits.dronifyit            W  Too many Flogger logs received before configuration. Dropping old logs.
2025-11-07 13:02:38.690 20655-24545 ProxyAndro...gerBackend com.empowerbits.dronifyit            W  Too many Flogger logs received before configuration. Dropping old logs.
2025-11-07 13:02:38.691 20655-24545 ProxyAndro...gerBackend com.empowerbits.dronifyit            W  Too many Flogger logs received before configuration. Dropping old logs.
2025-11-07 13:02:38.692 20655-24545 ProxyAndro...gerBackend com.empowerbits.dronifyit            W  Too many Flogger logs received before configuration. Dropping old logs.
2025-11-07 13:02:38.693 20655-24545 ProxyAndro...gerBackend com.empowerbits.dronifyit            W  Too many Flogger logs received before configuration. Dropping old logs.
2025-11-07 13:02:38.694 20655-24545 ProxyAndro...gerBackend com.empowerbits.dronifyit            W  Too many Flogger logs received before configuration. Dropping old logs.
2025-11-07 13:02:38.695 20655-24545 ProxyAndro...gerBackend com.empowerbits.dronifyit            W  Too many Flogger logs received before configuration. Dropping old logs.
2025-11-07 13:02:38.696 20655-24551 ProxyAndro...gerBackend com.empowerbits.dronifyit            W  Too many Flogger logs received before configuration. Dropping old logs.
2025-11-07 13:02:38.697 20655-24545 ProxyAndro...gerBackend com.empowerbits.dronifyit            W  Too many Flogger logs received before configuration. Dropping old logs.
2025-11-07 13:02:39.079 20655-24550 ProxyAndro...gerBackend com.empowerbits.dronifyit            W  Too many Flogger logs received before configuration. Dropping old logs.
2025-11-07 13:02:39.083 20655-24545 ProxyAndro...gerBackend com.empowerbits.dronifyit            W  Too many Flogger logs received before configuration. Dropping old logs.
2025-11-07 13:02:39.085 20655-24545 ProxyAndro...gerBackend com.empowerbits.dronifyit            W  Too many Flogger logs received before configuration. Dropping old logs.
2025-11-07 13:02:39.088 20655-24545 ProxyAndro...gerBackend com.empowerbits.dronifyit            W  Too many Flogger logs received before configuration. Dropping old logs.
2025-11-07 13:02:39.090 20655-24551 ProxyAndro...gerBackend com.empowerbits.dronifyit            W  Too many Flogger logs received before configuration. Dropping old logs.
2025-11-07 13:02:39.092 20655-24551 ProxyAndro...gerBackend com.empowerbits.dronifyit            W  Too many Flogger logs received before configuration. Dropping old logs.
2025-11-07 13:02:39.095 20655-24545 ProxyAndro...gerBackend com.empowerbits.dronifyit            W  Too many Flogger logs received before configuration. Dropping old logs.
2025-11-07 13:02:39.099 20655-24550 ProxyAndro...gerBackend com.empowerbits.dronifyit            W  Too many Flogger logs received before configuration. Dropping old logs.
2025-11-07 13:02:39.101 20655-24550 ProxyAndro...gerBackend com.empowerbits.dronifyit            W  Too many Flogger logs received before configuration. Dropping old logs.
2025-11-07 13:02:39.102 20655-24551 ProxyAndro...gerBackend com.empowerbits.dronifyit            W  Too many Flogger logs received before configuration. Dropping old logs.
2025-11-07 13:02:39.106 20655-24545 ProxyAndro...gerBackend com.empowerbits.dronifyit            W  Too many Flogger logs received before configuration. Dropping old logs.
2025-11-07 13:02:39.130 20655-24551 ProxyAndro...gerBackend com.empowerbits.dronifyit            W  Too many Flogger logs received before configuration. Dropping old logs.
2025-11-07 13:02:39.134 20655-24550 ProxyAndro...gerBackend com.empowerbits.dronifyit            W  Too many Flogger logs received before configuration. Dropping old logs.
2025-11-07 13:02:39.332 20655-24550 ProxyAndro...gerBackend com.empowerbits.dronifyit            W  Too many Flogger logs received before configuration. Dropping old logs.
2025-11-07 13:02:39.336 20655-24551 ProxyAndro...gerBackend com.empowerbits.dronifyit            W  Too many Flogger logs received before configuration. Dropping old logs.
2025-11-07 13:02:39.339 20655-24545 ProxyAndro...gerBackend com.empowerbits.dronifyit            W  Too many Flogger logs received before configuration. Dropping old logs.
2025-11-07 13:02:39.342 20655-24550 ProxyAndro...gerBackend com.empowerbits.dronifyit            W  Too many Flogger logs received before configuration. Dropping old logs.
2025-11-07 13:02:39.344 20655-24550 ProxyAndro...gerBackend com.empowerbits.dronifyit            W  Too many Flogger logs received before configuration. Dropping old logs.
2025-11-07 13:02:39.346 20655-24545 ProxyAndro...gerBackend com.empowerbits.dronifyit            W  Too many Flogger logs received before configuration. Dropping old logs.
2025-11-07 13:02:39.348 20655-24551 ProxyAndro...gerBackend com.empowerbits.dronifyit            W  Too many Flogger logs received before configuration. Dropping old logs.
2025-11-07 13:02:39.351 20655-24550 ProxyAndro...gerBackend com.empowerbits.dronifyit            W  Too many Flogger logs received before configuration. Dropping old logs.
2025-11-07 13:02:39.353 20655-24484 DynamiteModule          com.empowerbits.dronifyit            W  Local module descriptor class for com.google.android.gms.googlecertificates not found.
2025-11-07 13:02:39.359 20655-24484 DynamiteModule          com.empowerbits.dronifyit            I  Considering local module com.google.android.gms.googlecertificates:0 and remote module com.google.android.gms.googlecertificates:7
2025-11-07 13:02:39.360 20655-24484 DynamiteModule          com.empowerbits.dronifyit            I  Selected remote version of com.google.android.gms.googlecertificates, version >= 7
2025-11-07 13:02:39.363 20655-24484 rbits.dronifyit         com.empowerbits.dronifyit            W  ClassLoaderContext classpath size mismatch. expected=1, found=2 (DLC[];PCL[base.apk*723402788]{PCL[/system/framework/org.apache.http.legacy.jar*1230680128]#PCL[/system/framework/com.android.media.remotedisplay.jar*2042759013]#PCL[/system/framework/com.android.location.provider.jar*3414091812]#PCL[/system_ext/framework/androidx.window.extensions.jar*2405889814]#PCL[/system_ext/framework/androidx.window.sidecar.jar*2794904135]} | DLC[];PCL[/data/app/~~8ylAVeBXbh3hOVCrvH8pfg==/com.empowerbits.dronifyit-Ae9lcMGlvmZMBT7CcN2evw==/base.apk*303041567:AnoymousDex*3032810180])
2025-11-07 13:02:39.398 20655-24449 ProxyAndro...gerBackend com.empowerbits.dronifyit            W  Too many Flogger logs received before configuration. Dropping old logs.
2025-11-07 13:02:39.443 20655-24550 ProxyAndro...gerBackend com.empowerbits.dronifyit            W  Too many Flogger logs received before configuration. Dropping old logs.
2025-11-07 13:02:39.470 20655-24545 ProxyAndro...gerBackend com.empowerbits.dronifyit            W  Too many Flogger logs received before configuration. Dropping old logs.
2025-11-07 13:02:39.543 20655-23651 rbits.dronifyit         com.empowerbits.dronifyit            I  Compiler allocated 5744KB to compile void m140.esl.o()
2025-11-07 13:02:39.545 20655-24550 ProxyAndro...gerBackend com.empowerbits.dronifyit            W  Too many Flogger logs received before configuration. Dropping old logs.
2025-11-07 13:02:39.695 20655-24479 ProxyAndro...gerBackend com.empowerbits.dronifyit            W  Too many Flogger logs received before configuration. Dropping old logs.
2025-11-07 13:02:39.843 20655-24551 ProxyAndro...gerBackend com.empowerbits.dronifyit            W  Too many Flogger logs received before configuration. Dropping old logs.
2025-11-07 13:02:39.846 20655-24545 ProxyAndro...gerBackend com.empowerbits.dronifyit            W  Too many Flogger logs received before configuration. Dropping old logs.
2025-11-07 13:02:39.849 20655-24550 ProxyAndro...gerBackend com.empowerbits.dronifyit            W  Too many Flogger logs received before configuration. Dropping old logs.
2025-11-07 13:02:39.851 20655-24551 ProxyAndro...gerBackend com.empowerbits.dronifyit            W  Too many Flogger logs received before configuration. Dropping old logs.
2025-11-07 13:02:39.853 20655-24545 ProxyAndro...gerBackend com.empowerbits.dronifyit            W  Too many Flogger logs received before configuration. Dropping old logs.
2025-11-07 13:02:39.854 20655-24550 ProxyAndro...gerBackend com.empowerbits.dronifyit            W  Too many Flogger logs received before configuration. Dropping old logs.
2025-11-07 13:02:39.856 20655-24551 ProxyAndro...gerBackend com.empowerbits.dronifyit            W  Too many Flogger logs received before configuration. Dropping old logs.
2025-11-07 13:02:39.857 20655-24545 ProxyAndro...gerBackend com.empowerbits.dronifyit            W  Too many Flogger logs received before configuration. Dropping old logs.
2025-11-07 13:02:39.943 20655-24550 ProxyAndro...gerBackend com.empowerbits.dronifyit            W  Too many Flogger logs received before configuration. Dropping old logs.
2025-11-07 13:02:39.950 20655-24550 ProxyAndro...gerBackend com.empowerbits.dronifyit            W  Too many Flogger logs received before configuration. Dropping old logs.
2025-11-07 13:02:39.960 20655-24551 ProxyAndro...gerBackend com.empowerbits.dronifyit            W  Too many Flogger logs received before configuration. Dropping old logs.
2025-11-07 13:02:40.019 20655-24545 ProxyAndro...gerBackend com.empowerbits.dronifyit            W  Too many Flogger logs received before configuration. Dropping old logs.
2025-11-07 13:02:40.027 20655-23651 rbits.dronifyit         com.empowerbits.dronifyit            I  Compiler allocated 6382KB to compile void m140.ekr.W(m140.epc, m140.fix, android.content.res.Resources, m140.emv, m140.exp, boolean, m140.dls, java.util.Map, boolean, boolean, boolean, boolean)
2025-11-07 13:02:40.043 20655-24550 ProxyAndro...gerBackend com.empowerbits.dronifyit            W  Too many Flogger logs received before configuration. Dropping old logs.
2025-11-07 13:02:40.052 20655-24551 ProxyAndro...gerBackend com.empowerbits.dronifyit            W  Too many Flogger logs received before configuration. Dropping old logs.
2025-11-07 13:02:40.070 20655-24545 ProxyAndro...gerBackend com.empowerbits.dronifyit            W  Too many Flogger logs received before configuration. Dropping old logs.
2025-11-07 13:02:40.082 20655-24550 ProxyAndro...gerBackend com.empowerbits.dronifyit            W  Too many Flogger logs received before configuration. Dropping old logs.
2025-11-07 13:02:40.108 20655-24551 ProxyAndro...gerBackend com.empowerbits.dronifyit            W  Too many Flogger logs received before configuration. Dropping old logs.
2025-11-07 13:02:40.157 20655-24545 ProxyAndro...gerBackend com.empowerbits.dronifyit            W  Too many Flogger logs received before configuration. Dropping old logs.
2025-11-07 13:02:41.205 20655-24147 MSDKInfoVm              com.empowerbits.dronifyit            I  🔍 Polling for product type...
2025-11-07 13:02:41.206 20655-20655 MSDKInfoVm              com.empowerbits.dronifyit            I  📡 Polling result: DJI_MINI_4_PRO
2025-11-07 13:02:42.252 20655-24545 ProxyAndro...gerBackend com.empowerbits.dronifyit            W  Too many Flogger logs received before configuration. Dropping old logs.
2025-11-07 13:02:42.256 20655-24545 ProxyAndro...gerBackend com.empowerbits.dronifyit            W  Too many Flogger logs received before configuration. Dropping old logs.
2025-11-07 13:02:42.259 20655-24551 ProxyAndro...gerBackend com.empowerbits.dronifyit            W  Too many Flogger logs received before configuration. Dropping old logs.
2025-11-07 13:02:42.261 20655-24550 ProxyAndro...gerBackend com.empowerbits.dronifyit            W  Too many Flogger logs received before configuration. Dropping old logs.
2025-11-07 13:02:42.262 20655-24550 ProxyAndro...gerBackend com.empowerbits.dronifyit            W  Too many Flogger logs received before configuration. Dropping old logs.
2025-11-07 13:02:42.264 20655-24551 ProxyAndro...gerBackend com.empowerbits.dronifyit            W  Too many Flogger logs received before configuration. Dropping old logs.
2025-11-07 13:02:42.268 20655-24550 ProxyAndro...gerBackend com.empowerbits.dronifyit            W  Too many Flogger logs received before configuration. Dropping old logs.
2025-11-07 13:02:42.274 20655-24545 ProxyAndro...gerBackend com.empowerbits.dronifyit            W  Too many Flogger logs received before configuration. Dropping old logs.
2025-11-07 13:02:42.350 20655-24551 ProxyAndro...gerBackend com.empowerbits.dronifyit            W  Too many Flogger logs received before configuration. Dropping old logs.
2025-11-07 13:02:42.353 20655-24550 ProxyAndro...gerBackend com.empowerbits.dronifyit            W  Too many Flogger logs received before configuration. Dropping old logs.
2025-11-07 13:02:42.466 20655-24545 ProxyAndro...gerBackend com.empowerbits.dronifyit            W  Too many Flogger logs received before configuration. Dropping old logs.
2025-11-07 13:02:42.505 20655-24550 ProxyAndro...gerBackend com.empowerbits.dronifyit            W  Too many Flogger logs received before configuration. Dropping old logs.
2025-11-07 13:02:42.525 20655-23651 rbits.dronifyit         com.empowerbits.dronifyit            I  Compiler allocated 4179KB to compile m140.eoy m140.epc.l(m140.bdl, m140.inv, m140.eoq, byte[], boolean, m140.chg, m140.dgn, java.lang.Iterable)
2025-11-07 13:02:42.598 20655-24545 ProxyAndro...gerBackend com.empowerbits.dronifyit            W  Too many Flogger logs received before configuration. Dropping old logs.
2025-11-07 13:02:42.600 20655-24550 ProxyAndro...gerBackend com.empowerbits.dronifyit            W  Too many Flogger logs received before configuration. Dropping old logs.
2025-11-07 13:02:42.601 20655-24551 ProxyAndro...gerBackend com.empowerbits.dronifyit            W  Too many Flogger logs received before configuration. Dropping old logs.
2025-11-07 13:02:42.603 20655-24545 ProxyAndro...gerBackend com.empowerbits.dronifyit            W  Too many Flogger logs received before configuration. Dropping old logs.
2025-11-07 13:02:42.605 20655-24550 ProxyAndro...gerBackend com.empowerbits.dronifyit            W  Too many Flogger logs received before configuration. Dropping old logs.
2025-11-07 13:02:42.606 20655-24551 ProxyAndro...gerBackend com.empowerbits.dronifyit            W  Too many Flogger logs received before configuration. Dropping old logs.
2025-11-07 13:02:42.612 20655-24545 ProxyAndro...gerBackend com.empowerbits.dronifyit            W  Too many Flogger logs received before configuration. Dropping old logs.
2025-11-07 13:02:42.613 20655-24550 ProxyAndro...gerBackend com.empowerbits.dronifyit            W  Too many Flogger logs received before configuration. Dropping old logs.
2025-11-07 13:02:42.626 20655-24551 ProxyAndro...gerBackend com.empowerbits.dronifyit            W  Too many Flogger logs received before configuration. Dropping old logs.
2025-11-07 13:02:42.629 20655-24551 ProxyAndro...gerBackend com.empowerbits.dronifyit            W  Too many Flogger logs received before configuration. Dropping old logs.
2025-11-07 13:02:42.631 20655-24550 ProxyAndro...gerBackend com.empowerbits.dronifyit            W  Too many Flogger logs received before configuration. Dropping old logs.
2025-11-07 13:02:42.633 20655-24545 ProxyAndro...gerBackend com.empowerbits.dronifyit            W  Too many Flogger logs received before configuration. Dropping old logs.
2025-11-07 13:02:42.635 20655-24545 ProxyAndro...gerBackend com.empowerbits.dronifyit            W  Too many Flogger logs received before configuration. Dropping old logs.
2025-11-07 13:02:42.636 20655-24550 ProxyAndro...gerBackend com.empowerbits.dronifyit            W  Too many Flogger logs received before configuration. Dropping old logs.
2025-11-07 13:02:42.638 20655-24551 ProxyAndro...gerBackend com.empowerbits.dronifyit            W  Too many Flogger logs received before configuration. Dropping old logs.
2025-11-07 13:02:42.642 20655-24545 ProxyAndro...gerBackend com.empowerbits.dronifyit            W  Too many Flogger logs received before configuration. Dropping old logs.
2025-11-07 13:02:42.646 20655-24551 ProxyAndro...gerBackend com.empowerbits.dronifyit            W  Too many Flogger logs received before configuration. Dropping old logs.
2025-11-07 13:02:42.649 20655-24550 ProxyAndro...gerBackend com.empowerbits.dronifyit            W  Too many Flogger logs received before configuration. Dropping old logs.
2025-11-07 13:02:42.827 20655-24545 ProxyAndro...gerBackend com.empowerbits.dronifyit            W  Too many Flogger logs received before configuration. Dropping old logs.
2025-11-07 13:02:42.830 20655-24551 ProxyAndro...gerBackend com.empowerbits.dronifyit            W  Too many Flogger logs received before configuration. Dropping old logs.
2025-11-07 13:02:42.833 20655-24550 ProxyAndro...gerBackend com.empowerbits.dronifyit            W  Too many Flogger logs received before configuration. Dropping old logs.
2025-11-07 13:02:42.902 20655-24551 ProxyAndro...gerBackend com.empowerbits.dronifyit            W  Too many Flogger logs received before configuration. Dropping old logs.
