2025-11-07 13:03:01.205 20655-24147 MSDKInfoVm              com.empowerbits.dronifyit            I  🔍 Polling for product type...
2025-11-07 13:03:01.206 20655-20655 MSDKInfoVm              com.empowerbits.dronifyit            I  📡 Polling result: DJI_MINI_4_PRO
2025-11-07 13:03:06.205 20655-24147 MSDKInfoVm              com.empowerbits.dronifyit            I  🔍 Polling for product type...
2025-11-07 13:03:06.207 20655-20655 MSDKInfoVm              com.empowerbits.dronifyit            I  📡 Polling result: DJI_MINI_4_PRO
2025-11-07 13:03:11.205 20655-24147 MSDKInfoVm              com.empowerbits.dronifyit            I  🔍 Polling for product type...
2025-11-07 13:03:11.207 20655-20655 MSDKInfoVm              com.empowerbits.dronifyit            I  📡 Polling result: DJI_MINI_4_PRO
2025-11-07 13:03:11.400 20655-23653 rbits.dronifyit         com.empowerbits.dronifyit            I  Background concurrent copying GC freed 20MB AllocSpace bytes, 236(7868KB) LOS objects, 72% free, 37MB/133MB, paused 111us,61us total 141.787ms
2025-11-07 13:03:16.206 20655-24147 MSDKInfoVm              com.empowerbits.dronifyit            I  🔍 Polling for product type...
2025-11-07 13:03:16.207 20655-20655 MSDKInfoVm              com.empowerbits.dronifyit            I  📡 Polling result: DJI_MINI_4_PRO
2025-11-07 13:03:21.204 20655-24147 MSDKInfoVm              com.empowerbits.dronifyit            I  🔍 Polling for product type...
2025-11-07 13:03:21.207 20655-20655 MSDKInfoVm              com.empowerbits.dronifyit            I  📡 Polling result: DJI_MINI_4_PRO
2025-11-07 13:03:24.844 20655-24728 ProxyAndro...gerBackend com.empowerbits.dronifyit            W  Too many Flogger logs received before configuration. Dropping old logs.
2025-11-07 13:03:24.848 20655-24728 ProxyAndro...gerBackend com.empowerbits.dronifyit            W  Too many Flogger logs received before configuration. Dropping old logs.
2025-11-07 13:03:24.851 20655-24729 ProxyAndro...gerBackend com.empowerbits.dronifyit            W  Too many Flogger logs received before configuration. Dropping old logs.
2025-11-07 13:03:24.907 20655-24728 ProxyAndro...gerBackend com.empowerbits.dronifyit            W  Too many Flogger logs received before configuration. Dropping old logs.
2025-11-07 13:03:24.932 20655-24728 ProxyAndro...gerBackend com.empowerbits.dronifyit            W  Too many Flogger logs received before configuration. Dropping old logs.
2025-11-07 13:03:25.058 20655-24729 ProxyAndro...gerBackend com.empowerbits.dronifyit            W  Too many Flogger logs received before configuration. Dropping old logs.
2025-11-07 13:03:25.059 20655-24727 ProxyAndro...gerBackend com.empowerbits.dronifyit            W  Too many Flogger logs received before configuration. Dropping old logs.
2025-11-07 13:03:25.060 20655-24729 ProxyAndro...gerBackend com.empowerbits.dronifyit            W  Too many Flogger logs received before configuration. Dropping old logs.
2025-11-07 13:03:25.063 20655-24729 ProxyAndro...gerBackend com.empowerbits.dronifyit            W  Too many Flogger logs received before configuration. Dropping old logs.
2025-11-07 13:03:25.076 20655-24728 ProxyAndro...gerBackend com.empowerbits.dronifyit            W  Too many Flogger logs received before configuration. Dropping old logs.
2025-11-07 13:03:25.082 20655-24729 ProxyAndro...gerBackend com.empowerbits.dronifyit            W  Too many Flogger logs received before configuration. Dropping old logs.
2025-11-07 13:03:25.334 20655-24728 ProxyAndro...gerBackend com.empowerbits.dronifyit            W  Too many Flogger logs received before configuration. Dropping old logs.
2025-11-07 13:03:25.335 20655-24729 ProxyAndro...gerBackend com.empowerbits.dronifyit            W  Too many Flogger logs received before configuration. Dropping old logs.
2025-11-07 13:03:25.393 20655-24729 ProxyAndro...gerBackend com.empowerbits.dronifyit            W  Too many Flogger logs received before configuration. Dropping old logs.
2025-11-07 13:03:25.396 20655-24729 ProxyAndro...gerBackend com.empowerbits.dronifyit            W  Too many Flogger logs received before configuration. Dropping old logs.
2025-11-07 13:03:25.399 20655-24729 ProxyAndro...gerBackend com.empowerbits.dronifyit            W  Too many Flogger logs received before configuration. Dropping old logs.
2025-11-07 13:03:25.401 20655-24729 ProxyAndro...gerBackend com.empowerbits.dronifyit            W  Too many Flogger logs received before configuration. Dropping old logs.
2025-11-07 13:03:25.402 20655-24729 ProxyAndro...gerBackend com.empowerbits.dronifyit            W  Too many Flogger logs received before configuration. Dropping old logs.
2025-11-07 13:03:25.403 20655-24729 ProxyAndro...gerBackend com.empowerbits.dronifyit            W  Too many Flogger logs received before configuration. Dropping old logs.
2025-11-07 13:03:25.406 20655-24728 ProxyAndro...gerBackend com.empowerbits.dronifyit            W  Too many Flogger logs received before configuration. Dropping old logs.
2025-11-07 13:03:25.412 20655-24727 ProxyAndro...gerBackend com.empowerbits.dronifyit            W  Too many Flogger logs received before configuration. Dropping old logs.
2025-11-07 13:03:25.484 20655-24728 ProxyAndro...gerBackend com.empowerbits.dronifyit            W  Too many Flogger logs received before configuration. Dropping old logs.
2025-11-07 13:03:25.494 20655-24729 ProxyAndro...gerBackend com.empowerbits.dronifyit            W  Too many Flogger logs received before configuration. Dropping old logs.
2025-11-07 13:03:25.508 20655-24727 ProxyAndro...gerBackend com.empowerbits.dronifyit            W  Too many Flogger logs received before configuration. Dropping old logs.
2025-11-07 13:03:25.515 20655-24729 ProxyAndro...gerBackend com.empowerbits.dronifyit            W  Too many Flogger logs received before configuration. Dropping old logs.
2025-11-07 13:03:25.518 20655-24727 ProxyAndro...gerBackend com.empowerbits.dronifyit            W  Too many Flogger logs received before configuration. Dropping old logs.
2025-11-07 13:03:25.522 20655-24729 ProxyAndro...gerBackend com.empowerbits.dronifyit            W  Too many Flogger logs received before configuration. Dropping old logs.
2025-11-07 13:03:25.525 20655-24727 ProxyAndro...gerBackend com.empowerbits.dronifyit            W  Too many Flogger logs received before configuration. Dropping old logs.
2025-11-07 13:03:25.525 20655-24728 ProxyAndro...gerBackend com.empowerbits.dronifyit            W  Too many Flogger logs received before configuration. Dropping old logs.
2025-11-07 13:03:25.528 20655-24729 ProxyAndro...gerBackend com.empowerbits.dronifyit            W  Too many Flogger logs received before configuration. Dropping old logs.
2025-11-07 13:03:25.530 20655-24728 ProxyAndro...gerBackend com.empowerbits.dronifyit            W  Too many Flogger logs received before configuration. Dropping old logs.
2025-11-07 13:03:25.534 20655-24727 ProxyAndro...gerBackend com.empowerbits.dronifyit            W  Too many Flogger logs received before configuration. Dropping old logs.
2025-11-07 13:03:25.537 20655-24729 ProxyAndro...gerBackend com.empowerbits.dronifyit            W  Too many Flogger logs received before configuration. Dropping old logs.
2025-11-07 13:03:25.757 20655-24728 ProxyAndro...gerBackend com.empowerbits.dronifyit            W  Too many Flogger logs received before configuration. Dropping old logs.
2025-11-07 13:03:25.759 20655-24728 ProxyAndro...gerBackend com.empowerbits.dronifyit            W  Too many Flogger logs received before configuration. Dropping old logs.
2025-11-07 13:03:25.764 20655-24729 ProxyAndro...gerBackend com.empowerbits.dronifyit            W  Too many Flogger logs received before configuration. Dropping old logs.
2025-11-07 13:03:25.766 20655-24729 ProxyAndro...gerBackend com.empowerbits.dronifyit            W  Too many Flogger logs received before configuration. Dropping old logs.
2025-11-07 13:03:25.770 20655-24729 ProxyAndro...gerBackend com.empowerbits.dronifyit            W  Too many Flogger logs received before configuration. Dropping old logs.
2025-11-07 13:03:25.775 20655-24727 ProxyAndro...gerBackend com.empowerbits.dronifyit            W  Too many Flogger logs received before configuration. Dropping old logs.
2025-11-07 13:03:25.783 20655-24727 ProxyAndro...gerBackend com.empowerbits.dronifyit            W  Too many Flogger logs received before configuration. Dropping old logs.
2025-11-07 13:03:25.784 20655-24727 ProxyAndro...gerBackend com.empowerbits.dronifyit            W  Too many Flogger logs received before configuration. Dropping old logs.
2025-11-07 13:03:25.786 20655-24729 ProxyAndro...gerBackend com.empowerbits.dronifyit            W  Too many Flogger logs received before configuration. Dropping old logs.
2025-11-07 13:03:25.786 20655-24729 ProxyAndro...gerBackend com.empowerbits.dronifyit            W  Too many Flogger logs received before configuration. Dropping old logs.
2025-11-07 13:03:25.787 20655-24728 ProxyAndro...gerBackend com.empowerbits.dronifyit            W  Too many Flogger logs received before configuration. Dropping old logs.
2025-11-07 13:03:26.205 20655-24147 MSDKInfoVm              com.empowerbits.dronifyit            I  🔍 Polling for product type...
2025-11-07 13:03:26.206 20655-20655 MSDKInfoVm              com.empowerbits.dronifyit            I  📡 Polling result: DJI_MINI_4_PRO
2025-11-07 13:03:26.614 20655-20655 CameraFeedFragment      com.empowerbits.dronifyit            D  ⏸️ onPause
2025-11-07 13:03:26.614 20655-20655 CameraFeedFragment      com.empowerbits.dronifyit            I  ⏹️ Stopping camera stream
2025-11-07 13:03:26.618 20655-24093 V5_LIVE_VIEW            com.empowerbits.dronifyit            E  removeSurface： Surface(name=android.graphics.SurfaceTexture@7a92fdb mNativeObject=-5476376663966493024)/@0xda07551  currentSize = 0 
2025-11-07 13:03:26.620 20655-20655 CameraFeedFragment      com.empowerbits.dronifyit            I  ✅ Video stream stopped
2025-11-07 13:03:26.649 20655-20655 MSDKInfoVm              com.empowerbits.dronifyit            I  🔄 FORCE REFRESH: Manually checking product type...
2025-11-07 13:03:26.650 20655-20655 MSDKInfoVm              com.empowerbits.dronifyit            I  ⚡ Performing immediate product type check...
2025-11-07 13:03:26.650 20655-20655 MSDKInfoVm              com.empowerbits.dronifyit            I  🔍 Polling for product type...
2025-11-07 13:03:26.660 20655-20655 ViewRootImpl            com.empowerbits.dronifyit            D  AppSizeAfterRelayout, size: Point(1260, 2800), rotation: ROTATION_0
2025-11-07 13:03:26.661 20655-20655 libc                    com.empowerbits.dronifyit            W  Access denied finding property "vendor.display.enable_optimal_refresh_rate"
2025-11-07 13:03:26.656 20655-20655 rbits.dronifyit         com.empowerbits.dronifyit            W  type=1400 audit(0.0:223887): avc:  denied  { read } for  name="u:object_r:vendor_display_prop:s0" dev="tmpfs" ino=462 scontext=u:r:untrusted_app:s0:c22,c258,c512,c768 tcontext=u:object_r:vendor_display_prop:s0 tclass=file permissive=0 app=com.empowerbits.dronifyit
2025-11-07 13:03:26.670 20655-20655 MSDKInfoVm              com.empowerbits.dronifyit            I  📡 Polling result: DJI_MINI_4_PRO
2025-11-07 13:03:26.706 20655-20655 ImeFocusController      com.empowerbits.dronifyit            V  onWindowFocus: com.android.internal.policy.DecorView{7d113d8 V.E...... R....... 0,0-1260,2800 aid=2}[MainActivity] softInputMode=STATE_UNSPECIFIED|ADJUST_PAN
2025-11-07 13:03:26.947 20655-20655 VRI[WaypointActivity]   com.empowerbits.dronifyit            D  visibilityChanged oldVisibility=true newVisibility=false
2025-11-07 13:03:26.962 20655-20655 ViewRootImpl            com.empowerbits.dronifyit            D  AppSizeAfterRelayout, size: Point(1260, 2800), rotation: ROTATION_0
2025-11-07 13:03:26.968 20655-24474 ProxyAndro...gerBackend com.empowerbits.dronifyit            W  Too many Flogger logs received before configuration. Dropping old logs.
2025-11-07 13:03:26.976 20655-20655 CameraFeedFragment      com.empowerbits.dronifyit            D  💥 Surface DESTROYED
2025-11-07 13:03:26.976 20655-20655 CameraFeedFragment      com.empowerbits.dronifyit            D  ⚠️ Stream not active, nothing to stop
2025-11-07 13:03:26.977 20655-20655 CameraFeedFragment      com.empowerbits.dronifyit            D  💀 onDestroyView
2025-11-07 13:03:26.980 20655-20655 Google Android Maps SDK com.empowerbits.dronifyit            D  For capability in capabilities, log:
                                                                                                    "AdvancedMarkers: false: Capabilities unavailable without a Map ID."Data-driven styling: false
2025-11-07 13:03:26.981 20655-24474 ProxyAndro...gerBackend com.empowerbits.dronifyit            W  Too many Flogger logs received before configuration. Dropping old logs.
2025-11-07 13:03:26.991 20655-20655 ProxyAndro...gerBackend com.empowerbits.dronifyit            W  Too many Flogger logs received before configuration. Dropping old logs.
2025-11-07 13:03:26.995 20655-20655 ProxyAndro...gerBackend com.empowerbits.dronifyit            W  Too many Flogger logs received before configuration. Dropping old logs.
2025-11-07 13:03:26.998 20655-20655 ProxyAndro...gerBackend com.empowerbits.dronifyit            W  Too many Flogger logs received before configuration. Dropping old logs.
2025-11-07 13:03:26.998 20655-20655 ProxyAndro...gerBackend com.empowerbits.dronifyit            W  Too many Flogger logs received before configuration. Dropping old logs.
2025-11-07 13:03:26.998 20655-20655 ProxyAndro...gerBackend com.empowerbits.dronifyit            W  Too many Flogger logs received before configuration. Dropping old logs.
2025-11-07 13:03:26.998 20655-20655 ProxyAndro...gerBackend com.empowerbits.dronifyit            W  Too many Flogger logs received before configuration. Dropping old logs.
2025-11-07 13:03:26.999 20655-20655 ProxyAndro...gerBackend com.empowerbits.dronifyit            W  Too many Flogger logs received before configuration. Dropping old logs.
2025-11-07 13:03:27.000 20655-20655 ProxyAndro...gerBackend com.empowerbits.dronifyit            W  Too many Flogger logs received before configuration. Dropping old logs.
2025-11-07 13:03:27.002 20655-20655 TelemetryDisplayManager com.empowerbits.dronifyit            D  TelemetryDisplayManager cleanup completed for WaypointActivity
2025-11-07 13:03:27.002 20655-20655 SpeedDisplayManager     com.empowerbits.dronifyit            D  SpeedDisplayManager cleanup completed
2025-11-07 13:03:27.002 20655-20655 WaypointActivity        com.empowerbits.dronifyit            D  WaypointActivity destroyed
2025-11-07 13:03:27.002 20655-20655 WindowOnBackDispatcher  com.empowerbits.dronifyit            W  sendCancelIfRunning: isInProgress=false callback=android.view.ViewRootImpl$$ExternalSyntheticLambda11@e410567
2025-11-07 13:03:27.010 20655-20655 CommandService_V5SDK    com.empowerbits.dronifyit            D  CommandService_V5SDK destroyed
2025-11-07 13:03:27.452 20655-20655 WindowOnBackDispatcher  com.empowerbits.dronifyit            W  OnBackInvokedCallback is not enabled for the application.
                                                                                                    Set 'android:enableOnBackInvokedCallback="true"' in the application manifest.
2025-11-07 13:03:27.478 20655-20655 ProjectDialogFragment   com.empowerbits.dronifyit            D  ProjectDialogFragment created. Upload Photos Mode: false
2025-11-07 13:03:27.519 20655-20655 ViewRootImpl            com.empowerbits.dronifyit            D  AppSizeAfterRelayout, size: Point(1452, 2884), rotation: ROTATION_0
2025-11-07 13:03:27.520 20655-20655 libc                    com.empowerbits.dronifyit            W  Access denied finding property "vendor.display.enable_optimal_refresh_rate"
2025-11-07 13:03:27.516 20655-20655 rbits.dronifyit         com.empowerbits.dronifyit            W  type=1400 audit(0.0:223888): avc:  denied  { read } for  name="u:object_r:vendor_display_prop:s0" dev="tmpfs" ino=462 scontext=u:r:untrusted_app:s0:c22,c258,c512,c768 tcontext=u:object_r:vendor_display_prop:s0 tclass=file permissive=0 app=com.empowerbits.dronifyit
2025-11-07 13:03:27.565 20655-20655 ViewRootImpl            com.empowerbits.dronifyit            D  AppSizeAfterRelayout, size: Point(1452, 2812), rotation: ROTATION_0
2025-11-07 13:03:27.594 20655-20655 ImeFocusController      com.empowerbits.dronifyit            V  onWindowFocus: android.widget.LinearLayout{e069ef5 VFE...... .F...... 0,0-1260,2620} softInputMode=STATE_UNSPECIFIED|ADJUST_PAN
2025-11-07 13:03:27.650 20655-24758 MSDKInfoVm              com.empowerbits.dronifyit            I  🔍 Polling for product type...
2025-11-07 13:03:27.656 20655-20655 MSDKInfoVm              com.empowerbits.dronifyit            I  📡 Polling result: DJI_MINI_4_PRO
2025-11-07 13:03:28.496 20655-20655 ProjectDialogFragment   com.empowerbits.dronifyit            E  Context is not MissionPlanner, starting new activity
2025-11-07 13:03:28.523 20655-20655 WindowOnBackDispatcher  com.empowerbits.dronifyit            W  sendCancelIfRunning: isInProgress=false callback=android.view.ViewRootImpl$$ExternalSyntheticLambda11@f1585ce
2025-11-07 13:03:28.545 20655-20655 WindowOnBackDispatcher  com.empowerbits.dronifyit            W  OnBackInvokedCallback is not enabled for the application.
                                                                                                    Set 'android:enableOnBackInvokedCallback="true"' in the application manifest.
2025-11-07 13:03:28.577 20655-20655 Google Android Maps SDK com.empowerbits.dronifyit            I  Google Play services package version: 254031035
2025-11-07 13:03:28.577 20655-20655 Google Android Maps SDK com.empowerbits.dronifyit            I  Google Play services maps renderer version(maps_core): 253425402
2025-11-07 13:03:28.586 20655-20655 ProxyAndro...gerBackend com.empowerbits.dronifyit            W  Too many Flogger logs received before configuration. Dropping old logs.
2025-11-07 13:03:28.596 20655-20655 ProxyAndro...gerBackend com.empowerbits.dronifyit            W  Too many Flogger logs received before configuration. Dropping old logs.
2025-11-07 13:03:28.599 20655-20655 ProxyAndro...gerBackend com.empowerbits.dronifyit            W  Too many Flogger logs received before configuration. Dropping old logs.
2025-11-07 13:03:28.599 20655-20655 ProxyAndro...gerBackend com.empowerbits.dronifyit            W  Too many Flogger logs received before configuration. Dropping old logs.
2025-11-07 13:03:28.600 20655-24727 ProxyAndro...gerBackend com.empowerbits.dronifyit            W  Too many Flogger logs received before configuration. Dropping old logs.
2025-11-07 13:03:28.601 20655-20655 ProxyAndro...gerBackend com.empowerbits.dronifyit            W  Too many Flogger logs received before configuration. Dropping old logs.
2025-11-07 13:03:28.603 20655-24728 ProxyAndro...gerBackend com.empowerbits.dronifyit            W  Too many Flogger logs received before configuration. Dropping old logs.
2025-11-07 13:03:28.604 20655-20655 ProxyAndro...gerBackend com.empowerbits.dronifyit            W  Too many Flogger logs received before configuration. Dropping old logs.
2025-11-07 13:03:28.605 20655-20655 ProxyAndro...gerBackend com.empowerbits.dronifyit            W  Too many Flogger logs received before configuration. Dropping old logs.
2025-11-07 13:03:28.644 20655-20655 WaypointActivity        com.empowerbits.dronifyit            D  NFZ Panel initialized
2025-11-07 13:03:28.647 20655-20655 TelemetryService        com.empowerbits.dronifyit            D  TelemetryService already initialized
2025-11-07 13:03:28.647 20655-20655 WaypointActivity        com.empowerbits.dronifyit            D  Initializing display managers...
2025-11-07 13:03:28.647 20655-20655 TelemetryDisplayManager com.empowerbits.dronifyit            D  TelemetryDisplayManager created for WaypointActivity
2025-11-07 13:03:28.647 20655-20655 TelemetryDisplayManager com.empowerbits.dronifyit            V  Flight mode updated: N/A (WaypointActivity)
2025-11-07 13:03:28.649 20655-20655 TelemetryDisplayManager com.empowerbits.dronifyit            V  Satellite count updated: 0 (WaypointActivity)
2025-11-07 13:03:28.649 20655-20655 TelemetryDisplayManager com.empowerbits.dronifyit            V  GPS signal updated: 0 (WaypointActivity)
2025-11-07 13:03:28.649 20655-20655 TelemetryDisplayManager com.empowerbits.dronifyit            V  Battery level updated: 0% (WaypointActivity)
2025-11-07 13:03:28.649 20655-20655 TelemetryDisplayManager com.empowerbits.dronifyit            V  Remote signal updated: 0 (WaypointActivity)
2025-11-07 13:03:28.649 20655-20655 TelemetryDisplayManager com.empowerbits.dronifyit            D  Telemetry display reset to default values (WaypointActivity)
2025-11-07 13:03:28.649 20655-20655 TelemetryDisplayManager com.empowerbits.dronifyit            D  Components initialized for WaypointActivity
2025-11-07 13:03:28.649 20655-20655 SpeedDisplayManager     com.empowerbits.dronifyit            D  SpeedDisplayManager components initialized
2025-11-07 13:03:28.649 20655-20655 TelemetryDisplayManager com.empowerbits.dronifyit            D  Telemetry listeners setup successfully for WaypointActivity
2025-11-07 13:03:28.650 20655-20655 SpeedDisplayManager     com.empowerbits.dronifyit            D  Telemetry listeners registered successfully
2025-11-07 13:03:28.650 20655-20655 WaypointActivity        com.empowerbits.dronifyit            D  Display managers initialized successfully
2025-11-07 13:03:28.651 20655-20655 WaypointActivity        com.empowerbits.dronifyit            D  Storage permission not granted, will request when needed
2025-11-07 13:03:28.654 20655-20655 CameraFeedFragment      com.empowerbits.dronifyit            D  📄 onCreateView called
2025-11-07 13:03:28.654 20655-20655 CameraFeedFragment      com.empowerbits.dronifyit            D  👁️ onViewCreated called
2025-11-07 13:03:28.654 20655-20655 CameraFeedFragment      com.empowerbits.dronifyit            D  ✅ CameraStreamManager initialized
2025-11-07 13:03:28.655 20655-20655 CameraFeedFragment      com.empowerbits.dronifyit            D  ✅ Fragment view created - Connected: true, Product: DJI_MINI_4_PRO
2025-11-07 13:03:28.655 20655-20655 CameraFeedFragment      com.empowerbits.dronifyit            D  🔗 Connection state changed: true
2025-11-07 13:03:28.655 20655-20655 CameraFeedFragment      com.empowerbits.dronifyit            D  🔄 updateConnectionLogic - Connected: true, Product: DJI_MINI_4_PRO, TextureAvailable: false, StreamStarted: false
2025-11-07 13:03:28.656 20655-20655 CameraFeedFragment      com.empowerbits.dronifyit            D  🚁 Product type changed: DJI_MINI_4_PRO
2025-11-07 13:03:28.656 20655-20655 CameraFeedFragment      com.empowerbits.dronifyit            D  🔄 updateConnectionLogic - Connected: true, Product: DJI_MINI_4_PRO, TextureAvailable: false, StreamStarted: false
2025-11-07 13:03:28.656 20655-20655 WaypointActivity        com.empowerbits.dronifyit            D  🔗 Connection state changed: true
2025-11-07 13:03:28.657 20655-20655 CameraFeedFragment      com.empowerbits.dronifyit            D  ▶️ onResume
2025-11-07 13:03:28.674 20655-24729 ProxyAndro...gerBackend com.empowerbits.dronifyit            W  Too many Flogger logs received before configuration. Dropping old logs.
2025-11-07 13:03:28.681 20655-24727 ProxyAndro...gerBackend com.empowerbits.dronifyit            W  Too many Flogger logs received before configuration. Dropping old logs.
2025-11-07 13:03:28.680 20655-20655 rbits.dronifyit         com.empowerbits.dronifyit            W  type=1400 audit(0.0:223889): avc:  denied  { read } for  name="u:object_r:vendor_display_prop:s0" dev="tmpfs" ino=462 scontext=u:r:untrusted_app:s0:c22,c258,c512,c768 tcontext=u:object_r:vendor_display_prop:s0 tclass=file permissive=0 app=com.empowerbits.dronifyit
2025-11-07 13:03:28.684 20655-20655 ViewRootImpl            com.empowerbits.dronifyit            D  AppSizeAfterRelayout, size: Point(1260, 2800), rotation: ROTATION_0
2025-11-07 13:03:28.684 20655-20655 libc                    com.empowerbits.dronifyit            W  Access denied finding property "vendor.display.enable_optimal_refresh_rate"
2025-11-07 13:03:28.689 20655-20655 libc                    com.empowerbits.dronifyit            W  Access denied finding property "vendor.display.enable_optimal_refresh_rate"
2025-11-07 13:03:28.688 20655-20655 rbits.dronifyit         com.empowerbits.dronifyit            W  type=1400 audit(0.0:223890): avc:  denied  { read } for  name="u:object_r:vendor_display_prop:s0" dev="tmpfs" ino=462 scontext=u:r:untrusted_app:s0:c22,c258,c512,c768 tcontext=u:object_r:vendor_display_prop:s0 tclass=file permissive=0 app=com.empowerbits.dronifyit
2025-11-07 13:03:28.692 20655-20655 libc                    com.empowerbits.dronifyit            W  Access denied finding property "vendor.display.enable_optimal_refresh_rate"
2025-11-07 13:03:28.692 20655-20655 CameraFeedFragment      com.empowerbits.dronifyit            D  🎨 Surface AVAILABLE: 690x420
2025-11-07 13:03:28.688 20655-20655 rbits.dronifyit         com.empowerbits.dronifyit            W  type=1400 audit(0.0:223891): avc:  denied  { read } for  name="u:object_r:vendor_display_prop:s0" dev="tmpfs" ino=462 scontext=u:r:untrusted_app:s0:c22,c258,c512,c768 tcontext=u:object_r:vendor_display_prop:s0 tclass=file permissive=0 app=com.empowerbits.dronifyit
2025-11-07 13:03:28.692 20655-20655 GL-Map                  com.empowerbits.dronifyit            W  type=1400 audit(0.0:223892): avc:  denied  { read } for  name="u:object_r:vendor_display_prop:s0" dev="tmpfs" ino=462 scontext=u:r:untrusted_app:s0:c22,c258,c512,c768 tcontext=u:object_r:vendor_display_prop:s0 tclass=file permissive=0 app=com.empowerbits.dronifyit
2025-11-07 13:03:28.695 20655-24786 libc                    com.empowerbits.dronifyit            W  Access denied finding property "vendor.display.enable_optimal_refresh_rate"
2025-11-07 13:03:28.695 20655-24728 ProxyAndro...gerBackend com.empowerbits.dronifyit            W  Too many Flogger logs received before configuration. Dropping old logs.
2025-11-07 13:03:28.704 20655-24728 ProxyAndro...gerBackend com.empowerbits.dronifyit            W  Too many Flogger logs received before configuration. Dropping old logs.
2025-11-07 13:03:28.706 20655-20655 CommandService_V5SDK    com.empowerbits.dronifyit            D  CommandService_V5SDK created
2025-11-07 13:03:28.706 20655-20655 CommandService_V5SDK    com.empowerbits.dronifyit            D  Mission listeners registered
2025-11-07 13:03:28.707 20655-20655 CommandService_V5SDK    com.empowerbits.dronifyit            D  CommandService_V5SDK initialization complete with DJI SDK utilities
2025-11-07 13:03:28.709 20655-20655 SpeedDisplayManager     com.empowerbits.dronifyit            D  Speed display reset to default values
2025-11-07 13:03:28.709 20655-20655 WaypointActivity        com.empowerbits.dronifyit            D  Google Map ready
2025-11-07 13:03:28.710 20655-20655 ProxyAndro...gerBackend com.empowerbits.dronifyit            W  Too many Flogger logs received before configuration. Dropping old logs.
2025-11-07 13:03:28.710 20655-20655 ProxyAndro...gerBackend com.empowerbits.dronifyit            W  Too many Flogger logs received before configuration. Dropping old logs.
2025-11-07 13:03:28.711 20655-20655 ProxyAndro...gerBackend com.empowerbits.dronifyit            W  Too many Flogger logs received before configuration. Dropping old logs.
2025-11-07 13:03:28.711 20655-24728 ProxyAndro...gerBackend com.empowerbits.dronifyit            W  Too many Flogger logs received before configuration. Dropping old logs.
2025-11-07 13:03:28.714 20655-20655 Google Android Maps SDK com.empowerbits.dronifyit            W  Deprecation warning: Indoor is no longer supported on satellite, hybrid and terrain map types. isIndoorEnabled() continues to return the value that has been set via setIndoorEnabled(). By default, setIndoorEnabled is 'true'.
2025-11-07 13:03:28.719 20655-20655 ProxyAndro...gerBackend com.empowerbits.dronifyit            W  Too many Flogger logs received before configuration. Dropping old logs.
2025-11-07 13:03:28.719 20655-20655 ProxyAndro...gerBackend com.empowerbits.dronifyit            W  Too many Flogger logs received before configuration. Dropping old logs.
2025-11-07 13:03:28.722 20655-24728 ProxyAndro...gerBackend com.empowerbits.dronifyit            W  Too many Flogger logs received before configuration. Dropping old logs.
2025-11-07 13:03:28.723 20655-20655 WaypointActivity        com.empowerbits.dronifyit            D  My Location (blue dot) enabled on map
2025-11-07 13:03:28.723 20655-20655 Project                 com.empowerbits.dronifyit            D  Parsing obstacle_boundary: []
2025-11-07 13:03:28.724 20655-24727 ProxyAndro...gerBackend com.empowerbits.dronifyit            W  Too many Flogger logs received before configuration. Dropping old logs.
2025-11-07 13:03:28.724 20655-20655 Project                 com.empowerbits.dronifyit            D  Successfully parsed 0 obstacles from obstacle_boundary
2025-11-07 13:03:28.726 20655-20655 Project                 com.empowerbits.dronifyit            D  Parsing flight_path: [{"lat":33.55754074067819,"lng":72.83525940030813},{"lat":33.557539836594025,"lng":72.8352835575078},{"lat":33.557537131620656,"lng":72.83530752020789},{"lat":33.55753264753696,"lng":72.83533109547484},{"lat":33.55752642044612,"lng":72.83535409349447},{"lat":33.55751850048504,"lng":72.83537632910024},{"lat":33.55750895142056,"lng":72.83539762326414},{"lat":33.55749785013615,"lng":72.83541780453805},{"lat":33.55748528601282,"lng":72.83543671043427},{"lat":33.5574713602095,"lng":72.83545418873359},{"lat":33.557456184848576,"lng":72.83547009871104},{"lat":33.55743988211312,"lng":72.83548431226885},{"lat":33.55742258326319,"lng":72.83549671496779},{"lat":33.557404427578945,"lng":72.83550720694863},{"lat":33.55738556123927,"lng":72.83551570373612},{"lat":33.55736613614486,"lng":72.8355221369191},{"lat":33.55734630869513,"lng":72.83552645470138},{"lat":33.557326238529065,"lng":72.8355286223187},{"lat":33.55730608723983,"lng":72.8355286223187},{"lat":33.557286017073764,"lng":72.83552645470138},{"lat":33.55726618962404,"lng":72.8355221369191},{"lat":33.55724676452962,"lng":72.83551570373612},{"lat":33.55722789818995,"lng":72.83550720694863},{"lat":33.557209742505705,"lng":72.83549671496779},{"lat":33.55719244365577,"lng":72.83548431226885},{"lat":33.55717614092032,"lng":72.83547009871104},{"lat":33.5571609655594,"lng":72.83545418873359},{"lat":33.557147039756074,"lng":72.83543671043427},{"lat":33.55713447563274,"lng":72.83541780453805},{"lat":33.557123374348336,"lng":72.83539762326414},{"lat":33.55711382528386,"lng":72.83537632910024},{"lat":33.55710590532277,"lng":72.83535409349447},{"lat":33.557099678231936,"lng":72.83533109547484},{"lat":33.55709519414824,"lng":72.83530752020789},{"lat":33.55709248917487,"lng":72.8352835575078},{"lat":33.5570915850907,"lng":72.83525940030813},{"lat":33.55709248917487,"lng":72.83523524310847},{"lat":33.55709519414824,"lng":72.83521128040837},{"lat":33.557099678231936,"lng":72.83518770514142},{"lat":33.55710590532277,"lng":72.83516470712179},{"lat":33.55711382528386,"lng":72.83514247151602},{"lat":33.557123374348336,"lng":72.83512117735212},{"lat":33.55713447563274,"lng":72.83510099607821},{"lat":33.557147039756074,"lng":72.835082090182},{"lat":33.5571609655594,"lng":72.83506461188267},{"lat":33.55717614092032,"lng":72.83504870190522},{"lat":33.55719244365577,"lng":72.83503448834742},{"lat":33.557209742505705,"lng":72.83502208564848},{"lat":33.55722789818995,"lng":72.83501159366763},{"lat":33.55724676452962,"lng":72.83500309688014},{"lat":33.55726618962404,"lng":72.83499666369717},{"lat":33.557286017073764,"lng":72.83499234591488},{"lat":33.55730608723983,"lng":72.83499017829756},{"lat":33.557326238529065,"lng":72.83499017829756},{"lat":33.55734630869513,"lng":72.83499234591488},{"lat":33.55736613614486,"lng":72.83499666369717},{"lat":33.55738556123927,"lng":72.83500309688014},{"lat":33.557404427578945,"lng":72.83501159366763},{"lat":33.55742258326319,"lng":72.83502208564848},{"lat":33.55743988211312,"lng":72.83503448834742},{"lat":33.557456184848576,"lng":72.83504870190522},{"lat":33.5574713602095,"lng":72.83506461188267},{"lat":33.55748528601282,"lng":72.835082090182},{"lat":33.55749785013615,"lng":72.83510099607821},{"lat":33.55750895142056,"lng":72.83512117735212},{"lat":33.55751850048504,"lng":72.83514247151602},{"lat":33.55752642044612,"lng":72.83516470712179},{"lat":33.55753264753696,"lng":72.83518770514142},{"lat":33.557537131620656,"lng":72.83521128040837},{"lat":33.557539836594025,"lng":72.83523524310847}]
2025-11-07 13:03:28.726 20655-24727 ProxyAndro...gerBackend com.empowerbits.dronifyit            W  Too many Flogger logs received before configuration. Dropping old logs.
2025-11-07 13:03:28.730 20655-24729 ProxyAndro...gerBackend com.empowerbits.dronifyit            W  Too many Flogger logs received before configuration. Dropping old logs.
2025-11-07 13:03:28.731 20655-20655 Project                 com.empowerbits.dronifyit            D  Successfully parsed 70 waypoints from flight_path
2025-11-07 13:03:28.734 20655-20655 EAGEELYYEE              com.empowerbits.dronifyit            D  Height Difference - -41.72
2025-11-07 13:03:28.734 20655-20655 System.out              com.empowerbits.dronifyit            I  Distance: 0.0
2025-11-07 13:03:28.734 20655-20655 EAGEELYYEE              com.empowerbits.dronifyit            D  Distance0.0
2025-11-07 13:03:28.734 20655-20655 Waypoint Angle          com.empowerbits.dronifyit            D  -90.0
2025-11-07 13:03:28.735 20655-20655 SessionUtils            com.empowerbits.dronifyit            D  Saved 1 waypoints to preferences
2025-11-07 13:03:28.735 20655-20655 NFZManager              com.empowerbits.dronifyit            D  Checking 1 waypoints for NFZ
2025-11-07 13:03:28.738 20655-20655 EAGEELYYEE              com.empowerbits.dronifyit            D  Height Difference - -18.86
2025-11-07 13:03:28.738 20655-20655 System.out              com.empowerbits.dronifyit            I  Distance: 0.0
2025-11-07 13:03:28.739 20655-20655 EAGEELYYEE              com.empowerbits.dronifyit            D  Distance0.0
2025-11-07 13:03:28.739 20655-20655 Waypoint Angle          com.empowerbits.dronifyit            D  -90.0
2025-11-07 13:03:28.740 20655-20655 SessionUtils            com.empowerbits.dronifyit            D  Saved 2 waypoints to preferences
2025-11-07 13:03:28.743 20655-20655 WaypointActivity        com.empowerbits.dronifyit            D  NFZ check debounced - too soon since last check
2025-11-07 13:03:28.745 20655-20655 EAGEELYYEE              com.empowerbits.dronifyit            D  Height Difference - -26.48
2025-11-07 13:03:28.745 20655-20655 System.out              com.empowerbits.dronifyit            I  Distance: 0.0
2025-11-07 13:03:28.745 20655-20655 EAGEELYYEE              com.empowerbits.dronifyit            D  Distance0.0
2025-11-07 13:03:28.745 20655-20655 Waypoint Angle          com.empowerbits.dronifyit            D  -90.0
2025-11-07 13:03:28.746 20655-20655 SessionUtils            com.empowerbits.dronifyit            D  Saved 3 waypoints to preferences
2025-11-07 13:03:28.748 20655-20655 WaypointActivity        com.empowerbits.dronifyit            D  NFZ check debounced - too soon since last check
2025-11-07 13:03:28.750 20655-20655 EAGEELYYEE              com.empowerbits.dronifyit            D  Height Difference - -26.48
2025-11-07 13:03:28.750 20655-20655 System.out              com.empowerbits.dronifyit            I  Distance: 24.971911042210852
2025-11-07 13:03:28.750 20655-20655 EAGEELYYEE              com.empowerbits.dronifyit            D  Distance24.971911042210852
2025-11-07 13:03:28.750 20655-20655 Waypoint Angle          com.empowerbits.dronifyit            D  -46.67889404296875
2025-11-07 13:03:28.751 20655-20655 SessionUtils            com.empowerbits.dronifyit            D  Saved 4 waypoints to preferences
2025-11-07 13:03:28.754 20655-20655 WaypointActivity        com.empowerbits.dronifyit            D  NFZ check debounced - too soon since last check
2025-11-07 13:03:28.756 20655-20655 EAGEELYYEE              com.empowerbits.dronifyit            D  Height Difference - -26.48
2025-11-07 13:03:28.756 20655-20655 System.out              com.empowerbits.dronifyit            I  Distance: 24.971910283176367
2025-11-07 13:03:28.756 20655-20655 EAGEELYYEE              com.empowerbits.dronifyit            D  Distance24.971910283176367
2025-11-07 13:03:28.756 20655-20655 Waypoint Angle          com.empowerbits.dronifyit            D  -46.678897857666016
2025-11-07 13:03:28.757 20655-20655 SessionUtils            com.empowerbits.dronifyit            D  Saved 5 waypoints to preferences
2025-11-07 13:03:28.760 20655-20655 WaypointActivity        com.empowerbits.dronifyit            D  NFZ check debounced - too soon since last check
2025-11-07 13:03:28.761 20655-20655 EAGEELYYEE              com.empowerbits.dronifyit            D  Height Difference - -26.48
2025-11-07 13:03:28.761 20655-20655 System.out              com.empowerbits.dronifyit            I  Distance: 24.971909087124338
2025-11-07 13:03:28.761 20655-20655 EAGEELYYEE              com.empowerbits.dronifyit            D  Distance24.971909087124338
2025-11-07 13:03:28.761 20655-20655 Waypoint Angle          com.empowerbits.dronifyit            D  -46.678897857666016
2025-11-07 13:03:28.764 20655-20655 SessionUtils            com.empowerbits.dronifyit            D  Saved 6 waypoints to preferences
2025-11-07 13:03:28.766 20655-20655 WaypointActivity        com.empowerbits.dronifyit            D  NFZ check debounced - too soon since last check
2025-11-07 13:03:28.768 20655-20655 EAGEELYYEE              com.empowerbits.dronifyit            D  Height Difference - -26.48
2025-11-07 13:03:28.768 20655-20655 System.out              com.empowerbits.dronifyit            I  Distance: 24.97190754905181
2025-11-07 13:03:28.768 20655-20655 EAGEELYYEE              com.empowerbits.dronifyit            D  Distance24.97190754905181
2025-11-07 13:03:28.768 20655-20655 Waypoint Angle          com.empowerbits.dronifyit            D  -46.67890167236328
2025-11-07 13:03:28.769 20655-20655 SessionUtils            com.empowerbits.dronifyit            D  Saved 7 waypoints to preferences
2025-11-07 13:03:28.771 20655-20655 WaypointActivity        com.empowerbits.dronifyit            D  NFZ check debounced - too soon since last check
2025-11-07 13:03:28.773 20655-20655 EAGEELYYEE              com.empowerbits.dronifyit            D  Height Difference - -26.48
2025-11-07 13:03:28.773 20655-20655 System.out              com.empowerbits.dronifyit            I  Distance: 24.971905795646077
2025-11-07 13:03:28.773 20655-20655 EAGEELYYEE              com.empowerbits.dronifyit            D  Distance24.971905795646077
2025-11-07 13:03:28.773 20655-20655 Waypoint Angle          com.empowerbits.dronifyit            D  -46.67890167236328
2025-11-07 13:03:28.774 20655-20655 SessionUtils            com.empowerbits.dronifyit            D  Saved 8 waypoints to preferences
2025-11-07 13:03:28.777 20655-20655 WaypointActivity        com.empowerbits.dronifyit            D  NFZ check debounced - too soon since last check
2025-11-07 13:03:28.778 20655-20655 EAGEELYYEE              com.empowerbits.dronifyit            D  Height Difference - -26.48
2025-11-07 13:03:28.778 20655-20655 System.out              com.empowerbits.dronifyit            I  Distance: 24.971903970803936
2025-11-07 13:03:28.778 20655-20655 EAGEELYYEE              com.empowerbits.dronifyit            D  Distance24.971903970803936
2025-11-07 13:03:28.778 20655-20655 Waypoint Angle          com.empowerbits.dronifyit            D  -46.67890548706055
2025-11-07 13:03:28.779 20655-20655 SessionUtils            com.empowerbits.dronifyit            D  Saved 9 waypoints to preferences
2025-11-07 13:03:28.781 20655-20655 WaypointActivity        com.empowerbits.dronifyit            D  NFZ check debounced - too soon since last check
2025-11-07 13:03:28.783 20655-20655 EAGEELYYEE              com.empowerbits.dronifyit            D  Height Difference - -26.48
2025-11-07 13:03:28.783 20655-20655 System.out              com.empowerbits.dronifyit            I  Distance: 24.971902227927696
2025-11-07 13:03:28.783 20655-20655 EAGEELYYEE              com.empowerbits.dronifyit            D  Distance24.971902227927696
2025-11-07 13:03:28.783 20655-20655 Waypoint Angle          com.empowerbits.dronifyit            D  -46.67890548706055
2025-11-07 13:03:28.784 20655-20655 SessionUtils            com.empowerbits.dronifyit            D  Saved 10 waypoints to preferences
2025-11-07 13:03:28.786 20655-20655 WaypointActivity        com.empowerbits.dronifyit            D  NFZ check debounced - too soon since last check
2025-11-07 13:03:28.788 20655-20655 EAGEELYYEE              com.empowerbits.dronifyit            D  Height Difference - -26.48
2025-11-07 13:03:28.788 20655-20655 System.out              com.empowerbits.dronifyit            I  Distance: 24.971900719433304
2025-11-07 13:03:28.788 20655-20655 EAGEELYYEE              com.empowerbits.dronifyit            D  Distance24.971900719433304
2025-11-07 13:03:28.788 20655-20655 Waypoint Angle          com.empowerbits.dronifyit            D  -46.67890930175781
2025-11-07 13:03:28.789 20655-20655 SessionUtils            com.empowerbits.dronifyit            D  Saved 11 waypoints to preferences
2025-11-07 13:03:28.792 20655-20655 WaypointActivity        com.empowerbits.dronifyit            D  NFZ check debounced - too soon since last check
2025-11-07 13:03:28.793 20655-20655 EAGEELYYEE              com.empowerbits.dronifyit            D  Height Difference - -26.48
2025-11-07 13:03:28.793 20655-20655 System.out              com.empowerbits.dronifyit            I  Distance: 24.971899581683875
2025-11-07 13:03:28.794 20655-20655 EAGEELYYEE              com.empowerbits.dronifyit            D  Distance24.971899581683875
2025-11-07 13:03:28.794 20655-20655 Waypoint Angle          com.empowerbits.dronifyit            D  -46.67890930175781
2025-11-07 13:03:28.795 20655-20655 SessionUtils            com.empowerbits.dronifyit            D  Saved 12 waypoints to preferences
2025-11-07 13:03:28.797 20655-20655 WaypointActivity        com.empowerbits.dronifyit            D  NFZ check debounced - too soon since last check
2025-11-07 13:03:28.799 20655-20655 EAGEELYYEE              com.empowerbits.dronifyit            D  Height Difference - -26.48
2025-11-07 13:03:28.799 20655-20655 System.out              com.empowerbits.dronifyit            I  Distance: 24.97189892954017
2025-11-07 13:03:28.799 20655-20655 EAGEELYYEE              com.empowerbits.dronifyit            D  Distance24.97189892954017
2025-11-07 13:03:28.799 20655-20655 Waypoint Angle          com.empowerbits.dronifyit            D  -46.67890930175781
2025-11-07 13:03:28.800 20655-20655 SessionUtils            com.empowerbits.dronifyit            D  Saved 13 waypoints to preferences
2025-11-07 13:03:28.802 20655-20655 WaypointActivity        com.empowerbits.dronifyit            D  NFZ check debounced - too soon since last check
2025-11-07 13:03:28.804 20655-20655 EAGEELYYEE              com.empowerbits.dronifyit            D  Height Difference - -26.48
2025-11-07 13:03:28.804 20655-20655 System.out              com.empowerbits.dronifyit            I  Distance: 24.971898845062416
2025-11-07 13:03:28.804 20655-20655 EAGEELYYEE              com.empowerbits.dronifyit            D  Distance24.971898845062416
2025-11-07 13:03:28.804 20655-20655 Waypoint Angle          com.empowerbits.dronifyit            D  -46.67890930175781
2025-11-07 13:03:28.805 20655-20655 SessionUtils            com.empowerbits.dronifyit            D  Saved 14 waypoints to preferences
2025-11-07 13:03:28.807 20655-20655 WaypointActivity        com.empowerbits.dronifyit            D  NFZ check debounced - too soon since last check
2025-11-07 13:03:28.809 20655-20655 EAGEELYYEE              com.empowerbits.dronifyit            D  Height Difference - -26.48
2025-11-07 13:03:28.809 20655-20655 System.out              com.empowerbits.dronifyit            I  Distance: 24.97189937236439
2025-11-07 13:03:28.809 20655-20655 EAGEELYYEE              com.empowerbits.dronifyit            D  Distance24.97189937236439
2025-11-07 13:03:28.809 20655-20655 Waypoint Angle          com.empowerbits.dronifyit            D  -46.67890930175781
2025-11-07 13:03:28.810 20655-20655 SessionUtils            com.empowerbits.dronifyit            D  Saved 15 waypoints to preferences
2025-11-07 13:03:28.813 20655-20655 WaypointActivity        com.empowerbits.dronifyit            D  NFZ check debounced - too soon since last check
2025-11-07 13:03:28.815 20655-20655 EAGEELYYEE              com.empowerbits.dronifyit            D  Height Difference - -26.48
2025-11-07 13:03:28.815 20655-20655 System.out              com.empowerbits.dronifyit            I  Distance: 24.971900513660636
2025-11-07 13:03:28.815 20655-20655 EAGEELYYEE              com.empowerbits.dronifyit            D  Distance24.971900513660636
2025-11-07 13:03:28.815 20655-20655 Waypoint Angle          com.empowerbits.dronifyit            D  -46.67890930175781
2025-11-07 13:03:28.816 20655-20655 SessionUtils            com.empowerbits.dronifyit            D  Saved 16 waypoints to preferences
2025-11-07 13:03:28.818 20655-20655 WaypointActivity        com.empowerbits.dronifyit            D  NFZ check debounced - too soon since last check
2025-11-07 13:03:28.820 20655-20655 EAGEELYYEE              com.empowerbits.dronifyit            D  Height Difference - -26.48
2025-11-07 13:03:28.820 20655-20655 System.out              com.empowerbits.dronifyit            I  Distance: 24.971902228309254
2025-11-07 13:03:28.820 20655-20655 EAGEELYYEE              com.empowerbits.dronifyit            D  Distance24.971902228309254
2025-11-07 13:03:28.820 20655-20655 Waypoint Angle          com.empowerbits.dronifyit            D  -46.67890548706055
2025-11-07 13:03:28.821 20655-20655 SessionUtils            com.empowerbits.dronifyit            D  Saved 17 waypoints to preferences
2025-11-07 13:03:28.824 20655-20655 WaypointActivity        com.empowerbits.dronifyit            D  NFZ check debounced - too soon since last check
2025-11-07 13:03:28.826 20655-20655 EAGEELYYEE              com.empowerbits.dronifyit            D  Height Difference - -26.48
2025-11-07 13:03:28.826 20655-20655 System.out              com.empowerbits.dronifyit            I  Distance: 24.971904435342385
2025-11-07 13:03:28.826 20655-20655 EAGEELYYEE              com.empowerbits.dronifyit            D  Distance24.971904435342385
2025-11-07 13:03:28.826 20655-20655 Waypoint Angle          com.empowerbits.dronifyit            D  -46.67890167236328
2025-11-07 13:03:28.827 20655-20655 SessionUtils            com.empowerbits.dronifyit            D  Saved 18 waypoints to preferences
2025-11-07 13:03:28.830 20655-20655 WaypointActivity        com.empowerbits.dronifyit            D  NFZ check debounced - too soon since last check
2025-11-07 13:03:28.832 20655-20655 EAGEELYYEE              com.empowerbits.dronifyit            D  Height Difference - -26.48
2025-11-07 13:03:28.832 20655-20655 System.out              com.empowerbits.dronifyit            I  Distance: 24.971907022866006
2025-11-07 13:03:28.832 20655-20655 EAGEELYYEE              com.empowerbits.dronifyit            D  Distance24.971907022866006
2025-11-07 13:03:28.832 20655-20655 Waypoint Angle          com.empowerbits.dronifyit            D  -46.67890167236328
2025-11-07 13:03:28.833 20655-20655 SessionUtils            com.empowerbits.dronifyit            D  Saved 19 waypoints to preferences
2025-11-07 13:03:28.835 20655-20655 WaypointActivity        com.empowerbits.dronifyit            D  NFZ check debounced - too soon since last check
2025-11-07 13:03:28.837 20655-20655 EAGEELYYEE              com.empowerbits.dronifyit            D  Height Difference - -26.48
2025-11-07 13:03:28.837 20655-20655 System.out              com.empowerbits.dronifyit            I  Distance: 24.971909848090846
2025-11-07 13:03:28.837 20655-20655 EAGEELYYEE              com.empowerbits.dronifyit            D  Distance24.971909848090846
2025-11-07 13:03:28.837 20655-20655 Waypoint Angle          com.empowerbits.dronifyit            D  -46.678897857666016
2025-11-07 13:03:28.839 20655-20655 SessionUtils            com.empowerbits.dronifyit            D  Saved 20 waypoints to preferences
2025-11-07 13:03:28.841 20655-20655 WaypointActivity        com.empowerbits.dronifyit            D  NFZ check debounced - too soon since last check
2025-11-07 13:03:28.843 20655-20655 EAGEELYYEE              com.empowerbits.dronifyit            D  Height Difference - -26.48
2025-11-07 13:03:28.843 20655-20655 System.out              com.empowerbits.dronifyit            I  Distance: 24.971912755146757
2025-11-07 13:03:28.843 20655-20655 EAGEELYYEE              com.empowerbits.dronifyit            D  Distance24.971912755146757
2025-11-07 13:03:28.843 20655-20655 Waypoint Angle          com.empowerbits.dronifyit            D  -46.67889404296875
2025-11-07 13:03:28.845 20655-20655 SessionUtils            com.empowerbits.dronifyit            D  Saved 21 waypoints to preferences
2025-11-07 13:03:28.847 20655-20655 WaypointActivity        com.empowerbits.dronifyit            D  NFZ check debounced - too soon since last check
2025-11-07 13:03:28.849 20655-20655 EAGEELYYEE              com.empowerbits.dronifyit            D  Height Difference - -26.48
2025-11-07 13:03:28.849 20655-20655 System.out              com.empowerbits.dronifyit            I  Distance: 24.971915581133125
