2025-11-07 13:03:29.296 20655-20655 NFZManager              com.empowerbits.dronifyit            D  Zone class: dji.v5.manager.aircraft.flysafe.info.FlyZoneInformation
2025-11-07 13:03:29.296 20655-20655 NFZManager              com.empowerbits.dronifyit            D  Available method: getMultiPolygonFlyZoneInformation returns java.util.List
2025-11-07 13:03:29.296 20655-20655 NFZManager              com.empowerbits.dronifyit            D  Zone is MULTI_POLYGON type, attempting to extract vertices
2025-11-07 13:03:29.296 20655-20655 NFZManager              com.empowerbits.dronifyit            D  getPolygons() method not found, trying alternative methods
2025-11-07 13:03:29.296 20655-20655 NFZManager              com.empowerbits.dronifyit            D  Converting zone: Tarbela Dam Airport, Shape: MULTI_POLYGON, Category: AUTHORIZATION, ID: 30287052, Polygons extracted: 0
2025-11-07 13:03:29.296 20655-20655 FlyZone Detail          com.empowerbits.dronifyit            D  Zone: Tarbela Dam Airport, Center: 33.984487, 72.609644, ID: 30287052, Category: AUTHORIZATION, Has Polygons: false
2025-11-07 13:03:29.296 20655-20655 NFZManager              com.empowerbits.dronifyit            D  Zone shape: MULTI_POLYGON
2025-11-07 13:03:29.296 20655-20655 NFZManager              com.empowerbits.dronifyit            D  Zone class: dji.v5.manager.aircraft.flysafe.info.FlyZoneInformation
2025-11-07 13:03:29.296 20655-20655 NFZManager              com.empowerbits.dronifyit            D  Available method: getMultiPolygonFlyZoneInformation returns java.util.List
2025-11-07 13:03:29.297 20655-20655 NFZManager              com.empowerbits.dronifyit            D  Zone is MULTI_POLYGON type, attempting to extract vertices
2025-11-07 13:03:29.297 20655-20655 NFZManager              com.empowerbits.dronifyit            D  getPolygons() method not found, trying alternative methods
2025-11-07 13:03:29.297 20655-20655 NFZManager              com.empowerbits.dronifyit            D  Converting zone: Tarbela Dam Airport, Shape: MULTI_POLYGON, Category: WARNING, ID: 30287053, Polygons extracted: 0
2025-11-07 13:03:29.297 20655-20655 FlyZone Detail          com.empowerbits.dronifyit            D  Zone: Tarbela Dam Airport, Center: 33.984487, 72.609644, ID: 30287053, Category: WARNING, Has Polygons: false
2025-11-07 13:03:29.297 20655-20655 NFZManager              com.empowerbits.dronifyit            D  Zone shape: MULTI_POLYGON
2025-11-07 13:03:29.297 20655-20655 NFZManager              com.empowerbits.dronifyit            D  Zone class: dji.v5.manager.aircraft.flysafe.info.FlyZoneInformation
2025-11-07 13:03:29.297 20655-20655 NFZManager              com.empowerbits.dronifyit            D  Available method: getMultiPolygonFlyZoneInformation returns java.util.List
2025-11-07 13:03:29.297 20655-20655 NFZManager              com.empowerbits.dronifyit            D  Zone is MULTI_POLYGON type, attempting to extract vertices
2025-11-07 13:03:29.297 20655-20655 NFZManager              com.empowerbits.dronifyit            D  getPolygons() method not found, trying alternative methods
2025-11-07 13:03:29.297 20655-20655 NFZManager              com.empowerbits.dronifyit            D  Converting zone: Tarbela Dam Airport, Shape: MULTI_POLYGON, Category: ENHANCED_WARNING, ID: 30287054, Polygons extracted: 0
2025-11-07 13:03:29.297 20655-20655 FlyZone Detail          com.empowerbits.dronifyit            D  Zone: Tarbela Dam Airport, Center: 33.984487, 72.609644, ID: 30287054, Category: ENHANCED_WARNING, Has Polygons: false
2025-11-07 13:03:29.297 20655-20655 NFZManager              com.empowerbits.dronifyit            D  After removing duplicates: 6 unique fly zones
2025-11-07 13:03:29.309 20655-24787 ProxyAndro...gerBackend com.empowerbits.dronifyit            W  Too many Flogger logs received before configuration. Dropping old logs.
2025-11-07 13:03:29.312 20655-24787 ProxyAndro...gerBackend com.empowerbits.dronifyit            W  Too many Flogger logs received before configuration. Dropping old logs.
2025-11-07 13:03:29.341 20655-24729 ProxyAndro...gerBackend com.empowerbits.dronifyit            W  Too many Flogger logs received before configuration. Dropping old logs.
2025-11-07 13:03:29.343 20655-24728 ProxyAndro...gerBackend com.empowerbits.dronifyit            W  Too many Flogger logs received before configuration. Dropping old logs.
2025-11-07 13:03:29.350 20655-24727 ProxyAndro...gerBackend com.empowerbits.dronifyit            W  Too many Flogger logs received before configuration. Dropping old logs.
2025-11-07 13:03:29.351 20655-24729 ProxyAndro...gerBackend com.empowerbits.dronifyit            W  Too many Flogger logs received before configuration. Dropping old logs.
2025-11-07 13:03:29.356 20655-24728 ProxyAndro...gerBackend com.empowerbits.dronifyit            W  Too many Flogger logs received before configuration. Dropping old logs.
2025-11-07 13:03:29.357 20655-24729 ProxyAndro...gerBackend com.empowerbits.dronifyit            W  Too many Flogger logs received before configuration. Dropping old logs.
2025-11-07 13:03:29.369 20655-24729 ProxyAndro...gerBackend com.empowerbits.dronifyit            W  Too many Flogger logs received before configuration. Dropping old logs.
2025-11-07 13:03:29.372 20655-24727 ProxyAndro...gerBackend com.empowerbits.dronifyit            W  Too many Flogger logs received before configuration. Dropping old logs.
2025-11-07 13:03:29.373 20655-24727 ProxyAndro...gerBackend com.empowerbits.dronifyit            W  Too many Flogger logs received before configuration. Dropping old logs.
2025-11-07 13:03:29.378 20655-24728 ProxyAndro...gerBackend com.empowerbits.dronifyit            W  Too many Flogger logs received before configuration. Dropping old logs.
2025-11-07 13:03:29.383 20655-24729 ProxyAndro...gerBackend com.empowerbits.dronifyit            W  Too many Flogger logs received before configuration. Dropping old logs.
2025-11-07 13:03:29.394 20655-24727 ProxyAndro...gerBackend com.empowerbits.dronifyit            W  Too many Flogger logs received before configuration. Dropping old logs.
2025-11-07 13:03:29.401 20655-24728 ProxyAndro...gerBackend com.empowerbits.dronifyit            W  Too many Flogger logs received before configuration. Dropping old logs.
2025-11-07 13:03:29.402 20655-24729 ProxyAndro...gerBackend com.empowerbits.dronifyit            W  Too many Flogger logs received before configuration. Dropping old logs.
2025-11-07 13:03:29.415 20655-20655 WaypointActivity        com.empowerbits.dronifyit            D  No NFZ detected
2025-11-07 13:03:29.417 20655-20655 VRI[MainActivity]       com.empowerbits.dronifyit            D  visibilityChanged oldVisibility=true newVisibility=false
2025-11-07 13:03:29.433 20655-20655 ViewRootImpl            com.empowerbits.dronifyit            D  AppSizeAfterRelayout, size: Point(1260, 2800), rotation: ROTATION_0
2025-11-07 13:03:29.465 20655-24727 ProxyAndro...gerBackend com.empowerbits.dronifyit            W  Too many Flogger logs received before configuration. Dropping old logs.
2025-11-07 13:03:29.492 20655-24729 ProxyAndro...gerBackend com.empowerbits.dronifyit            W  Too many Flogger logs received before configuration. Dropping old logs.
2025-11-07 13:03:29.499 20655-24727 ProxyAndro...gerBackend com.empowerbits.dronifyit            W  Too many Flogger logs received before configuration. Dropping old logs.
2025-11-07 13:03:29.500 20655-24727 ProxyAndro...gerBackend com.empowerbits.dronifyit            W  Too many Flogger logs received before configuration. Dropping old logs.
2025-11-07 13:03:29.501 20655-24729 ProxyAndro...gerBackend com.empowerbits.dronifyit            W  Too many Flogger logs received before configuration. Dropping old logs.
2025-11-07 13:03:29.502 20655-24729 ProxyAndro...gerBackend com.empowerbits.dronifyit            W  Too many Flogger logs received before configuration. Dropping old logs.
2025-11-07 13:03:29.503 20655-24727 ProxyAndro...gerBackend com.empowerbits.dronifyit            W  Too many Flogger logs received before configuration. Dropping old logs.
2025-11-07 13:03:29.503 20655-24727 ProxyAndro...gerBackend com.empowerbits.dronifyit            W  Too many Flogger logs received before configuration. Dropping old logs.
2025-11-07 13:03:29.504 20655-24729 ProxyAndro...gerBackend com.empowerbits.dronifyit            W  Too many Flogger logs received before configuration. Dropping old logs.
2025-11-07 13:03:29.504 20655-24729 ProxyAndro...gerBackend com.empowerbits.dronifyit            W  Too many Flogger logs received before configuration. Dropping old logs.
2025-11-07 13:03:29.505 20655-24727 ProxyAndro...gerBackend com.empowerbits.dronifyit            W  Too many Flogger logs received before configuration. Dropping old logs.
2025-11-07 13:03:29.505 20655-24727 ProxyAndro...gerBackend com.empowerbits.dronifyit            W  Too many Flogger logs received before configuration. Dropping old logs.
2025-11-07 13:03:29.506 20655-24728 ProxyAndro...gerBackend com.empowerbits.dronifyit            W  Too many Flogger logs received before configuration. Dropping old logs.
2025-11-07 13:03:29.506 20655-24728 ProxyAndro...gerBackend com.empowerbits.dronifyit            W  Too many Flogger logs received before configuration. Dropping old logs.
2025-11-07 13:03:29.507 20655-24729 ProxyAndro...gerBackend com.empowerbits.dronifyit            W  Too many Flogger logs received before configuration. Dropping old logs.
2025-11-07 13:03:29.507 20655-24729 ProxyAndro...gerBackend com.empowerbits.dronifyit            W  Too many Flogger logs received before configuration. Dropping old logs.
2025-11-07 13:03:29.509 20655-24727 ProxyAndro...gerBackend com.empowerbits.dronifyit            W  Too many Flogger logs received before configuration. Dropping old logs.
2025-11-07 13:03:29.509 20655-24727 ProxyAndro...gerBackend com.empowerbits.dronifyit            W  Too many Flogger logs received before configuration. Dropping old logs.
2025-11-07 13:03:29.511 20655-24727 ProxyAndro...gerBackend com.empowerbits.dronifyit            W  Too many Flogger logs received before configuration. Dropping old logs.
2025-11-07 13:03:29.511 20655-24727 ProxyAndro...gerBackend com.empowerbits.dronifyit            W  Too many Flogger logs received before configuration. Dropping old logs.
2025-11-07 13:03:29.512 20655-24728 ProxyAndro...gerBackend com.empowerbits.dronifyit            W  Too many Flogger logs received before configuration. Dropping old logs.
2025-11-07 13:03:29.512 20655-24728 ProxyAndro...gerBackend com.empowerbits.dronifyit            W  Too many Flogger logs received before configuration. Dropping old logs.
2025-11-07 13:03:29.513 20655-24727 ProxyAndro...gerBackend com.empowerbits.dronifyit            W  Too many Flogger logs received before configuration. Dropping old logs.
2025-11-07 13:03:29.513 20655-24727 ProxyAndro...gerBackend com.empowerbits.dronifyit            W  Too many Flogger logs received before configuration. Dropping old logs.
2025-11-07 13:03:29.513 20655-24729 ProxyAndro...gerBackend com.empowerbits.dronifyit            W  Too many Flogger logs received before configuration. Dropping old logs.
2025-11-07 13:03:29.513 20655-24729 ProxyAndro...gerBackend com.empowerbits.dronifyit            W  Too many Flogger logs received before configuration. Dropping old logs.
2025-11-07 13:03:29.514 20655-24728 ProxyAndro...gerBackend com.empowerbits.dronifyit            W  Too many Flogger logs received before configuration. Dropping old logs.
2025-11-07 13:03:29.514 20655-24728 ProxyAndro...gerBackend com.empowerbits.dronifyit            W  Too many Flogger logs received before configuration. Dropping old logs.
2025-11-07 13:03:29.515 20655-24727 ProxyAndro...gerBackend com.empowerbits.dronifyit            W  Too many Flogger logs received before configuration. Dropping old logs.
2025-11-07 13:03:29.515 20655-24727 ProxyAndro...gerBackend com.empowerbits.dronifyit            W  Too many Flogger logs received before configuration. Dropping old logs.
2025-11-07 13:03:29.517 20655-24729 ProxyAndro...gerBackend com.empowerbits.dronifyit            W  Too many Flogger logs received before configuration. Dropping old logs.
2025-11-07 13:03:29.517 20655-24729 ProxyAndro...gerBackend com.empowerbits.dronifyit            W  Too many Flogger logs received before configuration. Dropping old logs.
2025-11-07 13:03:29.518 20655-24728 ProxyAndro...gerBackend com.empowerbits.dronifyit            W  Too many Flogger logs received before configuration. Dropping old logs.
2025-11-07 13:03:29.518 20655-24728 ProxyAndro...gerBackend com.empowerbits.dronifyit            W  Too many Flogger logs received before configuration. Dropping old logs.
2025-11-07 13:03:29.519 20655-24727 ProxyAndro...gerBackend com.empowerbits.dronifyit            W  Too many Flogger logs received before configuration. Dropping old logs.
2025-11-07 13:03:29.520 20655-24727 ProxyAndro...gerBackend com.empowerbits.dronifyit            W  Too many Flogger logs received before configuration. Dropping old logs.
2025-11-07 13:03:29.521 20655-24729 ProxyAndro...gerBackend com.empowerbits.dronifyit            W  Too many Flogger logs received before configuration. Dropping old logs.
2025-11-07 13:03:29.521 20655-24729 ProxyAndro...gerBackend com.empowerbits.dronifyit            W  Too many Flogger logs received before configuration. Dropping old logs.
2025-11-07 13:03:29.522 20655-24728 ProxyAndro...gerBackend com.empowerbits.dronifyit            W  Too many Flogger logs received before configuration. Dropping old logs.
2025-11-07 13:03:29.522 20655-24728 ProxyAndro...gerBackend com.empowerbits.dronifyit            W  Too many Flogger logs received before configuration. Dropping old logs.
2025-11-07 13:03:29.524 20655-24727 ProxyAndro...gerBackend com.empowerbits.dronifyit            W  Too many Flogger logs received before configuration. Dropping old logs.
2025-11-07 13:03:29.524 20655-24727 ProxyAndro...gerBackend com.empowerbits.dronifyit            W  Too many Flogger logs received before configuration. Dropping old logs.
2025-11-07 13:03:29.561 20655-24729 ProxyAndro...gerBackend com.empowerbits.dronifyit            W  Too many Flogger logs received before configuration. Dropping old logs.
2025-11-07 13:03:29.562 20655-24729 ProxyAndro...gerBackend com.empowerbits.dronifyit            W  Too many Flogger logs received before configuration. Dropping old logs.
2025-11-07 13:03:29.562 20655-24787 ProxyAndro...gerBackend com.empowerbits.dronifyit            W  Too many Flogger logs received before configuration. Dropping old logs.
2025-11-07 13:03:29.563 20655-24727 ProxyAndro...gerBackend com.empowerbits.dronifyit            W  Too many Flogger logs received before configuration. Dropping old logs.
2025-11-07 13:03:29.563 20655-24727 ProxyAndro...gerBackend com.empowerbits.dronifyit            W  Too many Flogger logs received before configuration. Dropping old logs.
2025-11-07 13:03:29.564 20655-24727 ProxyAndro...gerBackend com.empowerbits.dronifyit            W  Too many Flogger logs received before configuration. Dropping old logs.
2025-11-07 13:03:29.564 20655-24727 ProxyAndro...gerBackend com.empowerbits.dronifyit            W  Too many Flogger logs received before configuration. Dropping old logs.
2025-11-07 13:03:29.566 20655-24729 ProxyAndro...gerBackend com.empowerbits.dronifyit            W  Too many Flogger logs received before configuration. Dropping old logs.
2025-11-07 13:03:29.566 20655-24729 ProxyAndro...gerBackend com.empowerbits.dronifyit            W  Too many Flogger logs received before configuration. Dropping old logs.
2025-11-07 13:03:29.567 20655-24728 ProxyAndro...gerBackend com.empowerbits.dronifyit            W  Too many Flogger logs received before configuration. Dropping old logs.
2025-11-07 13:03:29.568 20655-24728 ProxyAndro...gerBackend com.empowerbits.dronifyit            W  Too many Flogger logs received before configuration. Dropping old logs.
2025-11-07 13:03:29.570 20655-24727 ProxyAndro...gerBackend com.empowerbits.dronifyit            W  Too many Flogger logs received before configuration. Dropping old logs.
2025-11-07 13:03:29.570 20655-24727 ProxyAndro...gerBackend com.empowerbits.dronifyit            W  Too many Flogger logs received before configuration. Dropping old logs.
2025-11-07 13:03:29.575 20655-24729 ProxyAndro...gerBackend com.empowerbits.dronifyit            W  Too many Flogger logs received before configuration. Dropping old logs.
2025-11-07 13:03:29.575 20655-24729 ProxyAndro...gerBackend com.empowerbits.dronifyit            W  Too many Flogger logs received before configuration. Dropping old logs.
2025-11-07 13:03:29.582 20655-24728 ProxyAndro...gerBackend com.empowerbits.dronifyit            W  Too many Flogger logs received before configuration. Dropping old logs.
2025-11-07 13:03:29.582 20655-24728 ProxyAndro...gerBackend com.empowerbits.dronifyit            W  Too many Flogger logs received before configuration. Dropping old logs.
2025-11-07 13:03:29.589 20655-24727 ProxyAndro...gerBackend com.empowerbits.dronifyit            W  Too many Flogger logs received before configuration. Dropping old logs.
2025-11-07 13:03:29.589 20655-24727 ProxyAndro...gerBackend com.empowerbits.dronifyit            W  Too many Flogger logs received before configuration. Dropping old logs.
2025-11-07 13:03:29.594 20655-24727 ProxyAndro...gerBackend com.empowerbits.dronifyit            W  Too many Flogger logs received before configuration. Dropping old logs.
2025-11-07 13:03:29.594 20655-24727 ProxyAndro...gerBackend com.empowerbits.dronifyit            W  Too many Flogger logs received before configuration. Dropping old logs.
2025-11-07 13:03:29.598 20655-24728 ProxyAndro...gerBackend com.empowerbits.dronifyit            W  Too many Flogger logs received before configuration. Dropping old logs.
2025-11-07 13:03:29.598 20655-24728 ProxyAndro...gerBackend com.empowerbits.dronifyit            W  Too many Flogger logs received before configuration. Dropping old logs.
2025-11-07 13:03:29.602 20655-24729 ProxyAndro...gerBackend com.empowerbits.dronifyit            W  Too many Flogger logs received before configuration. Dropping old logs.
2025-11-07 13:03:29.602 20655-24729 ProxyAndro...gerBackend com.empowerbits.dronifyit            W  Too many Flogger logs received before configuration. Dropping old logs.
2025-11-07 13:03:29.606 20655-24727 ProxyAndro...gerBackend com.empowerbits.dronifyit            W  Too many Flogger logs received before configuration. Dropping old logs.
2025-11-07 13:03:29.606 20655-24727 ProxyAndro...gerBackend com.empowerbits.dronifyit            W  Too many Flogger logs received before configuration. Dropping old logs.
2025-11-07 13:03:31.205 20655-24147 MSDKInfoVm              com.empowerbits.dronifyit            I  🔍 Polling for product type...
2025-11-07 13:03:31.208 20655-20655 MSDKInfoVm              com.empowerbits.dronifyit            I  📡 Polling result: DJI_MINI_4_PRO
2025-11-07 13:03:33.006 20655-20655 WindowOnBackDispatcher  com.empowerbits.dronifyit            W  OnBackInvokedCallback is not enabled for the application.
                                                                                                    Set 'android:enableOnBackInvokedCallback="true"' in the application manifest.
2025-11-07 13:03:33.008 20655-20655 CameraFeedFragment      com.empowerbits.dronifyit            D  ⏸️ onPause
2025-11-07 13:03:33.008 20655-20655 CameraFeedFragment      com.empowerbits.dronifyit            I  ⏹️ Stopping camera stream
2025-11-07 13:03:33.010 20655-24093 V5_LIVE_VIEW            com.empowerbits.dronifyit            E  removeSurface： Surface(name=android.graphics.SurfaceTexture@e6bac5a mNativeObject=-5476376663965760544)/@0x9f7fe8b  currentSize = 0 
2025-11-07 13:03:33.012 20655-20655 CameraFeedFragment      com.empowerbits.dronifyit            I  ✅ Video stream stopped
2025-11-07 13:03:33.019 20655-20655 CameraFeedFragment      com.empowerbits.dronifyit            D  💥 Surface DESTROYED
2025-11-07 13:03:33.019 20655-20655 CameraFeedFragment      com.empowerbits.dronifyit            D  ⚠️ Stream not active, nothing to stop
2025-11-07 13:03:33.020 20655-20655 CameraFeedFragment      com.empowerbits.dronifyit            D  💀 onDestroyView
2025-11-07 13:03:33.023 20655-20655 WindowOnBackDispatcher  com.empowerbits.dronifyit            W  OnBackInvokedCallback is not enabled for the application.
                                                                                                    Set 'android:enableOnBackInvokedCallback="true"' in the application manifest.
2025-11-07 13:03:33.024 20655-20655 WaypointActivity        com.empowerbits.dronifyit            D  Switched to Camera Full Screen mode
2025-11-07 13:03:33.030 20655-24786 ProxyAndro...gerBackend com.empowerbits.dronifyit            W  Too many Flogger logs received before configuration. Dropping old logs.
2025-11-07 13:03:33.031 20655-24786 libc                    com.empowerbits.dronifyit            W  Access denied finding property "vendor.display.enable_optimal_refresh_rate"
2025-11-07 13:03:33.034 20655-20655 CameraFeedFragment      com.empowerbits.dronifyit            D  📄 onCreateView called
2025-11-07 13:03:33.028 20655-20655 GL-Map                  com.empowerbits.dronifyit            W  type=1400 audit(0.0:223894): avc:  denied  { read } for  name="u:object_r:vendor_display_prop:s0" dev="tmpfs" ino=462 scontext=u:r:untrusted_app:s0:c22,c258,c512,c768 tcontext=u:object_r:vendor_display_prop:s0 tclass=file permissive=0 app=com.empowerbits.dronifyit
2025-11-07 13:03:33.035 20655-20655 CameraFeedFragment      com.empowerbits.dronifyit            D  👁️ onViewCreated called
2025-11-07 13:03:33.035 20655-20655 CameraFeedFragment      com.empowerbits.dronifyit            D  ✅ CameraStreamManager initialized
2025-11-07 13:03:33.035 20655-20655 CameraFeedFragment      com.empowerbits.dronifyit            D  ✅ Fragment view created - Connected: true, Product: DJI_MINI_4_PRO
2025-11-07 13:03:33.036 20655-20655 CameraFeedFragment      com.empowerbits.dronifyit            D  🔗 Connection state changed: true
2025-11-07 13:03:33.036 20655-20655 CameraFeedFragment      com.empowerbits.dronifyit            D  🔄 updateConnectionLogic - Connected: true, Product: DJI_MINI_4_PRO, TextureAvailable: false, StreamStarted: false
2025-11-07 13:03:33.036 20655-20655 CameraFeedFragment      com.empowerbits.dronifyit            D  🚁 Product type changed: DJI_MINI_4_PRO
2025-11-07 13:03:33.036 20655-20655 CameraFeedFragment      com.empowerbits.dronifyit            D  🔄 updateConnectionLogic - Connected: true, Product: DJI_MINI_4_PRO, TextureAvailable: false, StreamStarted: false
2025-11-07 13:03:33.036 20655-20655 CameraFeedFragment      com.empowerbits.dronifyit            D  ▶️ onResume
2025-11-07 13:03:33.042 20655-20655 libc                    com.empowerbits.dronifyit            W  Access denied finding property "vendor.display.enable_optimal_refresh_rate"
2025-11-07 13:03:33.042 20655-20655 CameraFeedFragment      com.empowerbits.dronifyit            D  🎨 Surface AVAILABLE: 1260x2800
2025-11-07 13:03:33.040 20655-20655 rbits.dronifyit         com.empowerbits.dronifyit            W  type=1400 audit(0.0:223895): avc:  denied  { read } for  name="u:object_r:vendor_display_prop:s0" dev="tmpfs" ino=462 scontext=u:r:untrusted_app:s0:c22,c258,c512,c768 tcontext=u:object_r:vendor_display_prop:s0 tclass=file permissive=0 app=com.empowerbits.dronifyit
2025-11-07 13:03:33.240 20655-20655 rbits.dronifyit         com.empowerbits.dronifyit            W  type=1400 audit(0.0:223896): avc:  denied  { read } for  name="u:object_r:vendor_display_prop:s0" dev="tmpfs" ino=462 scontext=u:r:untrusted_app:s0:c22,c258,c512,c768 tcontext=u:object_r:vendor_display_prop:s0 tclass=file permissive=0 app=com.empowerbits.dronifyit
2025-11-07 13:03:33.243 20655-20655 CameraFeedFragment      com.empowerbits.dronifyit            I  ▶️ Starting camera stream: 1260x2800
2025-11-07 13:03:33.244 20655-20655 libc                    com.empowerbits.dronifyit            W  Access denied finding property "vendor.display.enable_optimal_refresh_rate"
2025-11-07 13:03:33.256 20655-20655 CameraFeedFragment      com.empowerbits.dronifyit            I  ✅✅✅ Camera stream STARTED successfully
2025-11-07 13:03:33.743 20655-20655 WindowOnBackDispatcher  com.empowerbits.dronifyit            W  OnBackInvokedCallback is not enabled for the application.
                                                                                                    Set 'android:enableOnBackInvokedCallback="true"' in the application manifest.
2025-11-07 13:03:33.744 20655-20655 CameraFeedFragment      com.empowerbits.dronifyit            D  ⏸️ onPause
2025-11-07 13:03:33.745 20655-20655 CameraFeedFragment      com.empowerbits.dronifyit            I  ⏹️ Stopping camera stream
2025-11-07 13:03:33.747 20655-24093 V5_LIVE_VIEW            com.empowerbits.dronifyit            E  removeSurface： Surface(name=android.graphics.SurfaceTexture@2344820 mNativeObject=-5476376663965760544)/@0x6fca5d9  currentSize = 0 
2025-11-07 13:03:33.749 20655-20655 CameraFeedFragment      com.empowerbits.dronifyit            I  ✅ Video stream stopped
2025-11-07 13:03:33.752 20655-20655 CameraFeedFragment      com.empowerbits.dronifyit            D  💥 Surface DESTROYED
2025-11-07 13:03:33.752 20655-20655 CameraFeedFragment      com.empowerbits.dronifyit            D  ⚠️ Stream not active, nothing to stop
2025-11-07 13:03:33.754 20655-20655 CameraFeedFragment      com.empowerbits.dronifyit            D  💀 onDestroyView
2025-11-07 13:03:33.756 20655-20655 WindowOnBackDispatcher  com.empowerbits.dronifyit            W  OnBackInvokedCallback is not enabled for the application.
                                                                                                    Set 'android:enableOnBackInvokedCallback="true"' in the application manifest.
2025-11-07 13:03:33.757 20655-20655 WaypointActivity        com.empowerbits.dronifyit            D  Switched to Map Full Screen mode
2025-11-07 13:03:33.760 20655-20655 GL-Map                  com.empowerbits.dronifyit            W  type=1400 audit(0.0:223897): avc:  denied  { read } for  name="u:object_r:vendor_display_prop:s0" dev="tmpfs" ino=462 scontext=u:r:untrusted_app:s0:c22,c258,c512,c768 tcontext=u:object_r:vendor_display_prop:s0 tclass=file permissive=0 app=com.empowerbits.dronifyit
2025-11-07 13:03:33.763 20655-24786 ProxyAndro...gerBackend com.empowerbits.dronifyit            W  Too many Flogger logs received before configuration. Dropping old logs.
2025-11-07 13:03:33.765 20655-24786 libc                    com.empowerbits.dronifyit            W  Access denied finding property "vendor.display.enable_optimal_refresh_rate"
2025-11-07 13:03:33.766 20655-20655 CameraFeedFragment      com.empowerbits.dronifyit            D  📄 onCreateView called
2025-11-07 13:03:33.767 20655-20655 CameraFeedFragment      com.empowerbits.dronifyit            D  👁️ onViewCreated called
2025-11-07 13:03:33.767 20655-20655 CameraFeedFragment      com.empowerbits.dronifyit            D  ✅ CameraStreamManager initialized
2025-11-07 13:03:33.767 20655-20655 CameraFeedFragment      com.empowerbits.dronifyit            D  ✅ Fragment view created - Connected: true, Product: DJI_MINI_4_PRO
2025-11-07 13:03:33.768 20655-20655 CameraFeedFragment      com.empowerbits.dronifyit            D  🔗 Connection state changed: true
2025-11-07 13:03:33.768 20655-20655 CameraFeedFragment      com.empowerbits.dronifyit            D  🔄 updateConnectionLogic - Connected: true, Product: DJI_MINI_4_PRO, TextureAvailable: false, StreamStarted: false
2025-11-07 13:03:33.768 20655-20655 CameraFeedFragment      com.empowerbits.dronifyit            D  🚁 Product type changed: DJI_MINI_4_PRO
2025-11-07 13:03:33.768 20655-20655 CameraFeedFragment      com.empowerbits.dronifyit            D  🔄 updateConnectionLogic - Connected: true, Product: DJI_MINI_4_PRO, TextureAvailable: false, StreamStarted: false
2025-11-07 13:03:33.768 20655-20655 CameraFeedFragment      com.empowerbits.dronifyit            D  ▶️ onResume
2025-11-07 13:03:33.781 20655-20655 libc                    com.empowerbits.dronifyit            W  Access denied finding property "vendor.display.enable_optimal_refresh_rate"
2025-11-07 13:03:33.776 20655-20655 rbits.dronifyit         com.empowerbits.dronifyit            W  type=1400 audit(0.0:223898): avc:  denied  { read } for  name="u:object_r:vendor_display_prop:s0" dev="tmpfs" ino=462 scontext=u:r:untrusted_app:s0:c22,c258,c512,c768 tcontext=u:object_r:vendor_display_prop:s0 tclass=file permissive=0 app=com.empowerbits.dronifyit
2025-11-07 13:03:33.781 20655-20655 CameraFeedFragment      com.empowerbits.dronifyit            D  🎨 Surface AVAILABLE: 690x420
2025-11-07 13:03:33.981 20655-20655 CameraFeedFragment      com.empowerbits.dronifyit            I  ▶️ Starting camera stream: 690x420
2025-11-07 13:03:33.982 20655-20655 libc                    com.empowerbits.dronifyit            W  Access denied finding property "vendor.display.enable_optimal_refresh_rate"
2025-11-07 13:03:33.984 20655-20655 CameraFeedFragment      com.empowerbits.dronifyit            I  ✅✅✅ Camera stream STARTED successfully
2025-11-07 13:03:35.132 20655-24727 ProxyAndro...gerBackend com.empowerbits.dronifyit            W  Too many Flogger logs received before configuration. Dropping old logs.
2025-11-07 13:03:35.132 20655-24727 ProxyAndro...gerBackend com.empowerbits.dronifyit            W  Too many Flogger logs received before configuration. Dropping old logs.
2025-11-07 13:03:35.183 20655-24727 ProxyAndro...gerBackend com.empowerbits.dronifyit            W  Too many Flogger logs received before configuration. Dropping old logs.
2025-11-07 13:03:35.183 20655-24727 ProxyAndro...gerBackend com.empowerbits.dronifyit            W  Too many Flogger logs received before configuration. Dropping old logs.
2025-11-07 13:03:35.184 20655-24727 ProxyAndro...gerBackend com.empowerbits.dronifyit            W  Too many Flogger logs received before configuration. Dropping old logs.
2025-11-07 13:03:35.184 20655-24727 ProxyAndro...gerBackend com.empowerbits.dronifyit            W  Too many Flogger logs received before configuration. Dropping old logs.
2025-11-07 13:03:35.186 20655-24815 ProxyAndro...gerBackend com.empowerbits.dronifyit            W  Too many Flogger logs received before configuration. Dropping old logs.
2025-11-07 13:03:35.186 20655-24815 ProxyAndro...gerBackend com.empowerbits.dronifyit            W  Too many Flogger logs received before configuration. Dropping old logs.
2025-11-07 13:03:35.187 20655-24727 ProxyAndro...gerBackend com.empowerbits.dronifyit            W  Too many Flogger logs received before configuration. Dropping old logs.
2025-11-07 13:03:35.188 20655-24727 ProxyAndro...gerBackend com.empowerbits.dronifyit            W  Too many Flogger logs received before configuration. Dropping old logs.
2025-11-07 13:03:35.189 20655-24727 ProxyAndro...gerBackend com.empowerbits.dronifyit            W  Too many Flogger logs received before configuration. Dropping old logs.
2025-11-07 13:03:35.189 20655-24727 ProxyAndro...gerBackend com.empowerbits.dronifyit            W  Too many Flogger logs received before configuration. Dropping old logs.
2025-11-07 13:03:35.191 20655-24727 ProxyAndro...gerBackend com.empowerbits.dronifyit            W  Too many Flogger logs received before configuration. Dropping old logs.
2025-11-07 13:03:35.191 20655-24727 ProxyAndro...gerBackend com.empowerbits.dronifyit            W  Too many Flogger logs received before configuration. Dropping old logs.
2025-11-07 13:03:35.192 20655-24815 ProxyAndro...gerBackend com.empowerbits.dronifyit            W  Too many Flogger logs received before configuration. Dropping old logs.
2025-11-07 13:03:35.192 20655-24815 ProxyAndro...gerBackend com.empowerbits.dronifyit            W  Too many Flogger logs received before configuration. Dropping old logs.
2025-11-07 13:03:35.192 20655-24727 ProxyAndro...gerBackend com.empowerbits.dronifyit            W  Too many Flogger logs received before configuration. Dropping old logs.
2025-11-07 13:03:35.192 20655-24727 ProxyAndro...gerBackend com.empowerbits.dronifyit            W  Too many Flogger logs received before configuration. Dropping old logs.
2025-11-07 13:03:35.194 20655-24814 ProxyAndro...gerBackend com.empowerbits.dronifyit            W  Too many Flogger logs received before configuration. Dropping old logs.
2025-11-07 13:03:35.194 20655-24814 ProxyAndro...gerBackend com.empowerbits.dronifyit            W  Too many Flogger logs received before configuration. Dropping old logs.
2025-11-07 13:03:35.198 20655-24815 ProxyAndro...gerBackend com.empowerbits.dronifyit            W  Too many Flogger logs received before configuration. Dropping old logs.
2025-11-07 13:03:35.198 20655-24815 ProxyAndro...gerBackend com.empowerbits.dronifyit            W  Too many Flogger logs received before configuration. Dropping old logs.
2025-11-07 13:03:35.200 20655-24727 ProxyAndro...gerBackend com.empowerbits.dronifyit            W  Too many Flogger logs received before configuration. Dropping old logs.
2025-11-07 13:03:35.200 20655-24727 ProxyAndro...gerBackend com.empowerbits.dronifyit            W  Too many Flogger logs received before configuration. Dropping old logs.
2025-11-07 13:03:35.378 20655-24815 ProxyAndro...gerBackend com.empowerbits.dronifyit            W  Too many Flogger logs received before configuration. Dropping old logs.
2025-11-07 13:03:35.386 20655-24815 ProxyAndro...gerBackend com.empowerbits.dronifyit            W  Too many Flogger logs received before configuration. Dropping old logs.
2025-11-07 13:03:35.393 20655-24727 ProxyAndro...gerBackend com.empowerbits.dronifyit            W  Too many Flogger logs received before configuration. Dropping old logs.
2025-11-07 13:03:35.394 20655-24727 ProxyAndro...gerBackend com.empowerbits.dronifyit            W  Too many Flogger logs received before configuration. Dropping old logs.
2025-11-07 13:03:35.399 20655-24727 ProxyAndro...gerBackend com.empowerbits.dronifyit            W  Too many Flogger logs received before configuration. Dropping old logs.
2025-11-07 13:03:35.400 20655-24727 ProxyAndro...gerBackend com.empowerbits.dronifyit            W  Too many Flogger logs received before configuration. Dropping old logs.
2025-11-07 13:03:35.402 20655-24814 ProxyAndro...gerBackend com.empowerbits.dronifyit            W  Too many Flogger logs received before configuration. Dropping old logs.
2025-11-07 13:03:35.411 20655-24727 ProxyAndro...gerBackend com.empowerbits.dronifyit            W  Too many Flogger logs received before configuration. Dropping old logs.
2025-11-07 13:03:35.411 20655-24814 ProxyAndro...gerBackend com.empowerbits.dronifyit            W  Too many Flogger logs received before configuration. Dropping old logs.
2025-11-07 13:03:35.412 20655-24815 ProxyAndro...gerBackend com.empowerbits.dronifyit            W  Too many Flogger logs received before configuration. Dropping old logs.
2025-11-07 13:03:35.412 20655-24727 ProxyAndro...gerBackend com.empowerbits.dronifyit            W  Too many Flogger logs received before configuration. Dropping old logs.
2025-11-07 13:03:35.413 20655-24814 ProxyAndro...gerBackend com.empowerbits.dronifyit            W  Too many Flogger logs received before configuration. Dropping old logs.
2025-11-07 13:03:35.416 20655-24815 ProxyAndro...gerBackend com.empowerbits.dronifyit            W  Too many Flogger logs received before configuration. Dropping old logs.
2025-11-07 13:03:35.417 20655-24727 ProxyAndro...gerBackend com.empowerbits.dronifyit            W  Too many Flogger logs received before configuration. Dropping old logs.
2025-11-07 13:03:35.421 20655-24815 ProxyAndro...gerBackend com.empowerbits.dronifyit            W  Too many Flogger logs received before configuration. Dropping old logs.
2025-11-07 13:03:35.421 20655-24727 ProxyAndro...gerBackend com.empowerbits.dronifyit            W  Too many Flogger logs received before configuration. Dropping old logs.
2025-11-07 13:03:35.422 20655-24815 ProxyAndro...gerBackend com.empowerbits.dronifyit            W  Too many Flogger logs received before configuration. Dropping old logs.
2025-11-07 13:03:35.423 20655-24815 ProxyAndro...gerBackend com.empowerbits.dronifyit            W  Too many Flogger logs received before configuration. Dropping old logs.
2025-11-07 13:03:35.424 20655-24815 ProxyAndro...gerBackend com.empowerbits.dronifyit            W  Too many Flogger logs received before configuration. Dropping old logs.
2025-11-07 13:03:35.426 20655-24814 ProxyAndro...gerBackend com.empowerbits.dronifyit            W  Too many Flogger logs received before configuration. Dropping old logs.
2025-11-07 13:03:35.427 20655-24727 ProxyAndro...gerBackend com.empowerbits.dronifyit            W  Too many Flogger logs received before configuration. Dropping old logs.
2025-11-07 13:03:35.428 20655-24727 ProxyAndro...gerBackend com.empowerbits.dronifyit            W  Too many Flogger logs received before configuration. Dropping old logs.
2025-11-07 13:03:35.429 20655-24815 ProxyAndro...gerBackend com.empowerbits.dronifyit            W  Too many Flogger logs received before configuration. Dropping old logs.
2025-11-07 13:03:35.498 20655-24727 ProxyAndro...gerBackend com.empowerbits.dronifyit            W  Too many Flogger logs received before configuration. Dropping old logs.
2025-11-07 13:03:35.500 20655-24814 ProxyAndro...gerBackend com.empowerbits.dronifyit            W  Too many Flogger logs received before configuration. Dropping old logs.
2025-11-07 13:03:35.665 20655-24815 ProxyAndro...gerBackend com.empowerbits.dronifyit            W  Too many Flogger logs received before configuration. Dropping old logs.
2025-11-07 13:03:36.204 20655-24147 MSDKInfoVm              com.empowerbits.dronifyit            I  🔍 Polling for product type...
2025-11-07 13:03:36.207 20655-20655 MSDKInfoVm              com.empowerbits.dronifyit            I  📡 Polling result: DJI_MINI_4_PRO
2025-11-07 13:03:36.282 20655-24815 ProxyAndro...gerBackend com.empowerbits.dronifyit            W  Too many Flogger logs received before configuration. Dropping old logs.
2025-11-07 13:03:36.290 20655-24727 ProxyAndro...gerBackend com.empowerbits.dronifyit            W  Too many Flogger logs received before configuration. Dropping old logs.
2025-11-07 13:03:36.291 20655-24815 ProxyAndro...gerBackend com.empowerbits.dronifyit            W  Too many Flogger logs received before configuration. Dropping old logs.
2025-11-07 13:03:36.293 20655-24815 ProxyAndro...gerBackend com.empowerbits.dronifyit            W  Too many Flogger logs received before configuration. Dropping old logs.
2025-11-07 13:03:36.294 20655-24727 ProxyAndro...gerBackend com.empowerbits.dronifyit            W  Too many Flogger logs received before configuration. Dropping old logs.
2025-11-07 13:03:36.296 20655-24814 ProxyAndro...gerBackend com.empowerbits.dronifyit            W  Too many Flogger logs received before configuration. Dropping old logs.
2025-11-07 13:03:36.297 20655-24814 ProxyAndro...gerBackend com.empowerbits.dronifyit            W  Too many Flogger logs received before configuration. Dropping old logs.
2025-11-07 13:03:36.298 20655-24814 ProxyAndro...gerBackend com.empowerbits.dronifyit            W  Too many Flogger logs received before configuration. Dropping old logs.
2025-11-07 13:03:36.298 20655-24814 ProxyAndro...gerBackend com.empowerbits.dronifyit            W  Too many Flogger logs received before configuration. Dropping old logs.
2025-11-07 13:03:36.300 20655-24814 ProxyAndro...gerBackend com.empowerbits.dronifyit            W  Too many Flogger logs received before configuration. Dropping old logs.
2025-11-07 13:03:36.303 20655-24815 ProxyAndro...gerBackend com.empowerbits.dronifyit            W  Too many Flogger logs received before configuration. Dropping old logs.
2025-11-07 13:03:36.305 20655-24814 ProxyAndro...gerBackend com.empowerbits.dronifyit            W  Too many Flogger logs received before configuration. Dropping old logs.
2025-11-07 13:03:36.306 20655-24814 ProxyAndro...gerBackend com.empowerbits.dronifyit            W  Too many Flogger logs received before configuration. Dropping old logs.
2025-11-07 13:03:36.308 20655-24727 ProxyAndro...gerBackend com.empowerbits.dronifyit            W  Too many Flogger logs received before configuration. Dropping old logs.
2025-11-07 13:03:36.309 20655-24815 ProxyAndro...gerBackend com.empowerbits.dronifyit            W  Too many Flogger logs received before configuration. Dropping old logs.
2025-11-07 13:03:36.311 20655-24814 ProxyAndro...gerBackend com.empowerbits.dronifyit            W  Too many Flogger logs received before configuration. Dropping old logs.
2025-11-07 13:03:36.316 20655-24727 ProxyAndro...gerBackend com.empowerbits.dronifyit            W  Too many Flogger logs received before configuration. Dropping old logs.
2025-11-07 13:03:36.317 20655-24814 ProxyAndro...gerBackend com.empowerbits.dronifyit            W  Too many Flogger logs received before configuration. Dropping old logs.
2025-11-07 13:03:36.318 20655-24815 ProxyAndro...gerBackend com.empowerbits.dronifyit            W  Too many Flogger logs received before configuration. Dropping old logs.
2025-11-07 13:03:36.319 20655-24815 ProxyAndro...gerBackend com.empowerbits.dronifyit            W  Too many Flogger logs received before configuration. Dropping old logs.
2025-11-07 13:03:36.319 20655-24814 ProxyAndro...gerBackend com.empowerbits.dronifyit            W  Too many Flogger logs received before configuration. Dropping old logs.
2025-11-07 13:03:36.320 20655-24815 ProxyAndro...gerBackend com.empowerbits.dronifyit            W  Too many Flogger logs received before configuration. Dropping old logs.
2025-11-07 13:03:36.321 20655-24814 ProxyAndro...gerBackend com.empowerbits.dronifyit            W  Too many Flogger logs received before configuration. Dropping old logs.
2025-11-07 13:03:36.322 20655-24814 ProxyAndro...gerBackend com.empowerbits.dronifyit            W  Too many Flogger logs received before configuration. Dropping old logs.
2025-11-07 13:03:36.324 20655-24727 ProxyAndro...gerBackend com.empowerbits.dronifyit            W  Too many Flogger logs received before configuration. Dropping old logs.
2025-11-07 13:03:36.325 20655-24815 ProxyAndro...gerBackend com.empowerbits.dronifyit            W  Too many Flogger logs received before configuration. Dropping old logs.
2025-11-07 13:03:36.326 20655-24727 ProxyAndro...gerBackend com.empowerbits.dronifyit            W  Too many Flogger logs received before configuration. Dropping old logs.
2025-11-07 13:03:36.326 20655-24727 ProxyAndro...gerBackend com.empowerbits.dronifyit            W  Too many Flogger logs received before configuration. Dropping old logs.
2025-11-07 13:03:36.327 20655-24815 ProxyAndro...gerBackend com.empowerbits.dronifyit            W  Too many Flogger logs received before configuration. Dropping old logs.
2025-11-07 13:03:36.330 20655-24814 ProxyAndro...gerBackend com.empowerbits.dronifyit            W  Too many Flogger logs received before configuration. Dropping old logs.
2025-11-07 13:03:36.331 20655-24727 ProxyAndro...gerBackend com.empowerbits.dronifyit            W  Too many Flogger logs received before configuration. Dropping old logs.
2025-11-07 13:03:36.376 20655-24727 ProxyAndro...gerBackend com.empowerbits.dronifyit            W  Too many Flogger logs received before configuration. Dropping old logs.
2025-11-07 13:03:41.205 20655-24147 MSDKInfoVm              com.empowerbits.dronifyit            I  🔍 Polling for product type...
2025-11-07 13:03:41.207 20655-20655 MSDKInfoVm              com.empowerbits.dronifyit            I  📡 Polling result: DJI_MINI_4_PRO
2025-11-07 13:03:46.204 20655-24147 MSDKInfoVm              com.empowerbits.dronifyit            I  🔍 Polling for product type...
2025-11-07 13:03:46.206 20655-20655 MSDKInfoVm              com.empowerbits.dronifyit            I  📡 Polling result: DJI_MINI_4_PRO
2025-11-07 13:03:51.205 20655-24147 MSDKInfoVm              com.empowerbits.dronifyit            I  🔍 Polling for product type...
2025-11-07 13:03:51.206 20655-20655 MSDKInfoVm              com.empowerbits.dronifyit            I  📡 Polling result: DJI_MINI_4_PRO
2025-11-07 13:03:51.368 20655-20655 MSDKInfoVm              com.empowerbits.dronifyit            I  🔄 PRODUCT TYPE CHANGE DETECTED!
2025-11-07 13:03:51.368 20655-20655 MSDKInfoVm              com.empowerbits.dronifyit            I     Old Value: DJI_MINI_4_PRO
2025-11-07 13:03:51.368 20655-20655 MSDKInfoVm              com.empowerbits.dronifyit            I     New Value: UNRECOGNIZED
2025-11-07 13:03:51.368 20655-20655 MSDKInfoVm              com.empowerbits.dronifyit            I  🚁 VALID PRODUCT TYPE DETECTED: UNRECOGNIZED
2025-11-07 13:03:51.368 20655-20655 MSDKInfoVm              com.empowerbits.dronifyit            I  ✅ Product type updated successfully: UNRECOGNIZED
2025-11-07 13:03:51.373 20655-20655 TelemetryService        com.empowerbits.dronifyit            V  Battery charge changed: 0%
2025-11-07 13:03:51.379 20655-20655 TelemetryDisplayManager com.empowerbits.dronifyit            V  Battery level updated: 0% (WaypointActivity)
2025-11-07 13:03:56.205 20655-24147 MSDKInfoVm              com.empowerbits.dronifyit            I  🔍 Polling for product type...
2025-11-07 13:03:56.207 20655-20655 MSDKInfoVm              com.empowerbits.dronifyit            I  📡 Polling result: UNRECOGNIZED
2025-11-07 13:03:57.051 20655-20655 CameraFeedFragment      com.empowerbits.dronifyit            D  ⏸️ onPause
2025-11-07 13:03:57.051 20655-20655 CameraFeedFragment      com.empowerbits.dronifyit            I  ⏹️ Stopping camera stream
2025-11-07 13:03:57.052 20655-24093 V5_LIVE_VIEW            com.empowerbits.dronifyit            E  removeSurface： Surface(name=android.graphics.SurfaceTexture@7e6e3e5 mNativeObject=-5476376663965760544)/@0xedcfeba  currentSize = 0 
2025-11-07 13:03:57.054 20655-20655 CameraFeedFragment      com.empowerbits.dronifyit            I  ✅ Video stream stopped
2025-11-07 13:03:57.071 20655-20655 Eagle Eye               com.empowerbits.dronifyit            D  🏷️ Getting drone name for ProductType: UNRECOGNIZED
2025-11-07 13:03:57.071 20655-20655 MainActivity            com.empowerbits.dronifyit            D  📡 Connection Update - Drone: true, ProductType: UNRECOGNIZED, DroneName: Unknown Drone
2025-11-07 13:03:57.071 20655-20655 MainActivity            com.empowerbits.dronifyit            I  ✅ DRONE CONNECTED - Product: Unknown Drone (UNRECOGNIZED)
2025-11-07 13:03:57.072 20655-20655 ConnectionStateManager  com.empowerbits.dronifyit            D  📡 Connection state updated - Connected: true, Type: UNRECOGNIZED, Name: Unknown Drone
2025-11-07 13:03:57.076 20655-20655 MSDKInfoVm              com.empowerbits.dronifyit            I  🔄 FORCE REFRESH: Manually checking product type...
2025-11-07 13:03:57.076 20655-20655 MSDKInfoVm              com.empowerbits.dronifyit            I  ⚡ Performing immediate product type check...
2025-11-07 13:03:57.076 20655-20655 MSDKInfoVm              com.empowerbits.dronifyit            I  🔍 Polling for product type...
2025-11-07 13:03:57.076 20655-20655 rbits.dronifyit         com.empowerbits.dronifyit            W  type=1400 audit(0.0:223910): avc:  denied  { read } for  name="u:object_r:vendor_display_prop:s0" dev="tmpfs" ino=462 scontext=u:r:untrusted_app:s0:c22,c258,c512,c768 tcontext=u:object_r:vendor_display_prop:s0 tclass=file permissive=0 app=com.empowerbits.dronifyit
2025-11-07 13:03:57.079 20655-20655 WaypointActivity        com.empowerbits.dronifyit            D  🔗 Connection state changed: true
2025-11-07 13:03:57.080 20655-20655 CameraFeedFragment      com.empowerbits.dronifyit            D  🔗 Connection state changed: true
2025-11-07 13:03:57.080 20655-20655 CameraFeedFragment      com.empowerbits.dronifyit            D  🔄 updateConnectionLogic - Connected: true, Product: DJI_MINI_4_PRO, TextureAvailable: true, StreamStarted: false
2025-11-07 13:03:57.080 20655-20655 CameraFeedFragment      com.empowerbits.dronifyit            I  ▶️ Conditions met - starting stream
2025-11-07 13:03:57.080 20655-20655 CameraFeedFragment      com.empowerbits.dronifyit            I  ▶️ Starting camera stream: 690x420
2025-11-07 13:03:57.080 20655-20655 libc                    com.empowerbits.dronifyit            W  Access denied finding property "vendor.display.enable_optimal_refresh_rate"
2025-11-07 13:03:57.086 20655-20655 CameraFeedFragment      com.empowerbits.dronifyit            I  ✅✅✅ Camera stream STARTED successfully
2025-11-07 13:03:57.086 20655-20655 CameraFeedFragment      com.empowerbits.dronifyit            D  🚁 Product type changed: UNRECOGNIZED
2025-11-07 13:03:57.086 20655-20655 CameraFeedFragment      com.empowerbits.dronifyit            D  🔄 updateConnectionLogic - Connected: true, Product: UNRECOGNIZED, TextureAvailable: true, StreamStarted: true
2025-11-07 13:03:57.097 20655-20655 ViewRootImpl            com.empowerbits.dronifyit            D  AppSizeAfterRelayout, size: Point(1260, 2800), rotation: ROTATION_0
2025-11-07 13:03:57.098 20655-20655 libc                    com.empowerbits.dronifyit            W  Access denied finding property "vendor.display.enable_optimal_refresh_rate"
2025-11-07 13:03:57.096 20655-20655 rbits.dronifyit         com.empowerbits.dronifyit            W  type=1400 audit(0.0:223911): avc:  denied  { read } for  name="u:object_r:vendor_display_prop:s0" dev="tmpfs" ino=462 scontext=u:r:untrusted_app:s0:c22,c258,c512,c768 tcontext=u:object_r:vendor_display_prop:s0 tclass=file permissive=0 app=com.empowerbits.dronifyit
2025-11-07 13:03:57.111 20655-20655 MSDKInfoVm              com.empowerbits.dronifyit            I  📡 Polling result: UNRECOGNIZED
